file:///home/sid/Penn%20Digital%20Services/DayFrame/docs/implementation/phase-9/evidence/task-9.29.2/browser-driver-RESULT.mjs:42
  throw Error(
        ^

Error: Timed out: [...document.querySelectorAll('button')].some(e=>e.textContent.startsWith('Publish schedule:')&&!e.disabled)
DayFrame
Planner
Summary
Planner / Review Plan
Back
Settings and data
Planner
Calendar
My Schedule
Goals
Review Plan
Selected day: 2026-09-24
Today
Review Plan
Generate Schedule

Finish setup before generating a schedule:

Add or include at least one block template.

REVIEW WORKFLOW

Review readiness

2026-09-17 through 2026-09-18 (exclusive)

Planning data
unknown
Preview coverage
doesNotCover
Preview freshness
unavailable
Schedule conflicts
0
Accepted awaiting realization
0
Proposals
0
Not ready to publish
Planning-data coverage is unknown for this period.
Generate a Preview for this review period.

No publication exists for this period.

Generate Preview
Publish schedule: 2026-09-17–2026-09-18 (exclusive)

No actionable Proposal intersects this Review Scope.

Schedule details

No schedule generated yet.

Generate a schedule to review work, placed commitments, and anything that still needs attention.
    at until (file:///home/sid/Penn%20Digital%20Services/DayFrame/docs/implementation/phase-9/evidence/task-9.29.2/browser-driver-RESULT.mjs:42:9)
    at async review (file:///home/sid/Penn%20Digital%20Services/DayFrame/docs/implementation/phase-9/evidence/task-9.29.2/browser-driver-RESULT.mjs:162:128)
    at async file:///home/sid/Penn%20Digital%20Services/DayFrame/docs/implementation/phase-9/evidence/task-9.29.2/browser-driver-RESULT.mjs:167:70

Node.js v22.23.2
