npm notice run dayframe@0.1.0 build
npm notice run tsc --noEmit && vite build
vite v8.0.10 building client environment for production...
[2Ktransforming...✓ 221 modules transformed.
rendering chunks...
computing gzip size...
dist/index.html                                                1.09 kB │ gzip:   0.44 kB
dist/.vite/manifest.json                                      25.86 kB │ gzip:   3.21 kB
dist/assets/index-D5PviTJe.css                                37.62 kB │ gzip:   7.03 kB
dist/assets/publicationReceipt-eQQQgln4.js                     0.08 kB │ gzip:   0.09 kB
dist/assets/dayFrameRuntimeAuthority-xpXPkD2o.js               0.10 kB │ gzip:   0.12 kB
dist/assets/useGoalEditingState-C7mcpKpp.js                    0.17 kB │ gzip:   0.16 kB
dist/assets/rolldown-runtime-9SAPJn0b.js                       0.22 kB │ gzip:   0.19 kB
dist/assets/capacityFingerprint-D6Kh-Up0.js                    0.38 kB │ gzip:   0.29 kB
dist/assets/evidence-DHY_KNS4.js                               0.40 kB │ gzip:   0.29 kB
dist/assets/useGoalPresentationState-CapqR4RD.js               0.47 kB │ gzip:   0.32 kB
dist/assets/DurationFields-DvLXToIA.js                         0.72 kB │ gzip:   0.39 kB
dist/assets/userDay-BjAk0cL3.js                                0.78 kB │ gzip:   0.41 kB
dist/assets/publicationEligibility-Can92lCy.js                 0.83 kB │ gzip:   0.38 kB
dist/assets/dayFrameBackupV10-DfhNaGRK.js                      1.13 kB │ gzip:   0.58 kB
dist/assets/reviewScope-Dn8ncy08.js                            1.29 kB │ gzip:   0.63 kB
dist/assets/dayFrameBackupV9-ZCaa5t-N.js                       1.38 kB │ gzip:   0.71 kB
dist/assets/productEvidenceSources-DecSXt7Y.js                 1.49 kB │ gzip:   0.69 kB
dist/assets/dayFrameBackupV13-liotW68W.js                      1.69 kB │ gzip:   0.74 kB
dist/assets/dayFrameBackupV12-DiXfsbl1.js                      1.70 kB │ gzip:   0.79 kB
dist/assets/schedulingRealization-DdbGPVl4.js                  1.75 kB │ gzip:   0.76 kB
dist/assets/dayFrameBackupV8-svriTASQ.js                       1.77 kB │ gzip:   0.78 kB
dist/assets/dayFrameBackupV14-C84IkdGH.js                      1.77 kB │ gzip:   0.76 kB
dist/assets/dayFrameBackupV11-COBiXost.js                      1.78 kB │ gzip:   0.78 kB
dist/assets/todayQuery-C6TQM4iQ.js                             1.82 kB │ gzip:   0.79 kB
dist/assets/sleepExecutionCommand-CR14qy27.js                  2.00 kB │ gzip:   0.86 kB
dist/assets/MyScheduleSurface-C28guSX2.js                      2.52 kB │ gzip:   1.03 kB
dist/assets/schedulePublication-D7FUVSRe.js                    2.57 kB │ gzip:   0.99 kB
dist/assets/sleepHistoryQuery-BLH2rcQ9.js                      2.89 kB │ gzip:   1.18 kB
dist/assets/allocationSurface-xZeuVUFU.js                      2.93 kB │ gzip:   0.90 kB
dist/assets/capacitySurface-E_nXkx-7.js                        3.08 kB │ gzip:   1.31 kB
dist/assets/goalDemandProjectionQuery-BNV_n-Qw.js              3.24 kB │ gzip:   1.22 kB
dist/assets/planningResultCopy-32X48U7X.js                     3.52 kB │ gzip:   1.43 kB
dist/assets/acceptedAllocationRealization-BcjrkN6d.js          3.54 kB │ gzip:   1.35 kB
dist/assets/planningFoundation-BRbpxPhz.js                     3.72 kB │ gzip:   1.48 kB
dist/assets/acceptedPlanningSummaryPresentation-a2lF-a2V.js    3.83 kB │ gzip:   1.51 kB
dist/assets/dayFrameBackupV7-lkJBpXoT.js                       3.86 kB │ gzip:   0.97 kB
dist/assets/sleepRequirement-BF3kSIge.js                       4.03 kB │ gzip:   1.64 kB
dist/assets/buildTodayReadModel-Ccd1zl5c.js                    4.13 kB │ gzip:   1.51 kB
dist/assets/competingDemand-4IdlIbwo.js                        4.21 kB │ gzip:   1.54 kB
dist/assets/completionDistribution-DvyPVCYc.js                 4.36 kB │ gzip:   1.69 kB
dist/assets/planningScopeQuery-BzlI8t5t.js                     4.51 kB │ gzip:   1.76 kB
dist/assets/goalStructureTemporal-D63LPyO-.js                  4.73 kB │ gzip:   1.73 kB
dist/assets/plannerReviewPresentation-OHzNWy80.js              4.79 kB │ gzip:   1.64 kB
dist/assets/goalActivity-ByVXeLge.js                           4.87 kB │ gzip:   1.86 kB
dist/assets/realizationSurface-Dj3wSKnD.js                     4.99 kB │ gzip:   1.62 kB
dist/assets/goalFeasibility-BSD8vVTU.js                        5.66 kB │ gzip:   2.03 kB
dist/assets/DayOutcomeControl-D0SEyyVj.js                      5.97 kB │ gzip:   2.16 kB
dist/assets/LegacySleepConversionSection-CR3F9cbX.js           6.55 kB │ gzip:   2.29 kB
dist/assets/dayFrameDurableDb-Dt7pkWWV.js                      6.69 kB │ gzip:   2.32 kB
dist/assets/selectedDayEvidenceQuery-CmhVrcl8.js               7.28 kB │ gzip:   2.55 kB
dist/assets/allocation-DQWo4d6y.js                             7.36 kB │ gzip:   2.54 kB
dist/assets/legacySleepConversion-D6fD8xmC.js                  7.37 kB │ gzip:   2.71 kB
dist/assets/capacity-BU4gdTHz.js                               7.42 kB │ gzip:   2.39 kB
dist/assets/goalDemand-C4zxm2dW.js                             7.46 kB │ gzip:   2.54 kB
dist/assets/compositionSurface-KZ0Ac0li.js                     8.27 kB │ gzip:   2.89 kB
dist/assets/deriveFoundationalSchedule-BvhPkI5r.js             8.30 kB │ gzip:   2.97 kB
dist/assets/GoalRecordedInspection-frlTRpdH.js                 8.61 kB │ gzip:   3.31 kB
dist/assets/goalStructureSurface-B9CsuHkJ.js                   8.78 kB │ gzip:   2.69 kB
dist/assets/acceptedPlanningEvidenceQuery-kAum-4YP.js          8.90 kB │ gzip:   2.67 kB
dist/assets/proposalSurface-BHgmBJm9.js                        9.03 kB │ gzip:   3.02 kB
dist/assets/goalStructure-P5Bk0tWu.js                          9.06 kB │ gzip:   2.71 kB
dist/assets/SleepRequirementSection-D7_90Hz8.js                9.60 kB │ gzip:   3.20 kB
dist/assets/goalPlanningSurface-DwbJ-LVG.js                   10.03 kB │ gzip:   3.01 kB
dist/assets/commitmentComposition-vn3W6WX3.js                 10.79 kB │ gzip:   3.64 kB
dist/assets/queryMonthlyPlanner-KU1KxhoU.js                   10.83 kB │ gzip:   3.79 kB
dist/assets/demandResourceFootprint-hmVg29OQ.js               11.31 kB │ gzip:   3.36 kB
dist/assets/materializePlanPublication-DRqOXXTN.js            12.32 kB │ gzip:   3.61 kB
dist/assets/AcceptedPlanningSummary-DPzBJO-S.js               12.91 kB │ gzip:   3.69 kB
dist/assets/ScheduleReviewPanel-CCn44uWm.js                   13.30 kB │ gzip:   4.20 kB
dist/assets/proposal-CT93T8zS.js                              13.85 kB │ gzip:   4.06 kB
dist/assets/GoalAcceptedPlanningSection-BfXx1aal.js           15.19 kB │ gzip:   4.71 kB
dist/assets/DayWorksurface-VEZxtzK1.js                        15.58 kB │ gzip:   4.85 kB
dist/assets/resolveRequiredSleep-XLMkhFoG.js                  18.42 kB │ gzip:   5.75 kB
dist/assets/HistoricalIntelligenceSummary-DR2VeFry.js         18.79 kB │ gzip:   5.04 kB
dist/assets/MonthlyPlannerSurface-BK0n0Wdd.js                 19.20 kB │ gzip:   5.33 kB
dist/assets/GoalActivitySummary-Bo9JCeiG.js                   19.56 kB │ gzip:   5.65 kB
dist/assets/GoalStructureSection-gYVYjafh.js                  20.24 kB │ gzip:   6.45 kB
dist/assets/GoalPlanningSection-D3I5OHG8.js                   22.61 kB │ gzip:   7.11 kB
dist/assets/PreviewScreen-09AneXRS.js                         23.37 kB │ gzip:   6.03 kB
dist/assets/backupTransferSurface-Sc82KZMJ.js                 23.79 kB │ gzip:   3.57 kB
dist/assets/dayFrameRestoreComposition-B31eaoI7.js            34.71 kB │ gzip:   7.41 kB
dist/assets/GoalSection-BR55XYC7.js                           36.24 kB │ gzip:   9.36 kB
dist/assets/SetupScreen-l4DHiPhp.js                           62.65 kB │ gzip:  13.25 kB
dist/assets/vendor-react-BiBT4RTg.js                         189.63 kB │ gzip:  59.64 kB
dist/assets/index-BAli2YN2.js                                431.35 kB │ gzip: 102.85 kB

✓ built in 272ms
