npm notice run dayframe@0.1.0 check:bundle
npm notice run node scripts/check-bundle.mjs
{
  "initialFiles": [
    "assets/index-DBpAAkmt.js",
    "assets/vendor-react-BiBT4RTg.js",
    "assets/rolldown-runtime-9SAPJn0b.js",
    "assets/sleepRequirement-BF3kSIge.js",
    "assets/capacityFingerprint-D6Kh-Up0.js",
    "assets/userDay-BjAk0cL3.js",
    "assets/dayFrameDurableDb-Dt7pkWWV.js",
    "assets/dayFrameRuntimeAuthority-xpXPkD2o.js",
    "assets/publicationReceipt-eQQQgln4.js"
  ],
  "lazyFiles": [
    "assets/DurationFields-DvLXToIA.js",
    "assets/GoalActivitySummary-wbeEibpH.js",
    "assets/acceptedAllocationRealization-B4G41MUM.js",
    "assets/acceptedPlanningSummaryPresentation-a2lF-a2V.js",
    "assets/buildTodayReadModel-Ccd1zl5c.js",
    "assets/commitmentComposition-vn3W6WX3.js",
    "assets/completionDistribution-DGUA5JyX.js",
    "assets/dayFrameBackupV10-BT4avWu4.js",
    "assets/dayFrameBackupV11-BC0NuoAF.js",
    "assets/dayFrameBackupV12-CPlzhhMm.js",
    "assets/dayFrameBackupV7-GHtozAwZ.js",
    "assets/dayFrameBackupV8-ChU1Rzed.js",
    "assets/dayFrameBackupV9-LobrZuZi.js",
    "assets/demandResourceFootprint-HwRT146w.js",
    "assets/deriveFoundationalSchedule-CuKyOhRc.js",
    "assets/evidence-DVq1PKU7.js",
    "assets/goalActivity-CeVtbvVn.js",
    "assets/goalDemand-PNzrKZSP.js",
    "assets/goalStructure-CeRL-Gjc.js",
    "assets/goalStructureTemporal-CTzv9ZZJ.js",
    "assets/legacySleepConversion-D18swUbE.js",
    "assets/materializePlanPublication-azuER70P.js",
    "assets/plannerReviewPresentation-D0Rvp1ej.js",
    "assets/planningFoundation-Dk8lth6e.js",
    "assets/planningResultCopy-32X48U7X.js",
    "assets/productEvidenceSources-CnRtzUeD.js",
    "assets/proposal-CT93T8zS.js",
    "assets/publicationEligibility-Can92lCy.js",
    "assets/queryMonthlyPlanner-Ca8_kO0X.js",
    "assets/resolveRequiredSleep-BLjypQaa.js",
    "assets/reviewScope-CPki3mG6.js",
    "assets/useGoalEditingState-C7mcpKpp.js",
    "assets/useGoalPresentationState-PkLIPXCC.js",
    "assets/schedulingRealization-_IrTjw0e.js",
    "assets/allocation-DQWo4d6y.js",
    "assets/capacity-DbLpwZrI.js",
    "assets/competingDemand-4IdlIbwo.js",
    "assets/goalFeasibility-DAkO6JoL.js",
    "assets/acceptedPlanningEvidenceQuery-V1o_1MIo.js",
    "assets/allocationSurface-DQdD_DJg.js",
    "assets/backupTransferSurface-DgBPCraH.js",
    "assets/capacitySurface-DzDZSCK0.js",
    "assets/compositionSurface-Ck5wiZgF.js",
    "assets/dayFrameBackupV13-Dg2lOcQ8.js",
    "assets/dayFrameBackupV14-Mx_j4foG.js",
    "assets/dayFrameRestoreComposition-z8GwqNsE.js",
    "assets/goalDemandProjectionQuery-D7cCt2FQ.js",
    "assets/goalPlanningSurface-C0tdIOXb.js",
    "assets/goalStructureSurface-DoMWlzwJ.js",
    "assets/planningScopeQuery-NN1bTSp0.js",
    "assets/proposalSurface-BHgmBJm9.js",
    "assets/realizationSurface-CeSHvIqi.js",
    "assets/schedulePublication-DhepqB6-.js",
    "assets/selectedDayEvidenceQuery-wwwsWyvU.js",
    "assets/sleepExecutionCommand-Cb8nsq7G.js",
    "assets/sleepHistoryQuery-Br7vCjRO.js",
    "assets/todayQuery-BvnDch1H.js",
    "assets/AcceptedPlanningSummary-BosC1i0t.js",
    "assets/DayOutcomeControl-D0SEyyVj.js",
    "assets/DayWorksurface-C84OHY-y.js",
    "assets/GoalAcceptedPlanningSection-BP7UuQXd.js",
    "assets/GoalPlanningSection-7lj0-ryZ.js",
    "assets/GoalRecordedInspection-AXCIDhla.js",
    "assets/GoalSection-7VW31S2U.js",
    "assets/GoalStructureSection-gYVYjafh.js",
    "assets/HistoricalIntelligenceSummary-7RT3LwTv.js",
    "assets/LegacySleepConversionSection-BOipmUsX.js",
    "assets/MonthlyPlannerSurface-CrDerjqa.js",
    "assets/MyScheduleSurface-C28guSX2.js",
    "assets/PreviewScreen-CLktPhvm.js",
    "assets/ScheduleReviewPanel-DEsY1Frc.js",
    "assets/SetupScreen-g41HAG9v.js",
    "assets/SleepRequirementSection-Cuys-bxf.js"
  ],
  "initialBytes": 633036,
  "initialGzip": 166177,
  "largestLazy": 62657,
  "totalBytes": 1279133,
  "policy": {
    "hard": {
      "initialBytes": 685000,
      "initialGzip": 170000,
      "largestLazy": 100000
    },
    "warning": {
      "initialBytes": 650000,
      "initialGzip": 161500,
      "largestLazy": 80000
    },
    "total": {
      "warning": 800000,
      "architectureReview": 825000
    }
  },
  "warnings": [
    {
      "kind": "headroom",
      "name": "initialGzip",
      "threshold": 161500,
      "value": 166177
    },
    {
      "kind": "architecture-review",
      "name": "totalBytes",
      "threshold": 825000,
      "value": 1279133
    }
  ]
}
Bundle policy warning: initialGzip is 166177 bytes (threshold 161500; headroom).
Bundle policy warning: totalBytes is 1279133 bytes (threshold 825000; architecture-review).
