npm notice run dayframe@0.1.0 npx
npm notice run 'prettier' --write code/src/ui/ScheduleReviewPanel.tsx code/src/ui/DayFrameApp.tsx code/src/ui/dayFrameUi.css code/src/state/historicalPlanSurface.ts code/src/state/dayFrameAuthorityTransaction.test.ts code/src/state/publicationReceipt.ts code/src/state/dayFrameAuthorityTransaction.ts code/src/state/publicationReplacementIsolation.test.ts code/src/state/historicalPlanLifecycle.test.ts code/src/state/dayFrameStore.ts code/src/state/dayFrameRestoreComposition.ts code/src/state/schedulePublication.ts code/src/state/types.ts code/src/state/dayFrameRuntimeAuthority.ts code/src/infrastructure/storage/indexedDbCollectionStorage.ts code/src/infrastructure/storage/indexedDbCollectionStorage.test.ts code/src/infrastructure/restore/restoreCoordinator.ts code/src/ui/tests/ScheduleReviewPanel.test.tsx code/src/ui/tests/PublicationReplacementFeedback.test.tsx
code/src/ui/ScheduleReviewPanel.tsx 136ms (unchanged)
code/src/ui/DayFrameApp.tsx 471ms
code/src/ui/dayFrameUi.css 201ms (unchanged)
code/src/state/historicalPlanSurface.ts 134ms
code/src/state/dayFrameAuthorityTransaction.test.ts 11ms (unchanged)
code/src/state/publicationReceipt.ts 3ms (unchanged)
code/src/state/dayFrameAuthorityTransaction.ts 11ms (unchanged)
code/src/state/publicationReplacementIsolation.test.ts 64ms
code/src/state/historicalPlanLifecycle.test.ts 39ms
code/src/state/dayFrameStore.ts 351ms (unchanged)
code/src/state/dayFrameRestoreComposition.ts 65ms (unchanged)
code/src/state/schedulePublication.ts 24ms (unchanged)
code/src/state/types.ts 95ms (unchanged)
code/src/state/dayFrameRuntimeAuthority.ts 8ms (unchanged)
code/src/infrastructure/storage/indexedDbCollectionStorage.ts 31ms (unchanged)
code/src/infrastructure/storage/indexedDbCollectionStorage.test.ts 45ms (unchanged)
code/src/infrastructure/restore/restoreCoordinator.ts 38ms (unchanged)
code/src/ui/tests/ScheduleReviewPanel.test.tsx 18ms (unchanged)
code/src/ui/tests/PublicationReplacementFeedback.test.tsx 7ms
