
> dayframe@0.1.0 build
> tsc --noEmit && vite build

vite v8.0.10 building client environment for production...
[2Ktransforming...✓ 227 modules transformed.
rendering chunks...
computing gzip size...
dist/index.html                                                1.17 kB │ gzip:   0.46 kB
dist/.vite/manifest.json                                      26.83 kB │ gzip:   3.32 kB
dist/assets/index-CRhQ-PuB.css                                37.64 kB │ gzip:   7.03 kB
dist/assets/publicationReceipt-BWttTpMK.js                     0.08 kB │ gzip:   0.09 kB
dist/assets/dayFrameRuntimeAuthority-C8FwZEVm.js               0.10 kB │ gzip:   0.12 kB
dist/assets/useGoalEditingState-D4heSRcz.js                    0.17 kB │ gzip:   0.16 kB
dist/assets/sourceObservation-DZWfJVi7.js                      0.19 kB │ gzip:   0.15 kB
dist/assets/rolldown-runtime-9SAPJn0b.js                       0.22 kB │ gzip:   0.19 kB
dist/assets/capacityFingerprint-D6Kh-Up0.js                    0.38 kB │ gzip:   0.29 kB
dist/assets/evidence-DY8aDLrT.js                               0.40 kB │ gzip:   0.29 kB
dist/assets/useGoalPresentationState-LClDK-Ya.js               0.47 kB │ gzip:   0.32 kB
dist/assets/DurationFields-L6sAQna_.js                         0.72 kB │ gzip:   0.39 kB
dist/assets/userDay-BjAk0cL3.js                                0.78 kB │ gzip:   0.41 kB
dist/assets/acceptancePersistence-B-q-bE6W.js                  0.98 kB │ gzip:   0.50 kB
dist/assets/dayFrameBackupV10-Bokn8p3J.js                      1.13 kB │ gzip:   0.58 kB
dist/assets/reviewScope-B4zeEWqL.js                            1.29 kB │ gzip:   0.63 kB
dist/assets/publicationEligibility-DuaCq6Qt.js                 1.29 kB │ gzip:   0.52 kB
dist/assets/dayFrameBackupV9-Dvkvq3OC.js                       1.38 kB │ gzip:   0.70 kB
dist/assets/productEvidenceSources-kj-_NGkA.js                 1.49 kB │ gzip:   0.69 kB
dist/assets/dayFrameBackupV13-CrCJS5g3.js                      1.69 kB │ gzip:   0.74 kB
dist/assets/dayFrameBackupV12-Dku7U9LR.js                      1.70 kB │ gzip:   0.79 kB
dist/assets/schedulingRealization-Dme3_LDx.js                  1.75 kB │ gzip:   0.76 kB
dist/assets/dayFrameBackupV8-BvPiaCIh.js                       1.77 kB │ gzip:   0.78 kB
dist/assets/dayFrameBackupV14-DVVeDKiN.js                      1.77 kB │ gzip:   0.76 kB
dist/assets/dayFrameBackupV11-B_QV_IQX.js                      1.78 kB │ gzip:   0.77 kB
dist/assets/todayQuery-DrXRNNbN.js                             1.82 kB │ gzip:   0.78 kB
dist/assets/sleepExecutionCommand-D1-suWrU.js                  2.00 kB │ gzip:   0.85 kB
dist/assets/MyScheduleSurface-hCdPNTXT.js                      2.52 kB │ gzip:   1.03 kB
dist/assets/sleepHistoryQuery-BpsqRoB_.js                      2.89 kB │ gzip:   1.18 kB
dist/assets/allocationSurface-DAdFr26G.js                      2.93 kB │ gzip:   0.90 kB
dist/assets/schedulePublication-DaAURddE.js                    3.12 kB │ gzip:   1.16 kB
dist/assets/capacitySurface-CAVBbEeM.js                        3.13 kB │ gzip:   1.33 kB
dist/assets/goalDemandProjectionQuery-CQobmakw.js              3.24 kB │ gzip:   1.22 kB
dist/assets/acceptedAllocationRealization-C4HjwsHX.js          3.54 kB │ gzip:   1.35 kB
dist/assets/planningFoundation-CTHodyXv.js                     3.72 kB │ gzip:   1.48 kB
dist/assets/acceptedPlanningSummaryPresentation-BPAfgzV-.js    3.83 kB │ gzip:   1.51 kB
dist/assets/dayFrameBackupV7-BCrBai15.js                       3.86 kB │ gzip:   0.92 kB
dist/assets/sleepRequirement-BF3kSIge.js                       4.03 kB │ gzip:   1.64 kB
dist/assets/buildTodayReadModel-CSd2xv63.js                    4.13 kB │ gzip:   1.51 kB
dist/assets/competingDemand-Te6OCPQc.js                        4.21 kB │ gzip:   1.54 kB
dist/assets/completionDistribution-DFeQhs-H.js                 4.36 kB │ gzip:   1.69 kB
dist/assets/planningResultCopy-C4xNy7oX.js                     4.37 kB │ gzip:   1.72 kB
dist/assets/goalStructureTemporal-DS5I0CXz.js                  4.73 kB │ gzip:   1.72 kB
dist/assets/goalActivity-CC_swaf0.js                           4.87 kB │ gzip:   1.86 kB
dist/assets/reviewSourceQualification-BkRUt6A_.js              5.42 kB │ gzip:   1.76 kB
dist/assets/goalFeasibility-CoDXvDV3.js                        5.66 kB │ gzip:   2.03 kB
dist/assets/planningScopeQuery-D_Srsk3T.js                     5.71 kB │ gzip:   2.14 kB
dist/assets/DayOutcomeControl-CBFVVAGV.js                      5.97 kB │ gzip:   2.16 kB
dist/assets/LegacySleepConversionSection-BkVHmzh9.js           6.55 kB │ gzip:   2.29 kB
dist/assets/dayFrameDurableDb-DcuK9h2j.js                      6.69 kB │ gzip:   2.32 kB
dist/assets/selectedDayEvidenceQuery-1epq-xxE.js               7.28 kB │ gzip:   2.55 kB
dist/assets/allocation-Co3NPcgx.js                             7.36 kB │ gzip:   2.54 kB
dist/assets/legacySleepConversion-DUXG3u2F.js                  7.37 kB │ gzip:   2.71 kB
dist/assets/capacity-fDk1v9y2.js                               7.42 kB │ gzip:   2.39 kB
dist/assets/goalDemand-DjjAv0Bn.js                             7.46 kB │ gzip:   2.54 kB
dist/assets/realizationSurface-BlGzqdLH.js                     7.93 kB │ gzip:   2.57 kB
dist/assets/compositionSurface-_OCWR6oR.js                     8.41 kB │ gzip:   2.93 kB
dist/assets/GoalRecordedInspection-CNn_x6g9.js                 8.61 kB │ gzip:   3.32 kB
dist/assets/goalStructureSurface-C-5nR7nt.js                   8.78 kB │ gzip:   2.69 kB
dist/assets/acceptedPlanningEvidenceQuery-pF7FdAYa.js          8.90 kB │ gzip:   2.67 kB
dist/assets/goalStructure-CGgGxN0J.js                          9.06 kB │ gzip:   2.71 kB
dist/assets/deriveFoundationalSchedule-DKi1he_Z.js             9.33 kB │ gzip:   3.28 kB
dist/assets/plannerReviewPresentation-BhUrbyjc.js              9.63 kB │ gzip:   3.12 kB
dist/assets/SleepRequirementSection-CGWQPFJz.js                9.64 kB │ gzip:   3.23 kB
dist/assets/goalPlanningSurface-DJr3Nw6a.js                   10.07 kB │ gzip:   3.03 kB
dist/assets/commitmentComposition-l--F6Y1E.js                 10.79 kB │ gzip:   3.64 kB
dist/assets/queryMonthlyPlanner-BKZicyxa.js                   10.83 kB │ gzip:   3.79 kB
dist/assets/demandResourceFootprint-DemAy4eR.js               11.31 kB │ gzip:   3.36 kB
dist/assets/materializePlanPublication-XFgI-PiC.js            12.32 kB │ gzip:   3.64 kB
dist/assets/proposalSurface-Be9NPsmV.js                       12.66 kB │ gzip:   4.12 kB
dist/assets/AcceptedPlanningSummary-CMZUmRfV.js               12.91 kB │ gzip:   3.69 kB
dist/assets/ScheduleReviewPanel-CqZC3WOG.js                   13.29 kB │ gzip:   4.19 kB
dist/assets/proposal-DoyXw1tY.js                              13.85 kB │ gzip:   4.06 kB
dist/assets/GoalAcceptedPlanningSection-CKCJwS3m.js           15.19 kB │ gzip:   4.71 kB
dist/assets/DayWorksurface-Ce6HeTo7.js                        15.58 kB │ gzip:   4.85 kB
dist/assets/resolveRequiredSleep-jWGkBnOC.js                  18.42 kB │ gzip:   5.75 kB
dist/assets/HistoricalIntelligenceSummary-60DHBIhv.js         18.79 kB │ gzip:   5.03 kB
dist/assets/GoalActivitySummary-BiidKBlZ.js                   19.56 kB │ gzip:   5.64 kB
dist/assets/MonthlyPlannerSurface-CfvvPGFp.js                 19.68 kB │ gzip:   5.51 kB
dist/assets/GoalStructureSection-DLGn8UJZ.js                  20.24 kB │ gzip:   6.44 kB
dist/assets/GoalPlanningSection-CczcZucS.js                   22.79 kB │ gzip:   7.18 kB
dist/assets/PreviewScreen-NLn68ZQj.js                         23.37 kB │ gzip:   6.03 kB
dist/assets/backupTransferSurface-BJ6jyV9l.js                 23.85 kB │ gzip:   3.59 kB
dist/assets/dayFrameRestoreComposition-bGoYoEMJ.js            34.76 kB │ gzip:   7.43 kB
dist/assets/GoalSection-WvMxwzvg.js                           36.24 kB │ gzip:   9.36 kB
dist/assets/SetupScreen-xzubaEM2.js                           62.65 kB │ gzip:  13.25 kB
dist/assets/vendor-react-BiBT4RTg.js                         189.63 kB │ gzip:  59.64 kB
dist/assets/index-Ckd1kepa.js                                441.09 kB │ gzip: 105.57 kB

✓ built in 346ms
