
> dayframe@0.1.0 check:bundle
> node scripts/check-bundle.mjs

{
  "initialFiles": [
    "assets/index-Ckd1kepa.js",
    "assets/vendor-react-BiBT4RTg.js",
    "assets/rolldown-runtime-9SAPJn0b.js",
    "assets/sleepRequirement-BF3kSIge.js",
    "assets/capacityFingerprint-D6Kh-Up0.js",
    "assets/userDay-BjAk0cL3.js",
    "assets/dayFrameDurableDb-DcuK9h2j.js",
    "assets/dayFrameRuntimeAuthority-C8FwZEVm.js",
    "assets/publicationReceipt-BWttTpMK.js",
    "assets/sourceObservation-DZWfJVi7.js"
  ],
  "lazyFiles": [
    "assets/DurationFields-L6sAQna_.js",
    "assets/GoalActivitySummary-BiidKBlZ.js",
    "assets/acceptancePersistence-B-q-bE6W.js",
    "assets/acceptedAllocationRealization-C4HjwsHX.js",
    "assets/acceptedPlanningSummaryPresentation-BPAfgzV-.js",
    "assets/buildTodayReadModel-CSd2xv63.js",
    "assets/commitmentComposition-l--F6Y1E.js",
    "assets/completionDistribution-DFeQhs-H.js",
    "assets/dayFrameBackupV10-Bokn8p3J.js",
    "assets/dayFrameBackupV11-B_QV_IQX.js",
    "assets/dayFrameBackupV12-Dku7U9LR.js",
    "assets/dayFrameBackupV7-BCrBai15.js",
    "assets/dayFrameBackupV8-BvPiaCIh.js",
    "assets/dayFrameBackupV9-Dvkvq3OC.js",
    "assets/demandResourceFootprint-DemAy4eR.js",
    "assets/deriveFoundationalSchedule-DKi1he_Z.js",
    "assets/evidence-DY8aDLrT.js",
    "assets/goalActivity-CC_swaf0.js",
    "assets/goalDemand-DjjAv0Bn.js",
    "assets/goalStructure-CGgGxN0J.js",
    "assets/goalStructureTemporal-DS5I0CXz.js",
    "assets/legacySleepConversion-DUXG3u2F.js",
    "assets/materializePlanPublication-XFgI-PiC.js",
    "assets/plannerReviewPresentation-BhUrbyjc.js",
    "assets/planningFoundation-CTHodyXv.js",
    "assets/planningResultCopy-C4xNy7oX.js",
    "assets/productEvidenceSources-kj-_NGkA.js",
    "assets/proposal-DoyXw1tY.js",
    "assets/publicationEligibility-DuaCq6Qt.js",
    "assets/queryMonthlyPlanner-BKZicyxa.js",
    "assets/resolveRequiredSleep-jWGkBnOC.js",
    "assets/reviewScope-B4zeEWqL.js",
    "assets/reviewSourceQualification-BkRUt6A_.js",
    "assets/useGoalEditingState-D4heSRcz.js",
    "assets/useGoalPresentationState-LClDK-Ya.js",
    "assets/schedulingRealization-Dme3_LDx.js",
    "assets/allocation-Co3NPcgx.js",
    "assets/capacity-fDk1v9y2.js",
    "assets/competingDemand-Te6OCPQc.js",
    "assets/goalFeasibility-CoDXvDV3.js",
    "assets/acceptedPlanningEvidenceQuery-pF7FdAYa.js",
    "assets/allocationSurface-DAdFr26G.js",
    "assets/backupTransferSurface-BJ6jyV9l.js",
    "assets/capacitySurface-CAVBbEeM.js",
    "assets/compositionSurface-_OCWR6oR.js",
    "assets/dayFrameBackupV13-CrCJS5g3.js",
    "assets/dayFrameBackupV14-DVVeDKiN.js",
    "assets/dayFrameRestoreComposition-bGoYoEMJ.js",
    "assets/goalDemandProjectionQuery-CQobmakw.js",
    "assets/goalPlanningSurface-DJr3Nw6a.js",
    "assets/goalStructureSurface-C-5nR7nt.js",
    "assets/planningScopeQuery-D_Srsk3T.js",
    "assets/proposalSurface-Be9NPsmV.js",
    "assets/realizationSurface-BlGzqdLH.js",
    "assets/schedulePublication-DaAURddE.js",
    "assets/selectedDayEvidenceQuery-1epq-xxE.js",
    "assets/sleepExecutionCommand-D1-suWrU.js",
    "assets/sleepHistoryQuery-BpsqRoB_.js",
    "assets/todayQuery-DrXRNNbN.js",
    "assets/AcceptedPlanningSummary-CMZUmRfV.js",
    "assets/DayOutcomeControl-CBFVVAGV.js",
    "assets/DayWorksurface-Ce6HeTo7.js",
    "assets/GoalAcceptedPlanningSection-CKCJwS3m.js",
    "assets/GoalPlanningSection-CczcZucS.js",
    "assets/GoalRecordedInspection-CNn_x6g9.js",
    "assets/GoalSection-WvMxwzvg.js",
    "assets/GoalStructureSection-DLGn8UJZ.js",
    "assets/HistoricalIntelligenceSummary-60DHBIhv.js",
    "assets/LegacySleepConversionSection-BkVHmzh9.js",
    "assets/MonthlyPlannerSurface-CfvvPGFp.js",
    "assets/MyScheduleSurface-hCdPNTXT.js",
    "assets/PreviewScreen-NLn68ZQj.js",
    "assets/ScheduleReviewPanel-CqZC3WOG.js",
    "assets/SetupScreen-xzubaEM2.js",
    "assets/SleepRequirementSection-CGWQPFJz.js"
  ],
  "initialBytes": 643237,
  "initialGzip": 169047,
  "largestLazy": 62657,
  "totalBytes": 1312278,
  "policy": {
    "hard": {
      "initialBytes": 685000,
      "initialGzip": 170000,
      "largestLazy": 100000
    },
    "warning": {
      "initialBytes": 650000,
      "initialGzip": 161500,
      "largestLazy": 80000
    },
    "total": {
      "warning": 800000,
      "architectureReview": 825000
    }
  },
  "warnings": [
    {
      "kind": "headroom",
      "name": "initialGzip",
      "threshold": 161500,
      "value": 169047
    },
    {
      "kind": "architecture-review",
      "name": "totalBytes",
      "threshold": 825000,
      "value": 1312278
    }
  ]
}
Bundle policy warning: initialGzip is 169047 bytes (threshold 161500; headroom).
Bundle policy warning: totalBytes is 1312278 bytes (threshold 825000; architecture-review).
