
> dayframe@0.1.0 check:bundle
> node scripts/check-bundle.mjs

{
  "initialFiles": [
    "assets/index-DZtY8a4i.js",
    "assets/vendor-react-BiBT4RTg.js",
    "assets/rolldown-runtime-9SAPJn0b.js",
    "assets/sleepRequirement-BF3kSIge.js",
    "assets/canonicalUserDay-C0k2LI0Q.js",
    "assets/capacityFingerprint-D6Kh-Up0.js",
    "assets/dayFrameDurableDb-DcuK9h2j.js",
    "assets/dayFrameRuntimeAuthority-C8FwZEVm.js",
    "assets/publicationReceipt-BWttTpMK.js",
    "assets/sourceObservation-DZWfJVi7.js"
  ],
  "lazyFiles": [
    "assets/DurationFields-CB5phFLX.js",
    "assets/GoalActivitySummary-CxsYTykT.js",
    "assets/acceptancePersistence-B-q-bE6W.js",
    "assets/acceptedAllocationRealization-BhRsuqC0.js",
    "assets/acceptedPlanningSummaryPresentation-BPAfgzV-.js",
    "assets/buildTodayReadModel-CSd2xv63.js",
    "assets/commitmentComposition-l--F6Y1E.js",
    "assets/completionDistribution-Clp2tkZh.js",
    "assets/dayFrameBackupV10-DByVIQIu.js",
    "assets/dayFrameBackupV11-CXR_tCgV.js",
    "assets/dayFrameBackupV12-ipD4p0gV.js",
    "assets/dayFrameBackupV7-C5PneHda.js",
    "assets/dayFrameBackupV8-D7MDKq1l.js",
    "assets/dayFrameBackupV9-CmSeKrSG.js",
    "assets/demandResourceFootprint-aXeLgj0R.js",
    "assets/deriveFoundationalSchedule-C_HPLENj.js",
    "assets/evidence--dZ6bWPj.js",
    "assets/goalActivity-D8ROaJxx.js",
    "assets/goalDemand-DgGPQbBS.js",
    "assets/goalStructure-CwHjAhue.js",
    "assets/goalStructureTemporal-BXqTwQMJ.js",
    "assets/legacySleepConversion-CeIu7iVM.js",
    "assets/materializePlanPublication-vEczwGH3.js",
    "assets/plannerReviewPresentation-DrWwmxSY.js",
    "assets/planningFoundation-CmhhGV_t.js",
    "assets/planningResultCopy-C4xNy7oX.js",
    "assets/productEvidenceSources-BLqZUS9M.js",
    "assets/proposal-DoyXw1tY.js",
    "assets/publicationEligibility-DuaCq6Qt.js",
    "assets/queryMonthlyPlanner-tFv1FAT9.js",
    "assets/resolveRequiredSleep-C75m_L__.js",
    "assets/reviewScope-BeYoLxFn.js",
    "assets/reviewSourceQualification-BkRUt6A_.js",
    "assets/useGoalEditingState-D4heSRcz.js",
    "assets/useGoalPresentationState-PTnlBeJv.js",
    "assets/schedulingRealization-BLBgBLhF.js",
    "assets/allocation-Co3NPcgx.js",
    "assets/capacity-DjH6vulH.js",
    "assets/competingDemand-Te6OCPQc.js",
    "assets/goalFeasibility-D6-RUdY4.js",
    "assets/acceptedPlanningEvidenceQuery-Dkt-ICDI.js",
    "assets/allocationSurface-BacWr3em.js",
    "assets/backupTransferSurface-Z3fQzn_M.js",
    "assets/capacitySurface-a6UCK1hl.js",
    "assets/compositionSurface-DIbrU_Bc.js",
    "assets/dayFrameBackupV13-CNx2--cG.js",
    "assets/dayFrameBackupV14-D7WbwGTy.js",
    "assets/dayFrameRestoreComposition-DRtHwJK9.js",
    "assets/goalDemandProjectionQuery-DfC136fo.js",
    "assets/goalPlanningSurface-CLtUfaEW.js",
    "assets/goalStructureSurface-h-pklGZY.js",
    "assets/planningScopeQuery-BAsMdEho.js",
    "assets/proposalSurface-DQ6a9cbY.js",
    "assets/realizationSurface-C97vr8qC.js",
    "assets/schedulePublication-p0PeZMUx.js",
    "assets/selectedDayEvidenceQuery-DR9UZZ9S.js",
    "assets/sleepExecutionCommand-C9frqUTn.js",
    "assets/sleepHistoryQuery-CLz97fFW.js",
    "assets/todayQuery-qArF4OPG.js",
    "assets/AcceptedPlanningSummary-C7gvXcUm.js",
    "assets/DayOutcomeControl-CBFVVAGV.js",
    "assets/DayWorksurface-BYh0jXsD.js",
    "assets/GoalAcceptedPlanningSection-uBM8pjMy.js",
    "assets/GoalPlanningSection-6sCxhDx4.js",
    "assets/GoalRecordedInspection-C_MlrgwI.js",
    "assets/GoalSection-CvMqu8Oo.js",
    "assets/GoalStructureSection-DLGn8UJZ.js",
    "assets/HistoricalIntelligenceSummary-Bu0c7_LY.js",
    "assets/LegacySleepConversionSection-Bx8jMd_y.js",
    "assets/MonthlyPlannerSurface-Bu36yvdt.js",
    "assets/MyScheduleSurface-Cgwio-ux.js",
    "assets/ScheduleReviewWorkspace-DZ579tZj.js",
    "assets/SetupScreen-BMZioLED.js",
    "assets/SleepRequirementSection-gpUA7bAX.js"
  ],
  "initialBytes": 641793,
  "initialGzip": 169060,
  "largestLazy": 62700,
  "totalBytes": 1330177,
  "policy": {
    "hard": {
      "initialBytes": 685000,
      "initialGzip": 170000,
      "largestLazy": 100000
    },
    "warning": {
      "initialBytes": 650000,
      "initialGzip": 161500,
      "largestLazy": 80000
    },
    "total": {
      "warning": 800000,
      "architectureReview": 825000
    }
  },
  "warnings": [
    {
      "kind": "headroom",
      "name": "initialGzip",
      "threshold": 161500,
      "value": 169060
    },
    {
      "kind": "architecture-review",
      "name": "totalBytes",
      "threshold": 825000,
      "value": 1330177
    }
  ]
}
Bundle policy warning: initialGzip is 169060 bytes (threshold 161500; headroom).
Bundle policy warning: totalBytes is 1330177 bytes (threshold 825000; architecture-review).
