
> dayframe@0.1.0 build
> tsc --noEmit && vite build

vite v8.0.10 building client environment for production...
[2Ktransforming...✓ 231 modules transformed.
rendering chunks...
computing gzip size...
dist/index.html                                                1.18 kB │ gzip:   0.46 kB
dist/.vite/manifest.json                                      27.21 kB │ gzip:   3.31 kB
dist/assets/index-CRhQ-PuB.css                                37.64 kB │ gzip:   7.03 kB
dist/assets/publicationReceipt-BWttTpMK.js                     0.08 kB │ gzip:   0.09 kB
dist/assets/dayFrameRuntimeAuthority-C8FwZEVm.js               0.10 kB │ gzip:   0.12 kB
dist/assets/useGoalEditingState-D4heSRcz.js                    0.17 kB │ gzip:   0.16 kB
dist/assets/sourceObservation-DZWfJVi7.js                      0.19 kB │ gzip:   0.15 kB
dist/assets/rolldown-runtime-9SAPJn0b.js                       0.22 kB │ gzip:   0.19 kB
dist/assets/capacityFingerprint-D6Kh-Up0.js                    0.38 kB │ gzip:   0.29 kB
dist/assets/evidence--dZ6bWPj.js                               0.41 kB │ gzip:   0.30 kB
dist/assets/useGoalPresentationState-Dos1l5oO.js               0.47 kB │ gzip:   0.32 kB
dist/assets/DurationFields-CB5phFLX.js                         0.72 kB │ gzip:   0.39 kB
dist/assets/acceptancePersistence-B-q-bE6W.js                  0.98 kB │ gzip:   0.50 kB
dist/assets/dayFrameBackupV10-BWGTucXs.js                      1.13 kB │ gzip:   0.58 kB
dist/assets/publicationEligibility-DuaCq6Qt.js                 1.29 kB │ gzip:   0.52 kB
dist/assets/reviewScope-DM0LsiWp.js                            1.32 kB │ gzip:   0.65 kB
dist/assets/dayFrameBackupV9-DzHDipf_.js                       1.38 kB │ gzip:   0.70 kB
dist/assets/productEvidenceSources-BJjbXlla.js                 1.49 kB │ gzip:   0.69 kB
dist/assets/dayFrameBackupV13-Dd2EOjdU.js                      1.69 kB │ gzip:   0.75 kB
dist/assets/dayFrameBackupV12-B9rk1tO7.js                      1.70 kB │ gzip:   0.79 kB
dist/assets/schedulingRealization-YnP_rFCq.js                  1.75 kB │ gzip:   0.77 kB
dist/assets/dayFrameBackupV8-CH8KI-gq.js                       1.77 kB │ gzip:   0.78 kB
dist/assets/dayFrameBackupV14-BqF5aHF7.js                      1.77 kB │ gzip:   0.76 kB
dist/assets/dayFrameBackupV11-C5DpJZG0.js                      1.78 kB │ gzip:   0.78 kB
dist/assets/todayQuery-DSr-O6vQ.js                             1.82 kB │ gzip:   0.79 kB
dist/assets/sleepExecutionCommand-DBWYOtfn.js                  2.00 kB │ gzip:   0.86 kB
dist/assets/MyScheduleSurface-Cgwio-ux.js                      2.53 kB │ gzip:   1.03 kB
dist/assets/capacitySurface-FK24QMZr.js                        2.76 kB │ gzip:   1.16 kB
dist/assets/sleepHistoryQuery-DIafYQhg.js                      2.89 kB │ gzip:   1.18 kB
dist/assets/allocationSurface-ojAEE98F.js                      2.93 kB │ gzip:   0.90 kB
dist/assets/schedulePublication-U9GAq_kD.js                    3.12 kB │ gzip:   1.16 kB
dist/assets/goalDemandProjectionQuery-Ca1vFA6L.js              3.29 kB │ gzip:   1.24 kB
dist/assets/acceptedAllocationRealization-BL0HrH8J.js          3.54 kB │ gzip:   1.35 kB
dist/assets/planningFoundation-Cs-vdVHU.js                     3.72 kB │ gzip:   1.48 kB
dist/assets/acceptedPlanningSummaryPresentation-BPAfgzV-.js    3.83 kB │ gzip:   1.51 kB
dist/assets/dayFrameBackupV7-DmSEtIz6.js                       3.86 kB │ gzip:   0.92 kB
dist/assets/sleepRequirement-BF3kSIge.js                       4.03 kB │ gzip:   1.64 kB
dist/assets/buildTodayReadModel-CSd2xv63.js                    4.13 kB │ gzip:   1.51 kB
dist/assets/competingDemand-Te6OCPQc.js                        4.21 kB │ gzip:   1.54 kB
dist/assets/completionDistribution-BaF34kK9.js                 4.36 kB │ gzip:   1.70 kB
dist/assets/planningResultCopy-C4xNy7oX.js                     4.37 kB │ gzip:   1.72 kB
dist/assets/goalStructureTemporal-lLyadPCf.js                  4.73 kB │ gzip:   1.72 kB
dist/assets/goalActivity-Cm-tcOnD.js                           4.87 kB │ gzip:   1.86 kB
dist/assets/reviewSourceQualification-BkRUt6A_.js              5.42 kB │ gzip:   1.76 kB
dist/assets/goalFeasibility-D6-RUdY4.js                        5.66 kB │ gzip:   2.03 kB
dist/assets/planningScopeQuery-C9jDhR3y.js                     5.75 kB │ gzip:   2.16 kB
dist/assets/DayOutcomeControl-CBFVVAGV.js                      5.97 kB │ gzip:   2.16 kB
dist/assets/canonicalUserDay-C0k2LI0Q.js                       6.05 kB │ gzip:   1.94 kB
dist/assets/LegacySleepConversionSection-C7-MZfel.js           6.56 kB │ gzip:   2.29 kB
dist/assets/dayFrameDurableDb-DcuK9h2j.js                      6.69 kB │ gzip:   2.32 kB
dist/assets/selectedDayEvidenceQuery-B2FH2xQp.js               7.32 kB │ gzip:   2.57 kB
dist/assets/allocation-Co3NPcgx.js                             7.36 kB │ gzip:   2.54 kB
dist/assets/legacySleepConversion-5M4OSbOm.js                  7.41 kB │ gzip:   2.72 kB
dist/assets/capacity-DjH6vulH.js                               7.42 kB │ gzip:   2.37 kB
dist/assets/goalDemand-B_xsZ34d.js                             7.46 kB │ gzip:   2.54 kB
dist/assets/realizationSurface-BXljB5s6.js                     7.93 kB │ gzip:   2.57 kB
dist/assets/compositionSurface-CCYsNmO5.js                     8.41 kB │ gzip:   2.94 kB
dist/assets/GoalRecordedInspection-CbqNTKe2.js                 8.61 kB │ gzip:   3.31 kB
dist/assets/goalStructureSurface-BjdpNmGt.js                   8.78 kB │ gzip:   2.69 kB
dist/assets/acceptedPlanningEvidenceQuery-foRyL38I.js          8.94 kB │ gzip:   2.69 kB
dist/assets/goalStructure-Cr0c77qh.js                          9.06 kB │ gzip:   2.71 kB
dist/assets/deriveFoundationalSchedule-CaB5KmWj.js             9.38 kB │ gzip:   3.30 kB
dist/assets/SleepRequirementSection-qQmlVV6n.js                9.66 kB │ gzip:   3.23 kB
dist/assets/plannerReviewPresentation-dxsfKQCl.js              9.73 kB │ gzip:   3.17 kB
dist/assets/goalPlanningSurface-GBepX6Yu.js                   10.08 kB │ gzip:   3.03 kB
dist/assets/commitmentComposition-l--F6Y1E.js                 10.79 kB │ gzip:   3.64 kB
dist/assets/queryMonthlyPlanner-tFv1FAT9.js                   10.80 kB │ gzip:   3.78 kB
dist/assets/demandResourceFootprint-aXeLgj0R.js               11.31 kB │ gzip:   3.36 kB
dist/assets/materializePlanPublication-xy2cEAUf.js            12.35 kB │ gzip:   3.64 kB
dist/assets/proposalSurface-tjcm805w.js                       12.66 kB │ gzip:   4.13 kB
dist/assets/AcceptedPlanningSummary-C7gvXcUm.js               12.92 kB │ gzip:   3.70 kB
dist/assets/proposal-DoyXw1tY.js                              13.85 kB │ gzip:   4.06 kB
dist/assets/GoalAcceptedPlanningSection-D4hmtg0b.js           15.29 kB │ gzip:   4.75 kB
dist/assets/DayWorksurface-S6xawPlx.js                        15.58 kB │ gzip:   4.85 kB
dist/assets/resolveRequiredSleep-8GSvQNO3.js                  18.43 kB │ gzip:   5.74 kB
dist/assets/HistoricalIntelligenceSummary-CRA9QndU.js         18.82 kB │ gzip:   5.05 kB
dist/assets/GoalActivitySummary-dLD0DQNv.js                   19.56 kB │ gzip:   5.64 kB
dist/assets/MonthlyPlannerSurface-BACqwuIh.js                 19.86 kB │ gzip:   5.55 kB
dist/assets/GoalStructureSection-DLGn8UJZ.js                  20.24 kB │ gzip:   6.44 kB
dist/assets/GoalPlanningSection-Bs6h4gbm.js                   22.83 kB │ gzip:   7.20 kB
dist/assets/backupTransferSurface-DGmhhty9.js                 23.86 kB │ gzip:   3.60 kB
dist/assets/dayFrameRestoreComposition-C_b3nv5h.js            34.77 kB │ gzip:   7.43 kB
dist/assets/GoalSection-DxnNaydY.js                           36.24 kB │ gzip:   9.36 kB
dist/assets/ScheduleReviewWorkspace-CzcNp2fD.js               55.49 kB │ gzip:  14.42 kB
dist/assets/SetupScreen-ri1B3ggd.js                           62.70 kB │ gzip:  13.28 kB
dist/assets/vendor-react-BiBT4RTg.js                         189.63 kB │ gzip:  59.64 kB
dist/assets/index-9CZVvlmq.js                                434.38 kB │ gzip: 104.08 kB

✓ built in 266ms
