npm notice run dayframe@0.1.0 test
npm notice run vitest run

 RUN  v4.1.5 /home/sid/Penn Digital Services/DayFrame/code

 ❯ src/ui/tests/GoalStructureAuthoring.test.tsx (27 tests | 3 failed) 29256ms
   × Review Schedule and Daily Planner returns preserve the focused Structure editor and independent request 5037ms
   × related navigation retains Structure, Goal and Requested Time drafts; rejected V14 import retains them and successful restore displaces them 3518ms
   × actual anomaly preservation import shows retained rows with ordinary writes disabled; recovery invalidates the new editor 5172ms
 ❯ src/ui/tests/GoalRecordedInspection.test.tsx (30 tests | 1 failed) 46652ms
   × real reporting and Daily Planner return preserve independent drafts and refresh only canonical evidence 11877ms

⎯⎯⎯⎯⎯⎯⎯ Failed Tests 4 ⎯⎯⎯⎯⎯⎯⎯

 FAIL  src/ui/tests/GoalRecordedInspection.test.tsx > real reporting and Daily Planner return preserve independent drafts and refresh only canonical evidence
TestingLibraryElementError: Unable to find role="button" and name "Scheduled: 13"

Ignored nodes: comments, script, style
[36m<body>[39m
  [36m<div>[39m
    [36m<div[39m
      [33mclass[39m=[32m"df-app"[39m
    [36m>[39m
      [36m<div[39m
        [33mclass[39m=[32m"df-shell"[39m
      [36m>[39m
        [36m<header[39m
          [33mclass[39m=[32m"df-foundation-header"[39m
        [36m>[39m
          [36m<strong>[39m
            [0mDayFrame[0m
          [36m</strong>[39m
          [36m<nav[39m
            [33maria-label[39m=[32m"App Sections"[39m
            [33mclass[39m=[32m"df-foundation-primary"[39m
          [36m>[39m
            [36m<button[39m
              [33maria-pressed[39m=[32m"true"[39m
              [33mclass[39m=[32m"df-secondary-button"[39m
              [33mtype[39m=[32m"button"[39m
            [36m>[39m
              [0mPlanner[0m
            [36m</button>[39m
            [36m<button[39m
              [33maria-pressed[39m=[32m"false"[39m
              [33mclass[39m=[32m"df-secondary-button"[39m
              [33mtype[39m=[32m"button"[39m
            [36m>[39m
              [0mSummary[0m
            [36m</button>[39m
          [36m</nav>[39m
          [36m<div[39m
            [33mclass[39m=[32m"df-foundation-location"[39m
          [36m>[39m
            [36m<h2[39m
              [33mclass[39m=[32m"df-foundation-location-title"[39m
              [33mtabindex[39m=[32m"-1"[39m
            [36m>[39m
              [0mPlanner / Goals[0m
            [36m</h2>[39m
            [36m<button[39m
              [33mclass[39m=[32m"df-secondary-button"[39m
              [33mtype[39m=[32m"button"[39m
            [36m>[39m
              [0mBack[0m
            [36m</button>[39m
          [36m</div>[39m
        [36m</header>[39m
        [36m<div[39m
          [33mclass[39m=[32m"df-foundation-support"[39m
        [36m>[39m
          [36m<div[39m
            [33mclass[39m=[32m"df-foundation-support-content"[39m
          [36m>[39m
            [36m<details[39m
              [33mclass[39m=[32m"df-foundation-utilities"[39m
            [36m>[39m
              [36m<summary>[39m
                [0mSettings and data[0m
              [36m</summary>[39m
              [36m<section[39m
                [33mclass[39m=[32m"df-confirmation df-workflow-block df-workflow-block--profiles"[39m
              [36m>[39m
                [36m<div[39m
                  [33mclass[39m=[32m"df-form-stack"[39m
                [36m>[39m
                  [36m<div[39m
                    [33mclass[39m=[32m"df-screen-header"[39m
                  [36m>[39m
                    [36m<h2[39m
                      [33mclass[39m=[32m"df-panel-title"[39m
                    [36m>[39m
                      [0mSaved Setup Profiles[0m
                    [36m</h2>[39m
                    [36m<p[39m
                      [33mclass[39m=[32m"df-support"[39m
                    [36m>[39m
                      [0mSave named local setups, then load one later to replace the current active setup.[0m
                    [36m</p>[39m
                  [36m</div>[39m
                  [36m<div[39m
                    [33mclass[39m=[32m"df-field"[39m
                  [36m>[39m
                    [36m<label[39m
                      [33mfor[39m=[32m"dayframe-profile-name"[39m
                    [36m>[39m
                      [0mProfile Name[0m
                    [36m</label>[39m
                    [36m<input[39m
                      [33mid[39m=[32m"dayframe-profile-name"[39m
                      [33mplaceholder[39m=[32m"Profile name"[39m
                      [33mtype[39m=[32m"text"[39m
                      [33mvalue[39m=[32m""[39m
                    [36m/>[39m
                  [36m</div>[39m
                  [36m<div[39m
                    [33mclass[39m=[32m"df-screen-actions"[39m
                  [36m>[39m
                    [36m<button[39m
                      [33mclass[39m=[32m"df-secondary-button"[39m
                      [33mtype[39m=[32m"button"[39m
                    [36m>[39m
                      [0mSave Current Setup as Profile[0m
                    [36m</button>[39m
                  [36m</div>[39m
                  [36m<ul[39m
                    [33mclass[39m=[32m"df-plain-list"[39m
                  [36m>[39m
                    [36m<li>[39m
                      [36m<div>[39m
                        [36m<strong>[39m
                          [0mSource A saved setup[0m
                        [36m</strong>[39m
                        [36m<span[39m
                          [33mclass[39m=[32m"df-muted"[39m
                        [36m>[39m
                          [0m Saved [0m
                          [0m2026-09-23T12:00:00.000Z[0m
                        [36m</span>[39m
                      [36m</div>[39m
                      [36m<div[39m
                        [33mclass[39m=[32m"df-screen-actions"[39m
                      [36m>[39m
                        [36m<button[39m
                          [33mclass[39m=[32m"df-secondary-button"[39m
                          [33mtype[39m=[32m"button"[39m
                        [36m>[39m
                          [0mLoad Profile[0m
                        [36m</button>[39m
                        [36m<button[39m
                          [33mclass[39m=[32m"df-secondary-button"[39m
                          [33mtype[39m=[32m"button"[39m
                        [36m>[39m
                          [0mDelete Profile[0m
                        [36m</button>[39m
                      [36m</div>[39m
                    [36m</li>[39m
                  [36m</ul>[39m
                [36m</div>[39m
                [36m<div[39m
                  [33mclass[39m=[32m"df-screen-actions"[39m
                [36m>[39m
                  [36m<button[39m
                    [33mclass[39m=[32m"df-secondary-button"[39m
                    [33mtype[39m=[32m"button"[39m
                  [36m>[39m
                    [0mExport Complete Backup[0m
                  [36m</button>[39m
                  [36m<button[39m
                    [33mclass[39m=[32m"df-secondary-button"[39m
                    [33mtype[39m=[32m"button"[39m
                  [36m>[39m
                    [0mImport Setup Backup[0m
                  [36m</button>[39m
                  [36m<button[39m
                    [33mclass[39m=[32m"df-secondary-button"[39m
                    [33mtype[39m=[32m"button"[39m
                  [36m>[39m
                    [0mClear Local Data[0m
                  [36m</button>[39m
                [36m</div>[39m
                [36m<input[39m
                  [33maccept[39m=[32m"application/json,.json"[39m
                  [33maria-label[39m=[32m"Import Setup Backu...

Ignored nodes: comments, script, style
[36m<body>[39m
  [36m<div>[39m
    [36m<div[39m
      [33mclass[39m=[32m"df-app"[39m
    [36m>[39m
      [36m<div[39m
        [33mclass[39m=[32m"df-shell"[39m
      [36m>[39m
        [36m<header[39m
          [33mclass[39m=[32m"df-foundation-header"[39m
        [36m>[39m
          [36m<strong>[39m
            [0mDayFrame[0m
          [36m</strong>[39m
          [36m<nav[39m
            [33maria-label[39m=[32m"App Sections"[39m
            [33mclass[39m=[32m"df-foundation-primary"[39m
          [36m>[39m
            [36m<button[39m
              [33maria-pressed[39m=[32m"true"[39m
              [33mclass[39m=[32m"df-secondary-button"[39m
              [33mtype[39m=[32m"button"[39m
            [36m>[39m
              [0mPlanner[0m
            [36m</button>[39m
            [36m<button[39m
              [33maria-pressed[39m=[32m"false"[39m
              [33mclass[39m=[32m"df-secondary-button"[39m
              [33mtype[39m=[32m"button"[39m
            [36m>[39m
              [0mSummary[0m
            [36m</button>[39m
          [36m</nav>[39m
          [36m<div[39m
            [33mclass[39m=[32m"df-foundation-location"[39m
          [36m>[39m
            [36m<h2[39m
              [33mclass[39m=[32m"df-foundation-location-title"[39m
              [33mtabindex[39m=[32m"-1"[39m
            [36m>[39m
              [0mPlanner / Goals[0m
            [36m</h2>[39m
            [36m<button[39m
              [33mclass[39m=[32m"df-secondary-button"[39m
              [33mtype[39m=[32m"button"[39m
            [36m>[39m
              [0mBack[0m
            [36m</button>[39m
          [36m</div>[39m
        [36m</header>[39m
        [36m<div[39m
          [33mclass[39m=[32m"df-foundation-support"[39m
        [36m>[39m
          [36m<div[39m
            [33mclass[39m=[32m"df-foundation-support-content"[39m
          [36m>[39m
            [36m<details[39m
              [33mclass[39m=[32m"df-foundation-utilities"[39m
            [36m>[39m
              [36m<summary>[39m
                [0mSettings and data[0m
              [36m</summary>[39m
              [36m<section[39m
                [33mclass[39m=[32m"df-confirmation df-workflow-block df-workflow-block--profiles"[39m
              [36m>[39m
                [36m<div[39m
                  [33mclass[39m=[32m"df-form-stack"[39m
                [36m>[39m
                  [36m<div[39m
                    [33mclass[39m=[32m"df-screen-header"[39m
                  [36m>[39m
                    [36m<h2[39m
                      [33mclass[39m=[32m"df-panel-title"[39m
                    [36m>[39m
                      [0mSaved Setup Profiles[0m
                    [36m</h2>[39m
                    [36m<p[39m
                      [33mclass[39m=[32m"df-support"[39m
                    [36m>[39m
                      [0mSave named local setups, then load one later to replace the current active setup.[0m
                    [36m</p>[39m
                  [36m</div>[39m
                  [36m<div[39m
                    [33mclass[39m=[32m"df-field"[39m
                  [36m>[39m
                    [36m<label[39m
                      [33mfor[39m=[32m"dayframe-profile-name"[39m
                    [36m>[39m
                      [0mProfile Name[0m
                    [36m</label>[39m
                    [36m<input[39m
                      [33mid[39m=[32m"dayframe-profile-name"[39m
                      [33mplaceholder[39m=[32m"Profile name"[39m
                      [33mtype[39m=[32m"text"[39m
                      [33mvalue[39m=[32m""[39m
                    [36m/>[39m
                  [36m</div>[39m
                  [36m<div[39m
                    [33mclass[39m=[32m"df-screen-actions"[39m
                  [36m>[39m
                    [36m<button[39m
                      [33mclass[39m=[32m"df-secondary-button"[39m
                      [33mtype[39m=[32m"button"[39m
                    [36m>[39m
                      [0mSave Current Setup as Profile[0m
                    [36m</button>[39m
                  [36m</div>[39m
                  [36m<ul[39m
                    [33mclass[39m=[32m"df-plain-list"[39m
                  [36m>[39m
                    [36m<li>[39m
                      [36m<div>[39m
                        [36m<strong>[39m
                          [0mSource A saved setup[0m
                        [36m</strong>[39m
                        [36m<span[39m
                          [33mclass[39m=[32m"df-muted"[39m
                        [36m>[39m
                          [0m Saved [0m
                          [0m2026-09-23T12:00:00.000Z[0m
                        [36m</span>[39m
                      [36m</div>[39m
                      [36m<div[39m
                        [33mclass[39m=[32m"df-screen-actions"[39m
                      [36m>[39m
                        [36m<button[39m
                          [33mclass[39m=[32m"df-secondary-button"[39m
                          [33mtype[39m=[32m"button"[39m
                        [36m>[39m
                          [0mLoad Profile[0m
                        [36m</button>[39m
                        [36m<button[39m
                          [33mclass[39m=[32m"df-secondary-button"[39m
                          [33mtype[39m=[32m"button"[39m
                        [36m>[39m
                          [0mDelete Profile[0m
                        [36m</button>[39m
                      [36m</div>[39m
                    [36m</li>[39m
                  [36m</ul>[39m
                [36m</div>[39m
                [36m<div[39m
                  [33mclass[39m=[32m"df-screen-actions"[39m
                [36m>[39m
                  [36m<button[39m
                    [33mclass[39m=[32m"df-secondary-button"[39m
                    [33mtype[39m=[32m"button"[39m
                  [36m>[39m
                    [0mExport Complete Backup[0m
                  [36m</button>[39m
                  [36m<button[39m
                    [33mclass[39m=[32m"df-secondary-button"[39m
                    [33mtype[39m=[32m"button"[39m
                  [36m>[39m
                    [0mImport Setup Backup[0m
                  [36m</button>[39m
                  [36m<button[39m
                    [33mclass[39m=[32m"df-secondary-button"[39m
                    [33mtype[39m=[32m"button"[39m
                  [36m>[39m
                    [0mClear Local Data[0m
                  [36m</button>[39m
                [36m</div>[39m
                [36m<input[39m
                  [33maccept[39m=[32m"application/json,.json"[39m
                  [33maria-label[39m=[32m"Import Setup Backu...
 ❯ waitForWrapper node_modules/@testing-library/dom/dist/wait-for.js:163:27
 ❯ node_modules/@testing-library/dom/dist/query-helpers.js:86:33
 ❯ src/ui/tests/GoalRecordedInspection.test.tsx:364:16
    362|   await waitFor(() => expect(f.store.getExecutionHistory().length).toB…
    363|   click("Back");
    364|   await screen.findByRole("button", { name: "Scheduled: 13" });
       |                ^
    365|   await waitFor(() =>
    366|     expect(screen.getByRole("heading", { name: "Recorded Progress and …

⎯⎯⎯⎯⎯⎯⎯⎯⎯⎯⎯⎯⎯⎯⎯⎯⎯⎯⎯⎯⎯⎯⎯⎯[1/4]⎯

 FAIL  src/ui/tests/GoalStructureAuthoring.test.tsx > Review Schedule and Daily Planner returns preserve the focused Structure editor and independent request
Error: Test timed out in 5000ms.
If this is a long-running test, pass a timeout value as the last argument or configure it globally with "testTimeout".
 ❯ src/ui/tests/GoalStructureAuthoring.test.tsx:37:1
     35| const change = (name: string, value: string) =>
     36|   fireEvent.change(screen.getByLabelText(name), { target: { value } });
     37| it("Review Schedule and Daily Planner returns preserve the focused Str…
       | ^
     38|   vi.setSystemTime(new Date("2026-09-23T12:00:00.000Z"));
     39|   const { store } = await goalInspectionCanonicalFixture();

⎯⎯⎯⎯⎯⎯⎯⎯⎯⎯⎯⎯⎯⎯⎯⎯⎯⎯⎯⎯⎯⎯⎯⎯[2/4]⎯

 FAIL  src/ui/tests/GoalStructureAuthoring.test.tsx > related navigation retains Structure, Goal and Requested Time drafts; rejected V14 import retains them and successful restore displaces them
TestingLibraryElementError: Unable to find an element with the text: /Complete backup restored across setup/. This could be because the text is broken up by multiple elements. In this case, you can provide a function for your text matcher to make your matcher more flexible.

Ignored nodes: comments, script, style
[36m<body>[39m
  [36m<div>[39m
    [36m<div[39m
      [33mclass[39m=[32m"df-app"[39m
    [36m>[39m
      [36m<div[39m
        [33mclass[39m=[32m"df-shell"[39m
      [36m>[39m
        [36m<header[39m
          [33mclass[39m=[32m"df-foundation-header"[39m
        [36m>[39m
          [36m<strong>[39m
            [0mDayFrame[0m
          [36m</strong>[39m
          [36m<nav[39m
            [33maria-label[39m=[32m"App Sections"[39m
            [33mclass[39m=[32m"df-foundation-primary"[39m
          [36m>[39m
            [36m<button[39m
              [33maria-pressed[39m=[32m"true"[39m
              [33mclass[39m=[32m"df-secondary-button"[39m
              [33mtype[39m=[32m"button"[39m
            [36m>[39m
              [0mPlanner[0m
            [36m</button>[39m
            [36m<button[39m
              [33maria-pressed[39m=[32m"false"[39m
              [33mclass[39m=[32m"df-secondary-button"[39m
              [33mtype[39m=[32m"button"[39m
            [36m>[39m
              [0mSummary[0m
            [36m</button>[39m
          [36m</nav>[39m
          [36m<div[39m
            [33mclass[39m=[32m"df-foundation-location"[39m
          [36m>[39m
            [36m<h2[39m
              [33mclass[39m=[32m"df-foundation-location-title"[39m
              [33mtabindex[39m=[32m"-1"[39m
            [36m>[39m
              [0mPlanner / Goals[0m
            [36m</h2>[39m
            [36m<button[39m
              [33mclass[39m=[32m"df-secondary-button"[39m
              [33mtype[39m=[32m"button"[39m
            [36m>[39m
              [0mBack[0m
            [36m</button>[39m
          [36m</div>[39m
        [36m</header>[39m
        [36m<div[39m
          [33mclass[39m=[32m"df-foundation-support"[39m
        [36m>[39m
          [36m<div[39m
            [33mclass[39m=[32m"df-foundation-support-content"[39m
          [36m>[39m
            [36m<details[39m
              [33mclass[39m=[32m"df-foundation-utilities"[39m
            [36m>[39m
              [36m<summary>[39m
                [0mSettings and data[0m
              [36m</summary>[39m
              [36m<section[39m
                [33mclass[39m=[32m"df-confirmation df-workflow-block df-workflow-block--profiles"[39m
              [36m>[39m
                [36m<div[39m
                  [33mclass[39m=[32m"df-form-stack"[39m
                [36m>[39m
                  [36m<div[39m
                    [33mclass[39m=[32m"df-screen-header"[39m
                  [36m>[39m
                    [36m<h2[39m
                      [33mclass[39m=[32m"df-panel-title"[39m
                    [36m>[39m
                      [0mSaved Setup Profiles[0m
                    [36m</h2>[39m
                    [36m<p[39m
                      [33mclass[39m=[32m"df-support"[39m
                    [36m>[39m
                      [0mSave named local setups, then load one later to replace the current active setup.[0m
                    [36m</p>[39m
                  [36m</div>[39m
                  [36m<div[39m
                    [33mclass[39m=[32m"df-field"[39m
                  [36m>[39m
                    [36m<label[39m
                      [33mfor[39m=[32m"dayframe-profile-name"[39m
                    [36m>[39m
                      [0mProfile Name[0m
                    [36m</label>[39m
                    [36m<input[39m
                      [33mid[39m=[32m"dayframe-profile-name"[39m
                      [33mplaceholder[39m=[32m"Profile name"[39m
                      [33mtype[39m=[32m"text"[39m
                      [33mvalue[39m=[32m""[39m
                    [36m/>[39m
                  [36m</div>[39m
                  [36m<div[39m
                    [33mclass[39m=[32m"df-screen-actions"[39m
                  [36m>[39m
                    [36m<button[39m
                      [33mclass[39m=[32m"df-secondary-button"[39m
                      [33mtype[39m=[32m"button"[39m
                    [36m>[39m
                      [0mSave Current Setup as Profile[0m
                    [36m</button>[39m
                  [36m</div>[39m
                  [36m<ul[39m
                    [33mclass[39m=[32m"df-plain-list"[39m
                  [36m>[39m
                    [36m<li>[39m
                      [36m<div>[39m
                        [36m<strong>[39m
                          [0mSource A saved setup[0m
                        [36m</strong>[39m
                        [36m<span[39m
                          [33mclass[39m=[32m"df-muted"[39m
                        [36m>[39m
                          [0m Saved [0m
                          [0m2026-09-24T12:00:00.000Z[0m
                        [36m</span>[39m
                      [36m</div>[39m
                      [36m<div[39m
                        [33mclass[39m=[32m"df-screen-actions"[39m
                      [36m>[39m
                        [36m<button[39m
                          [33mclass[39m=[32m"df-secondary-button"[39m
                          [33mtype[39m=[32m"button"[39m
                        [36m>[39m
                          [0mLoad Profile[0m
                        [36m</button>[39m
                        [36m<button[39m
                          [33mclass[39m=[32m"df-secondary-button"[39m
                          [33mtype[39m=[32m"button"[39m
                        [36m>[39m
                          [0mDelete Profile[0m
                        [36m</button>[39m
                      [36m</div>[39m
                    [36m</li>[39m
                  [36m</ul>[39m
                [36m</div>[39m
                [36m<div[39m
                  [33mclass[39m=[32m"df-screen-actions"[39m
                [36m>[39m
                  [36m<button[39m
                    [33mclass[39m=[32m"df-secondary-button"[39m
                    [33mdisabled[39m=[32m""[39m
                    [33mtype[39m=[32m"button"[39m
                  [36m>[39m
                    [0mPreparing Backup…[0m
                  [36m</button>[39m
                  [36m<button[39m
                    [33maria-describedby[39m=[32m"backup-import-feedback"[39m
                    [33mclass[39m=[32m"df-secondary-button"[39m
                    [33mdisabled[39m=[32m""[39m
                    [33mtype[39m=[32m"button"[39m
                  [36m>[39m
                    [0mImport Setup Backup[0m
                  [36m</button>[39m
                  [36m<button[39m
                    [33mclass[39m=[32m"df-secondary-button"[39m
                    [33mdisabled[39m=[32m""[39m
                    [33mtype[39m=[32m"button"[39m
                  [36m>[39m
                    [0mClear Local Data[0m
    ...

Ignored nodes: comments, script, style
[36m<body>[39m
  [36m<div>[39m
    [36m<div[39m
      [33mclass[39m=[32m"df-app"[39m
    [36m>[39m
      [36m<div[39m
        [33mclass[39m=[32m"df-shell"[39m
      [36m>[39m
        [36m<header[39m
          [33mclass[39m=[32m"df-foundation-header"[39m
        [36m>[39m
          [36m<strong>[39m
            [0mDayFrame[0m
          [36m</strong>[39m
          [36m<nav[39m
            [33maria-label[39m=[32m"App Sections"[39m
            [33mclass[39m=[32m"df-foundation-primary"[39m
          [36m>[39m
            [36m<button[39m
              [33maria-pressed[39m=[32m"true"[39m
              [33mclass[39m=[32m"df-secondary-button"[39m
              [33mtype[39m=[32m"button"[39m
            [36m>[39m
              [0mPlanner[0m
            [36m</button>[39m
            [36m<button[39m
              [33maria-pressed[39m=[32m"false"[39m
              [33mclass[39m=[32m"df-secondary-button"[39m
              [33mtype[39m=[32m"button"[39m
            [36m>[39m
              [0mSummary[0m
            [36m</button>[39m
          [36m</nav>[39m
          [36m<div[39m
            [33mclass[39m=[32m"df-foundation-location"[39m
          [36m>[39m
            [36m<h2[39m
              [33mclass[39m=[32m"df-foundation-location-title"[39m
              [33mtabindex[39m=[32m"-1"[39m
            [36m>[39m
              [0mPlanner / Goals[0m
            [36m</h2>[39m
            [36m<button[39m
              [33mclass[39m=[32m"df-secondary-button"[39m
              [33mtype[39m=[32m"button"[39m
            [36m>[39m
              [0mBack[0m
            [36m</button>[39m
          [36m</div>[39m
        [36m</header>[39m
        [36m<div[39m
          [33mclass[39m=[32m"df-foundation-support"[39m
        [36m>[39m
          [36m<div[39m
            [33mclass[39m=[32m"df-foundation-support-content"[39m
          [36m>[39m
            [36m<details[39m
              [33mclass[39m=[32m"df-foundation-utilities"[39m
            [36m>[39m
              [36m<summary>[39m
                [0mSettings and data[0m
              [36m</summary>[39m
              [36m<section[39m
                [33mclass[39m=[32m"df-confirmation df-workflow-block df-workflow-block--profiles"[39m
              [36m>[39m
                [36m<div[39m
                  [33mclass[39m=[32m"df-form-stack"[39m
                [36m>[39m
                  [36m<div[39m
                    [33mclass[39m=[32m"df-screen-header"[39m
                  [36m>[39m
                    [36m<h2[39m
                      [33mclass[39m=[32m"df-panel-title"[39m
                    [36m>[39m
                      [0mSaved Setup Profiles[0m
                    [36m</h2>[39m
                    [36m<p[39m
                      [33mclass[39m=[32m"df-support"[39m
                    [36m>[39m
                      [0mSave named local setups, then load one later to replace the current active setup.[0m
                    [36m</p>[39m
                  [36m</div>[39m
                  [36m<div[39m
                    [33mclass[39m=[32m"df-field"[39m
                  [36m>[39m
                    [36m<label[39m
                      [33mfor[39m=[32m"dayframe-profile-name"[39m
                    [36m>[39m
                      [0mProfile Name[0m
                    [36m</label>[39m
                    [36m<input[39m
                      [33mid[39m=[32m"dayframe-profile-name"[39m
                      [33mplaceholder[39m=[32m"Profile name"[39m
                      [33mtype[39m=[32m"text"[39m
                      [33mvalue[39m=[32m""[39m
                    [36m/>[39m
                  [36m</div>[39m
                  [36m<div[39m
                    [33mclass[39m=[32m"df-screen-actions"[39m
                  [36m>[39m
                    [36m<button[39m
                      [33mclass[39m=[32m"df-secondary-button"[39m
                      [33mtype[39m=[32m"button"[39m
                    [36m>[39m
                      [0mSave Current Setup as Profile[0m
                    [36m</button>[39m
                  [36m</div>[39m
                  [36m<ul[39m
                    [33mclass[39m=[32m"df-plain-list"[39m
                  [36m>[39m
                    [36m<li>[39m
                      [36m<div>[39m
                        [36m<strong>[39m
                          [0mSource A saved setup[0m
                        [36m</strong>[39m
                        [36m<span[39m
                          [33mclass[39m=[32m"df-muted"[39m
                        [36m>[39m
                          [0m Saved [0m
                          [0m2026-09-24T12:00:00.000Z[0m
                        [36m</span>[39m
                      [36m</div>[39m
                      [36m<div[39m
                        [33mclass[39m=[32m"df-screen-actions"[39m
                      [36m>[39m
                        [36m<button[39m
                          [33mclass[39m=[32m"df-secondary-button"[39m
                          [33mtype[39m=[32m"button"[39m
                        [36m>[39m
                          [0mLoad Profile[0m
                        [36m</button>[39m
                        [36m<button[39m
                          [33mclass[39m=[32m"df-secondary-button"[39m
                          [33mtype[39m=[32m"button"[39m
                        [36m>[39m
                          [0mDelete Profile[0m
                        [36m</button>[39m
                      [36m</div>[39m
                    [36m</li>[39m
                  [36m</ul>[39m
                [36m</div>[39m
                [36m<div[39m
                  [33mclass[39m=[32m"df-screen-actions"[39m
                [36m>[39m
                  [36m<button[39m
                    [33mclass[39m=[32m"df-secondary-button"[39m
                    [33mdisabled[39m=[32m""[39m
                    [33mtype[39m=[32m"button"[39m
                  [36m>[39m
                    [0mPreparing Backup…[0m
                  [36m</button>[39m
                  [36m<button[39m
                    [33maria-describedby[39m=[32m"backup-import-feedback"[39m
                    [33mclass[39m=[32m"df-secondary-button"[39m
                    [33mdisabled[39m=[32m""[39m
                    [33mtype[39m=[32m"button"[39m
                  [36m>[39m
                    [0mImport Setup Backup[0m
                  [36m</button>[39m
                  [36m<button[39m
                    [33mclass[39m=[32m"df-secondary-button"[39m
                    [33mdisabled[39m=[32m""[39m
                    [33mtype[39m=[32m"button"[39m
                  [36m>[39m
                    [0mClear Local Data[0m
    ...
 ❯ waitForWrapper node_modules/@testing-library/dom/dist/wait-for.js:163:27
 ❯ node_modules/@testing-library/dom/dist/query-helpers.js:86:33
 ❯ src/ui/tests/GoalStructureAuthoring.test.tsx:400:16
    398|   expect(screen.getByLabelText("Milestone title")).toHaveValue("Struct…
    399|   upload(JSON.stringify(f.backup));
    400|   await screen.findByText(/Complete backup restored across setup/);
       |                ^
    401|   click("Goals");
    402|   click(

⎯⎯⎯⎯⎯⎯⎯⎯⎯⎯⎯⎯⎯⎯⎯⎯⎯⎯⎯⎯⎯⎯⎯⎯[3/4]⎯

 FAIL  src/ui/tests/GoalStructureAuthoring.test.tsx > actual anomaly preservation import shows retained rows with ordinary writes disabled; recovery invalidates the new editor
Error: Test timed out in 5000ms.
If this is a long-running test, pass a timeout value as the last argument or configure it globally with "testTimeout".
 ❯ src/ui/tests/GoalStructureAuthoring.test.tsx:523:1
    521|   await screen.findByText(/Structure accepted \(/);
    522| });
    523| it("actual anomaly preservation import shows retained rows with ordina…
       | ^
    524|   const f = await v14RestoreFixture();
    525|   const source = structuredClone(f.backup);

⎯⎯⎯⎯⎯⎯⎯⎯⎯⎯⎯⎯⎯⎯⎯⎯⎯⎯⎯⎯⎯⎯⎯⎯[4/4]⎯


 Test Files  2 failed | 161 passed (163)
      Tests  4 failed | 1679 passed (1683)
   Start at  08:58:17
   Duration  63.26s (transform 23.38s, setup 0ms, import 70.08s, tests 349.41s, environment 75.08s)

