npm notice run dayframe@0.1.0 build
npm notice run tsc --noEmit && vite build
vite v8.0.10 building client environment for production...
[2Ktransforming...✓ 221 modules transformed.
rendering chunks...
computing gzip size...
dist/index.html                                                1.09 kB │ gzip:   0.44 kB
dist/.vite/manifest.json                                      25.86 kB │ gzip:   3.21 kB
dist/assets/index-D5PviTJe.css                                37.62 kB │ gzip:   7.03 kB
dist/assets/publicationReceipt-eQQQgln4.js                     0.08 kB │ gzip:   0.09 kB
dist/assets/dayFrameRuntimeAuthority-xpXPkD2o.js               0.10 kB │ gzip:   0.12 kB
dist/assets/useGoalEditingState-C7mcpKpp.js                    0.17 kB │ gzip:   0.16 kB
dist/assets/rolldown-runtime-9SAPJn0b.js                       0.22 kB │ gzip:   0.19 kB
dist/assets/capacityFingerprint-D6Kh-Up0.js                    0.38 kB │ gzip:   0.29 kB
dist/assets/evidence-9HCT6WGI.js                               0.40 kB │ gzip:   0.29 kB
dist/assets/useGoalPresentationState-Bs_7I__C.js               0.47 kB │ gzip:   0.32 kB
dist/assets/DurationFields-DvLXToIA.js                         0.72 kB │ gzip:   0.39 kB
dist/assets/userDay-BjAk0cL3.js                                0.78 kB │ gzip:   0.41 kB
dist/assets/publicationEligibility-Can92lCy.js                 0.83 kB │ gzip:   0.38 kB
dist/assets/dayFrameBackupV10-BUmfC71F.js                      1.13 kB │ gzip:   0.58 kB
dist/assets/reviewScope-BpXD5uiu.js                            1.29 kB │ gzip:   0.63 kB
dist/assets/dayFrameBackupV9-C1GdFWnX.js                       1.38 kB │ gzip:   0.71 kB
dist/assets/productEvidenceSources-C6vjiRPB.js                 1.49 kB │ gzip:   0.69 kB
dist/assets/dayFrameBackupV13-DCNoWqJR.js                      1.69 kB │ gzip:   0.75 kB
dist/assets/dayFrameBackupV12-CsfgD4pR.js                      1.70 kB │ gzip:   0.79 kB
dist/assets/schedulingRealization-SqLJUDFx.js                  1.75 kB │ gzip:   0.77 kB
dist/assets/dayFrameBackupV8-44tpiA4n.js                       1.77 kB │ gzip:   0.78 kB
dist/assets/dayFrameBackupV14-BGZHJp8G.js                      1.77 kB │ gzip:   0.76 kB
dist/assets/dayFrameBackupV11-CeOiUi3G.js                      1.78 kB │ gzip:   0.78 kB
dist/assets/todayQuery-D3ZHgmYC.js                             1.82 kB │ gzip:   0.78 kB
dist/assets/sleepExecutionCommand-CkUC3i2h.js                  2.00 kB │ gzip:   0.86 kB
dist/assets/MyScheduleSurface-C28guSX2.js                      2.52 kB │ gzip:   1.03 kB
dist/assets/schedulePublication-M7HVTRrF.js                    2.57 kB │ gzip:   0.99 kB
dist/assets/sleepHistoryQuery-B2OqVskg.js                      2.89 kB │ gzip:   1.18 kB
dist/assets/allocationSurface-C9kKKiyT.js                      2.93 kB │ gzip:   0.90 kB
dist/assets/capacitySurface-COrbWEmu.js                        3.08 kB │ gzip:   1.31 kB
dist/assets/goalDemandProjectionQuery-BqnSI4zu.js              3.24 kB │ gzip:   1.22 kB
dist/assets/planningResultCopy-32X48U7X.js                     3.52 kB │ gzip:   1.43 kB
dist/assets/acceptedAllocationRealization-C0hC3DHE.js          3.54 kB │ gzip:   1.35 kB
dist/assets/planningFoundation-CDaeYT_G.js                     3.72 kB │ gzip:   1.48 kB
dist/assets/acceptedPlanningSummaryPresentation-a2lF-a2V.js    3.83 kB │ gzip:   1.51 kB
dist/assets/dayFrameBackupV7-6eaiZIpo.js                       3.86 kB │ gzip:   0.97 kB
dist/assets/sleepRequirement-BF3kSIge.js                       4.03 kB │ gzip:   1.64 kB
dist/assets/buildTodayReadModel-Ccd1zl5c.js                    4.13 kB │ gzip:   1.51 kB
dist/assets/competingDemand-4IdlIbwo.js                        4.21 kB │ gzip:   1.54 kB
dist/assets/completionDistribution-CCWHCwid.js                 4.36 kB │ gzip:   1.69 kB
dist/assets/planningScopeQuery-Cg2_8uKF.js                     4.51 kB │ gzip:   1.76 kB
dist/assets/goalStructureTemporal-DY2GcRYU.js                  4.73 kB │ gzip:   1.73 kB
dist/assets/plannerReviewPresentation-LO32rg1u.js              4.79 kB │ gzip:   1.64 kB
dist/assets/goalActivity-CHVPdjUv.js                           4.87 kB │ gzip:   1.86 kB
dist/assets/realizationSurface-D7Ao1XRf.js                     4.99 kB │ gzip:   1.62 kB
dist/assets/goalFeasibility-B-WYjekw.js                        5.66 kB │ gzip:   2.03 kB
dist/assets/DayOutcomeControl-D0SEyyVj.js                      5.97 kB │ gzip:   2.16 kB
dist/assets/LegacySleepConversionSection-k_ccTi7p.js           6.55 kB │ gzip:   2.29 kB
dist/assets/dayFrameDurableDb-Dt7pkWWV.js                      6.69 kB │ gzip:   2.32 kB
dist/assets/selectedDayEvidenceQuery-BkqafFKw.js               7.28 kB │ gzip:   2.55 kB
dist/assets/allocation-DQWo4d6y.js                             7.36 kB │ gzip:   2.54 kB
dist/assets/legacySleepConversion-Z2kHxBQQ.js                  7.37 kB │ gzip:   2.71 kB
dist/assets/capacity-RhFvllyj.js                               7.42 kB │ gzip:   2.40 kB
dist/assets/goalDemand-DsxgWTCn.js                             7.46 kB │ gzip:   2.54 kB
dist/assets/compositionSurface-BOD_l8Y4.js                     8.27 kB │ gzip:   2.89 kB
dist/assets/deriveFoundationalSchedule-Cj2TnjQD.js             8.30 kB │ gzip:   2.97 kB
dist/assets/GoalRecordedInspection-DRoMf2r4.js                 8.61 kB │ gzip:   3.32 kB
dist/assets/goalStructureSurface-B4iL_c1j.js                   8.78 kB │ gzip:   2.69 kB
dist/assets/acceptedPlanningEvidenceQuery-CaqvCQNL.js          8.90 kB │ gzip:   2.67 kB
dist/assets/proposalSurface-BHgmBJm9.js                        9.03 kB │ gzip:   3.02 kB
dist/assets/goalStructure-DYvUVgHT.js                          9.06 kB │ gzip:   2.71 kB
dist/assets/SleepRequirementSection-BXp49eMY.js                9.60 kB │ gzip:   3.20 kB
dist/assets/goalPlanningSurface-C3JT_GRr.js                   10.03 kB │ gzip:   3.01 kB
dist/assets/commitmentComposition-vn3W6WX3.js                 10.79 kB │ gzip:   3.64 kB
dist/assets/queryMonthlyPlanner-DTzHpv5Y.js                   10.83 kB │ gzip:   3.79 kB
dist/assets/demandResourceFootprint-DPxk-zjI.js               11.31 kB │ gzip:   3.36 kB
dist/assets/materializePlanPublication-CiW5HWXW.js            12.32 kB │ gzip:   3.61 kB
dist/assets/AcceptedPlanningSummary-BZaHAIUR.js               12.91 kB │ gzip:   3.70 kB
dist/assets/ScheduleReviewPanel-9fp9mN0K.js                   13.30 kB │ gzip:   4.20 kB
dist/assets/proposal-CT93T8zS.js                              13.85 kB │ gzip:   4.06 kB
dist/assets/GoalAcceptedPlanningSection-B6afZ4_N.js           15.19 kB │ gzip:   4.71 kB
dist/assets/DayWorksurface-BtPA3g5a.js                        15.58 kB │ gzip:   4.85 kB
dist/assets/resolveRequiredSleep-Dd7zc98B.js                  18.42 kB │ gzip:   5.75 kB
dist/assets/HistoricalIntelligenceSummary-B6et7twa.js         18.79 kB │ gzip:   5.04 kB
dist/assets/MonthlyPlannerSurface-DKQ4dkO9.js                 19.20 kB │ gzip:   5.33 kB
dist/assets/GoalActivitySummary-TMNcxgYv.js                   19.56 kB │ gzip:   5.65 kB
dist/assets/GoalStructureSection-gYVYjafh.js                  20.24 kB │ gzip:   6.45 kB
dist/assets/GoalPlanningSection-D6v3lo72.js                   22.61 kB │ gzip:   7.11 kB
dist/assets/PreviewScreen-B4rIZ7Vo.js                         23.37 kB │ gzip:   6.03 kB
dist/assets/backupTransferSurface-BnoGy77s.js                 23.79 kB │ gzip:   3.57 kB
dist/assets/dayFrameRestoreComposition-DRPXFJeG.js            34.71 kB │ gzip:   7.41 kB
dist/assets/GoalSection-DAppNGGJ.js                           36.24 kB │ gzip:   9.36 kB
dist/assets/SetupScreen-DQoMbqpW.js                           62.65 kB │ gzip:  13.25 kB
dist/assets/vendor-react-BiBT4RTg.js                         189.63 kB │ gzip:  59.64 kB
dist/assets/index-D78HQ7cf.js                                431.84 kB │ gzip: 102.92 kB

✓ built in 264ms
