npm notice run dayframe@0.1.0 build
npm notice run tsc --noEmit && vite build
vite v8.0.10 building client environment for production...
[2Ktransforming...✓ 216 modules transformed.
rendering chunks...
computing gzip size...
dist/index.html                                                1.00 kB │ gzip:   0.42 kB
dist/.vite/manifest.json                                      23.98 kB │ gzip:   3.00 kB
dist/assets/index-BfTmN9rC.css                                36.20 kB │ gzip:   6.78 kB
dist/assets/dayFrameRuntimeAuthority-xpXPkD2o.js               0.10 kB │ gzip:   0.12 kB
dist/assets/useGoalEditingState-DFpFOVAQ.js                    0.17 kB │ gzip:   0.16 kB
dist/assets/rolldown-runtime-9SAPJn0b.js                       0.22 kB │ gzip:   0.19 kB
dist/assets/capacityFingerprint-D6Kh-Up0.js                    0.38 kB │ gzip:   0.29 kB
dist/assets/evidence-VBL7NiSc.js                               0.40 kB │ gzip:   0.30 kB
dist/assets/DurationFields-BsBeCHQ1.js                         0.72 kB │ gzip:   0.39 kB
dist/assets/userDay-BjAk0cL3.js                                0.78 kB │ gzip:   0.41 kB
dist/assets/publicationEligibility-DqZIoiJ-.js                 0.83 kB │ gzip:   0.38 kB
dist/assets/dayFrameBackupV10-BA-N1MYM.js                      1.13 kB │ gzip:   0.58 kB
dist/assets/reviewScope-CIsLw1hr.js                            1.29 kB │ gzip:   0.63 kB
dist/assets/dayFrameBackupV9-BPdkUG9T.js                       1.38 kB │ gzip:   0.70 kB
dist/assets/productEvidenceSources-DeuOP3Vb.js                 1.49 kB │ gzip:   0.69 kB
dist/assets/dayFrameBackupV13-WxwuJWaC.js                      1.69 kB │ gzip:   0.75 kB
dist/assets/dayFrameBackupV12-DfBYf_6H.js                      1.70 kB │ gzip:   0.79 kB
dist/assets/dayFrameBackupV8-DeKlU0zW.js                       1.77 kB │ gzip:   0.78 kB
dist/assets/dayFrameBackupV14-DOt-GgPM.js                      1.77 kB │ gzip:   0.76 kB
dist/assets/dayFrameBackupV11-CV3OuUAx.js                      1.78 kB │ gzip:   0.78 kB
dist/assets/schedulingRealization-DwJfSH1A.js                  1.81 kB │ gzip:   0.81 kB
dist/assets/todayQuery-DiimS2cJ.js                             1.82 kB │ gzip:   0.78 kB
dist/assets/sleepExecutionCommand-51h1xRbx.js                  2.00 kB │ gzip:   0.86 kB
dist/assets/schedulePublication-D6s4kCKb.js                    2.08 kB │ gzip:   0.85 kB
dist/assets/MyScheduleSurface-zdD8krIK.js                      2.52 kB │ gzip:   1.03 kB
dist/assets/allocationSurface-c8A4kJqa.js                      2.83 kB │ gzip:   0.86 kB
dist/assets/sleepHistoryQuery-Di7KrFZ9.js                      2.89 kB │ gzip:   1.18 kB
dist/assets/capacitySurface-DMjILZvl.js                        2.95 kB │ gzip:   1.26 kB
dist/assets/goalDemandProjectionQuery-CxFlcMFJ.js              3.05 kB │ gzip:   1.15 kB
dist/assets/planningResultCopy-DDrfzngG.js                     3.52 kB │ gzip:   1.43 kB
dist/assets/acceptedAllocationRealization-DI4eeNsc.js          3.54 kB │ gzip:   1.35 kB
dist/assets/planningFoundation-YqWxxbyn.js                     3.72 kB │ gzip:   1.48 kB
dist/assets/acceptedPlanningSummaryPresentation-8E4kW7nR.js    3.83 kB │ gzip:   1.51 kB
dist/assets/dayFrameBackupV7-BxOEY4eB.js                       3.86 kB │ gzip:   0.97 kB
dist/assets/sleepRequirement-BF3kSIge.js                       4.03 kB │ gzip:   1.64 kB
dist/assets/buildTodayReadModel-BSnCmv-c.js                    4.13 kB │ gzip:   1.51 kB
dist/assets/competingDemand-Dg_vB8g9.js                        4.21 kB │ gzip:   1.54 kB
dist/assets/completionDistribution-ClxTv0FV.js                 4.24 kB │ gzip:   1.63 kB
dist/assets/planningScopeQuery-eD_EVbCI.js                     4.51 kB │ gzip:   1.76 kB
dist/assets/plannerReviewPresentation-_CCxiVOK.js              4.79 kB │ gzip:   1.64 kB
dist/assets/goalActivity-BTXgCoff.js                           4.94 kB │ gzip:   1.89 kB
dist/assets/realizationSurface-kaO7cMkZ.js                     4.99 kB │ gzip:   1.61 kB
dist/assets/goalFeasibility-CMUWR-Te.js                        5.66 kB │ gzip:   2.03 kB
dist/assets/DayOutcomeControl-D0cnNRfF.js                      5.97 kB │ gzip:   2.16 kB
dist/assets/goalStructureSurface-I83X_hoH.js                   6.51 kB │ gzip:   2.03 kB
dist/assets/dayFrameDurableDb-Dn_VrBM0.js                      6.53 kB │ gzip:   2.24 kB
dist/assets/LegacySleepConversionSection-C3aoqjEM.js           6.55 kB │ gzip:   2.29 kB
dist/assets/selectedDayEvidenceQuery-CBjxHMBD.js               7.28 kB │ gzip:   2.55 kB
dist/assets/allocation-CmTy9Bsn.js                             7.36 kB │ gzip:   2.54 kB
dist/assets/legacySleepConversion-BtokbDD-.js                  7.37 kB │ gzip:   2.71 kB
dist/assets/capacity-BttpoOu3.js                               7.42 kB │ gzip:   2.39 kB
dist/assets/goalDemand-CqzVRF8c.js                             7.46 kB │ gzip:   2.54 kB
dist/assets/compositionSurface-DKWm5jPk.js                     8.27 kB │ gzip:   2.89 kB
dist/assets/deriveFoundationalSchedule-rVFTYyL0.js             8.30 kB │ gzip:   2.97 kB
dist/assets/acceptedPlanningEvidenceQuery-BMaTc2y0.js          8.90 kB │ gzip:   2.69 kB
dist/assets/proposalSurface-BmI-14RB.js                        8.94 kB │ gzip:   3.00 kB
dist/assets/goalStructure-hbDkDmQJ.js                          9.06 kB │ gzip:   2.71 kB
dist/assets/SleepRequirementSection-Brjs3kWs.js                9.56 kB │ gzip:   3.18 kB
dist/assets/goalPlanningSurface-ChW84yuL.js                    9.84 kB │ gzip:   2.93 kB
dist/assets/commitmentComposition-B80YlkU1.js                 10.79 kB │ gzip:   3.64 kB
dist/assets/queryMonthlyPlanner-CrLlbvW6.js                   10.83 kB │ gzip:   3.79 kB
dist/assets/demandResourceFootprint-DFLIncbT.js               11.31 kB │ gzip:   3.36 kB
dist/assets/materializePlanPublication-mKG4NcLy.js            12.32 kB │ gzip:   3.64 kB
dist/assets/ScheduleReviewPanel-rXMspVJ5.js                   12.84 kB │ gzip:   4.04 kB
dist/assets/AcceptedPlanningSummary-BL-eugUU.js               12.91 kB │ gzip:   3.70 kB
dist/assets/proposal-UynMOWZX.js                              13.85 kB │ gzip:   4.06 kB
dist/assets/GoalAcceptedPlanningSection-BaVyDfyX.js           15.19 kB │ gzip:   4.71 kB
dist/assets/DayWorksurface-DrF00hot.js                        15.58 kB │ gzip:   4.85 kB
dist/assets/resolveRequiredSleep-D9QjwtWH.js                  18.42 kB │ gzip:   5.74 kB
dist/assets/MonthlyPlannerSurface-BKCwAI8R.js                 19.20 kB │ gzip:   5.33 kB
dist/assets/GoalPlanningSection-D4c1XaGi.js                   22.30 kB │ gzip:   7.00 kB
dist/assets/PreviewScreen-DMnPnpaZ.js                         23.37 kB │ gzip:   6.03 kB
dist/assets/backupTransferSurface-CP5q5JQW.js                 23.73 kB │ gzip:   3.60 kB
dist/assets/dayFrameRestoreComposition-B7ZvwmJj.js            34.13 kB │ gzip:   7.22 kB
dist/assets/GoalSection-ceEyWW8C.js                           35.34 kB │ gzip:   9.10 kB
dist/assets/HistoricalIntelligenceSummary-DxDrZgjN.js         35.72 kB │ gzip:   8.47 kB
dist/assets/SetupScreen-CsxLW0gW.js                           62.65 kB │ gzip:  13.25 kB
dist/assets/vendor-react-BiBT4RTg.js                         189.63 kB │ gzip:  59.64 kB
dist/assets/index-CTRyU76l.js                                421.40 kB │ gzip: 100.05 kB

✓ built in 319ms
