npm notice run dayframe@0.1.0 build
npm notice run tsc --noEmit && vite build
vite v8.0.10 building client environment for production...
[2Ktransforming...✓ 217 modules transformed.
rendering chunks...
computing gzip size...
dist/index.html                                                1.00 kB │ gzip:   0.42 kB
dist/.vite/manifest.json                                      24.32 kB │ gzip:   3.03 kB
dist/assets/index-BfTmN9rC.css                                36.20 kB │ gzip:   6.78 kB
dist/assets/dayFrameRuntimeAuthority-xpXPkD2o.js               0.10 kB │ gzip:   0.12 kB
dist/assets/useGoalEditingState-BkEHYafW.js                    0.17 kB │ gzip:   0.16 kB
dist/assets/rolldown-runtime-9SAPJn0b.js                       0.22 kB │ gzip:   0.19 kB
dist/assets/capacityFingerprint-D6Kh-Up0.js                    0.38 kB │ gzip:   0.29 kB
dist/assets/evidence-Dm2kq14Z.js                               0.40 kB │ gzip:   0.29 kB
dist/assets/DurationFields-K1j31MVd.js                         0.72 kB │ gzip:   0.39 kB
dist/assets/userDay-BjAk0cL3.js                                0.78 kB │ gzip:   0.41 kB
dist/assets/publicationEligibility-CqzZKq3R.js                 0.83 kB │ gzip:   0.38 kB
dist/assets/dayFrameBackupV10-Cyn2q3Q8.js                      1.13 kB │ gzip:   0.58 kB
dist/assets/reviewScope-BBNgRxUz.js                            1.29 kB │ gzip:   0.63 kB
dist/assets/dayFrameBackupV9-Bq-W02_t.js                       1.38 kB │ gzip:   0.70 kB
dist/assets/productEvidenceSources-BtaF-IfU.js                 1.49 kB │ gzip:   0.69 kB
dist/assets/dayFrameBackupV13-Du88Pjq3.js                      1.69 kB │ gzip:   0.74 kB
dist/assets/dayFrameBackupV12-ChyGApxn.js                      1.70 kB │ gzip:   0.79 kB
dist/assets/dayFrameBackupV8-CEdLL37E.js                       1.77 kB │ gzip:   0.78 kB
dist/assets/dayFrameBackupV14-7RMcyyKp.js                      1.77 kB │ gzip:   0.76 kB
dist/assets/dayFrameBackupV11-Dpsyd6NS.js                      1.78 kB │ gzip:   0.78 kB
dist/assets/schedulingRealization-hQ2LvSjY.js                  1.81 kB │ gzip:   0.81 kB
dist/assets/todayQuery-uOJ9awOG.js                             1.82 kB │ gzip:   0.78 kB
dist/assets/sleepExecutionCommand-CWUHz8pv.js                  2.00 kB │ gzip:   0.85 kB
dist/assets/schedulePublication-DovyZIjQ.js                    2.08 kB │ gzip:   0.85 kB
dist/assets/MyScheduleSurface-6bRfHiQM.js                      2.52 kB │ gzip:   1.03 kB
dist/assets/sleepHistoryQuery-f7xTMOyy.js                      2.89 kB │ gzip:   1.18 kB
dist/assets/allocationSurface-VG7xcbyy.js                      2.93 kB │ gzip:   0.90 kB
dist/assets/capacitySurface-BCCavn5u.js                        3.04 kB │ gzip:   1.29 kB
dist/assets/goalDemandProjectionQuery-BW0TI6m6.js              3.24 kB │ gzip:   1.22 kB
dist/assets/planningResultCopy-C4MdIE1l.js                     3.52 kB │ gzip:   1.43 kB
dist/assets/acceptedAllocationRealization-B8fS_P92.js          3.54 kB │ gzip:   1.35 kB
dist/assets/planningFoundation-BOUX7fHx.js                     3.72 kB │ gzip:   1.48 kB
dist/assets/acceptedPlanningSummaryPresentation-9tMOq_HU.js    3.83 kB │ gzip:   1.51 kB
dist/assets/dayFrameBackupV7-D65IxQC2.js                       3.86 kB │ gzip:   0.97 kB
dist/assets/sleepRequirement-BF3kSIge.js                       4.03 kB │ gzip:   1.64 kB
dist/assets/buildTodayReadModel-BSnCmv-c.js                    4.13 kB │ gzip:   1.51 kB
dist/assets/competingDemand-Dg_vB8g9.js                        4.21 kB │ gzip:   1.54 kB
dist/assets/completionDistribution-DP-cgVcH.js                 4.24 kB │ gzip:   1.62 kB
dist/assets/planningScopeQuery-D51NDeLk.js                     4.51 kB │ gzip:   1.76 kB
dist/assets/goalStructureTemporal-DOQ5JJ7z.js                  4.73 kB │ gzip:   1.73 kB
dist/assets/plannerReviewPresentation-CniQZ8sh.js              4.79 kB │ gzip:   1.64 kB
dist/assets/goalActivity-BRcjs4yB.js                           4.94 kB │ gzip:   1.89 kB
dist/assets/realizationSurface-Cla2KaTt.js                     4.99 kB │ gzip:   1.62 kB
dist/assets/goalFeasibility-B2MYX7pX.js                        5.66 kB │ gzip:   2.03 kB
dist/assets/DayOutcomeControl-BRqz7hgA.js                      5.97 kB │ gzip:   2.16 kB
dist/assets/LegacySleepConversionSection-BALYejjd.js           6.55 kB │ gzip:   2.29 kB
dist/assets/dayFrameDurableDb-5Oy7RcIX.js                      6.58 kB │ gzip:   2.27 kB
dist/assets/selectedDayEvidenceQuery-DhXUJMm9.js               7.28 kB │ gzip:   2.55 kB
dist/assets/allocation-CmTy9Bsn.js                             7.36 kB │ gzip:   2.54 kB
dist/assets/legacySleepConversion-0UrZCpqT.js                  7.37 kB │ gzip:   2.71 kB
dist/assets/capacity-BVbUWmnF.js                               7.42 kB │ gzip:   2.39 kB
dist/assets/goalDemand-CbcpsVCi.js                             7.46 kB │ gzip:   2.55 kB
dist/assets/compositionSurface-CuCECSwC.js                     8.27 kB │ gzip:   2.89 kB
dist/assets/deriveFoundationalSchedule-xbeXJ9e-.js             8.30 kB │ gzip:   2.97 kB
dist/assets/goalStructureSurface-C1_h4Kib.js                   8.78 kB │ gzip:   2.70 kB
dist/assets/acceptedPlanningEvidenceQuery-BRpwnFXD.js          8.90 kB │ gzip:   2.67 kB
dist/assets/proposalSurface-DlIyO71X.js                        9.03 kB │ gzip:   3.02 kB
dist/assets/goalStructure-_Nb1Lah8.js                          9.06 kB │ gzip:   2.72 kB
dist/assets/SleepRequirementSection-CGbqvLqd.js                9.56 kB │ gzip:   3.18 kB
dist/assets/goalPlanningSurface-C7i_BSNJ.js                    9.99 kB │ gzip:   2.99 kB
dist/assets/commitmentComposition-B80YlkU1.js                 10.79 kB │ gzip:   3.64 kB
dist/assets/queryMonthlyPlanner-BZr2qVGn.js                   10.83 kB │ gzip:   3.79 kB
dist/assets/demandResourceFootprint-DLyqS4_Q.js               11.31 kB │ gzip:   3.36 kB
dist/assets/materializePlanPublication-Dv-1UV6B.js            12.32 kB │ gzip:   3.61 kB
dist/assets/ScheduleReviewPanel-C3z_xlYE.js                   12.84 kB │ gzip:   4.04 kB
dist/assets/AcceptedPlanningSummary-BL--Dyr-.js               12.91 kB │ gzip:   3.70 kB
dist/assets/proposal-UynMOWZX.js                              13.85 kB │ gzip:   4.06 kB
dist/assets/GoalAcceptedPlanningSection-BJd9A4nj.js           15.19 kB │ gzip:   4.71 kB
dist/assets/DayWorksurface-Cut-ChUj.js                        15.58 kB │ gzip:   4.85 kB
dist/assets/resolveRequiredSleep-Cdxf1BqS.js                  18.42 kB │ gzip:   5.75 kB
dist/assets/MonthlyPlannerSurface-ByM5YyjF.js                 19.20 kB │ gzip:   5.33 kB
dist/assets/GoalPlanningSection-Brj0wU1Q.js                   22.61 kB │ gzip:   7.11 kB
dist/assets/PreviewScreen-pOIHHEgo.js                         23.37 kB │ gzip:   6.03 kB
dist/assets/backupTransferSurface-DCPTsA4H.js                 23.73 kB │ gzip:   3.55 kB
dist/assets/dayFrameRestoreComposition-BaZ7Uqgm.js            34.57 kB │ gzip:   7.36 kB
dist/assets/GoalSection-DmkN9Ebo.js                           35.34 kB │ gzip:   9.09 kB
dist/assets/HistoricalIntelligenceSummary-mn5Yb6lD.js         35.72 kB │ gzip:   8.47 kB
dist/assets/SetupScreen-CkoKaqKd.js                           62.65 kB │ gzip:  13.25 kB
dist/assets/vendor-react-BiBT4RTg.js                         189.63 kB │ gzip:  59.64 kB
dist/assets/index-CbkBvYlc.js                                423.91 kB │ gzip: 100.67 kB

✓ built in 290ms
