file:///home/sid/Penn%20Digital%20Services/DayFrame/docs/implementation/phase-9/evidence/task-9.29.4/browser-driver-RESULT.mjs:42
  throw Error(
        ^

Error: Timed out: [...document.querySelectorAll('button,summary')].some(x=>x.checkVisibility()&&x.textContent.trim()==="Retry scheduling")
DayFrame
Planner
Summary
Planner / Review Plan
Back
Settings and data
Saved Setup Profiles

Save named local setups, then load one later to replace the current active setup.

Profile Name
Save Current Setup as Profile

No saved profiles yet.

Export Complete Backup
Import Setup Backup
Clear Local Data

Complete backups include setup, profiles, accepted decisions, historical plans, execution outcomes, notes, and timestamps. Preview data is not included; protect the downloaded JSON as private personal data.

Planner
Calendar
My Schedule
Goals
Review Plan
Selected day: 2026-09-25
Today
Review Plan
Generate Schedule

Finish setup before generating a schedule:

Add at least one shift definition.
Add at least one shift cycle.
Add or include at least one block template.

REVIEW WORKFLOW

Review readiness

2026-09-26 through 2026-09-27 (exclusive)

Planning data
unknown
Preview coverage
doesNotCover
Preview freshness
unavailable
Schedule conflicts
0
Accepted awaiting realization
3
Proposals
0
Not ready to publish
Planning-data coverage is unknown for this period.
Generate a Preview for this review period.
Accepted resource claims are awaiting realization.

No publication exists for this period.

Decision recorded. Acceptance is saved, but scheduling has not completed. Scheduling could not be saved. Check local storage and retry.

Generate Preview
Publish schedule: 2026-09-26–2026-09-27 (exclusive)
Accepted authority awaiting realization

Accepted resource intent has not reached scheduled reality. Inspect or resolve the schedule before publication. Acceptance is saved; retry scheduling without accepting again.

Retry scheduling accepted work

No actionable Proposal intersects this Review Scope.

Schedule details

No schedule generated yet.

Generate a schedule to review work, placed commitments, and anything that still needs attention.
    at until (file:///home/sid/Penn%20Digital%20Services/DayFrame/docs/implementation/phase-9/evidence/task-9.29.4/browser-driver-RESULT.mjs:42:9)
    at async click (file:///home/sid/Penn%20Digital%20Services/DayFrame/docs/implementation/phase-9/evidence/task-9.29.4/browser-driver-RESULT.mjs:49:3)
    at async file:///home/sid/Penn%20Digital%20Services/DayFrame/docs/implementation/phase-9/evidence/task-9.29.4/browser-driver-RESULT.mjs:213:1

Node.js v22.23.2
