node:internal/deps/undici/undici:15157
      Error.captureStackTrace(err);
            ^

TypeError: fetch failed
    at node:internal/deps/undici/undici:15157:13
    at process.processTicksAndRejections (node:internal/process/task_queues:103:5)
    at async file:///home/sid/Penn%20Digital%20Services/DayFrame/docs/implementation/phase-9/evidence/task-9.29.4/browser-driver-RESULT.mjs:7:24 {
  [cause]: Error: connect EPERM 127.0.0.1:9344 - Local (undefined:undefined)
      at internalConnect (node:net:1111:16)
      at defaultTriggerAsyncIdScope (node:internal/async_hooks:472:18)
      at node:net:1357:9
      at process.processTicksAndRejections (node:internal/process/task_queues:84:11) {
    errno: -1,
    code: 'EPERM',
    syscall: 'connect',
    address: '127.0.0.1',
    port: 9344
  }
}

Node.js v22.23.2
