npm notice run dayframe@0.1.0 build
npm notice run tsc --noEmit && vite build
vite v8.0.10 building client environment for production...
[2Ktransforming...✓ 223 modules transformed.
rendering chunks...
computing gzip size...
dist/index.html                                                1.09 kB │ gzip:   0.44 kB
dist/.vite/manifest.json                                      26.15 kB │ gzip:   3.25 kB
dist/assets/index-D5PviTJe.css                                37.62 kB │ gzip:   7.03 kB
dist/assets/publicationReceipt-eQQQgln4.js                     0.08 kB │ gzip:   0.09 kB
dist/assets/dayFrameRuntimeAuthority-xpXPkD2o.js               0.10 kB │ gzip:   0.12 kB
dist/assets/useGoalEditingState-BR34lgll.js                    0.17 kB │ gzip:   0.16 kB
dist/assets/rolldown-runtime-9SAPJn0b.js                       0.22 kB │ gzip:   0.19 kB
dist/assets/capacityFingerprint-D6Kh-Up0.js                    0.38 kB │ gzip:   0.29 kB
dist/assets/evidence-CpSs5Be7.js                               0.40 kB │ gzip:   0.29 kB
dist/assets/useGoalPresentationState-C5_TGX7X.js               0.47 kB │ gzip:   0.32 kB
dist/assets/DurationFields-BU1nAfUr.js                         0.72 kB │ gzip:   0.39 kB
dist/assets/userDay-BjAk0cL3.js                                0.78 kB │ gzip:   0.41 kB
dist/assets/publicationEligibility-Bg8pk8Q7.js                 0.83 kB │ gzip:   0.38 kB
dist/assets/acceptancePersistence-de_50XU9.js                  0.98 kB │ gzip:   0.50 kB
dist/assets/dayFrameBackupV10-BdUU5XuX.js                      1.13 kB │ gzip:   0.58 kB
dist/assets/reviewScope-sqiOZOio.js                            1.29 kB │ gzip:   0.63 kB
dist/assets/dayFrameBackupV9-CYs4NyLs.js                       1.38 kB │ gzip:   0.70 kB
dist/assets/productEvidenceSources-Bntoq9ff.js                 1.49 kB │ gzip:   0.69 kB
dist/assets/dayFrameBackupV13-CDR0SiYQ.js                      1.69 kB │ gzip:   0.75 kB
dist/assets/dayFrameBackupV12-Bz-9dPUx.js                      1.70 kB │ gzip:   0.79 kB
dist/assets/schedulingRealization-CxCNJuo0.js                  1.75 kB │ gzip:   0.77 kB
dist/assets/dayFrameBackupV8-C-xuMguo.js                       1.77 kB │ gzip:   0.78 kB
dist/assets/dayFrameBackupV14-Jg0yvM8X.js                      1.77 kB │ gzip:   0.76 kB
dist/assets/dayFrameBackupV11-CNHB_me0.js                      1.78 kB │ gzip:   0.78 kB
dist/assets/todayQuery-CoRivUYT.js                             1.82 kB │ gzip:   0.78 kB
dist/assets/sleepExecutionCommand-C3cyr_d9.js                  2.00 kB │ gzip:   0.86 kB
dist/assets/MyScheduleSurface-DCC891-p.js                      2.52 kB │ gzip:   1.03 kB
dist/assets/schedulePublication-b_cnRRHu.js                    2.57 kB │ gzip:   0.99 kB
dist/assets/sleepHistoryQuery-Difhc78A.js                      2.89 kB │ gzip:   1.18 kB
dist/assets/allocationSurface-Cw6P811g.js                      2.93 kB │ gzip:   0.90 kB
dist/assets/capacitySurface-TTGFbEiD.js                        3.08 kB │ gzip:   1.31 kB
dist/assets/goalDemandProjectionQuery-dwRyHN1b.js              3.24 kB │ gzip:   1.23 kB
dist/assets/acceptedAllocationRealization-DWiQo6qY.js          3.54 kB │ gzip:   1.35 kB
dist/assets/planningFoundation-kV8w26KX.js                     3.72 kB │ gzip:   1.48 kB
dist/assets/acceptedPlanningSummaryPresentation-wfxrtj2q.js    3.83 kB │ gzip:   1.51 kB
dist/assets/dayFrameBackupV7-OwWl4q1g.js                       3.86 kB │ gzip:   0.97 kB
dist/assets/sleepRequirement-BF3kSIge.js                       4.03 kB │ gzip:   1.64 kB
dist/assets/buildTodayReadModel-Ccd1zl5c.js                    4.13 kB │ gzip:   1.51 kB
dist/assets/competingDemand-4IdlIbwo.js                        4.21 kB │ gzip:   1.54 kB
dist/assets/completionDistribution-OB1h8BZY.js                 4.36 kB │ gzip:   1.69 kB
dist/assets/planningResultCopy-CDx-otDr.js                     4.37 kB │ gzip:   1.72 kB
dist/assets/planningScopeQuery-Be7zm7NZ.js                     4.51 kB │ gzip:   1.76 kB
dist/assets/goalStructureTemporal-Dni3XZGJ.js                  4.73 kB │ gzip:   1.73 kB
dist/assets/plannerReviewPresentation-JLCPgskP.js              4.79 kB │ gzip:   1.64 kB
dist/assets/goalActivity-BaQUWKYF.js                           4.87 kB │ gzip:   1.86 kB
dist/assets/goalFeasibility-DiQTtvTu.js                        5.66 kB │ gzip:   2.03 kB
dist/assets/DayOutcomeControl-DAWPwOy6.js                      5.97 kB │ gzip:   2.16 kB
dist/assets/LegacySleepConversionSection-tkhaKDPR.js           6.55 kB │ gzip:   2.29 kB
dist/assets/dayFrameDurableDb-Dt7pkWWV.js                      6.69 kB │ gzip:   2.32 kB
dist/assets/selectedDayEvidenceQuery-bfHGjqWw.js               7.28 kB │ gzip:   2.55 kB
dist/assets/allocation-DQWo4d6y.js                             7.36 kB │ gzip:   2.54 kB
dist/assets/legacySleepConversion-DPoeV00a.js                  7.37 kB │ gzip:   2.71 kB
dist/assets/capacity-DJWi_uh5.js                               7.42 kB │ gzip:   2.39 kB
dist/assets/goalDemand-KlyYpDvA.js                             7.46 kB │ gzip:   2.54 kB
dist/assets/realizationSurface-Ck8EF5KK.js                     7.60 kB │ gzip:   2.48 kB
dist/assets/compositionSurface-B-qppUbi.js                     8.27 kB │ gzip:   2.89 kB
dist/assets/GoalRecordedInspection-BiJm52Vf.js                 8.61 kB │ gzip:   3.32 kB
dist/assets/goalStructureSurface-BvHXCpeb.js                   8.78 kB │ gzip:   2.70 kB
dist/assets/acceptedPlanningEvidenceQuery-bQHdNiRP.js          8.90 kB │ gzip:   2.68 kB
dist/assets/goalStructure-Db-Bot3f.js                          9.06 kB │ gzip:   2.72 kB
dist/assets/deriveFoundationalSchedule-Jq4u4ezR.js             9.33 kB │ gzip:   3.29 kB
dist/assets/SleepRequirementSection-CBUQ4dYy.js                9.60 kB │ gzip:   3.20 kB
dist/assets/goalPlanningSurface-BXZgrtSh.js                   10.03 kB │ gzip:   3.01 kB
dist/assets/commitmentComposition-vn3W6WX3.js                 10.79 kB │ gzip:   3.64 kB
dist/assets/queryMonthlyPlanner-Bv_WsdFZ.js                   10.83 kB │ gzip:   3.79 kB
dist/assets/demandResourceFootprint-BNtAUpU7.js               11.31 kB │ gzip:   3.36 kB
dist/assets/proposalSurface-BFA-hgIb.js                       12.26 kB │ gzip:   4.01 kB
dist/assets/materializePlanPublication-Du1OWoaq.js            12.32 kB │ gzip:   3.60 kB
dist/assets/AcceptedPlanningSummary-DLXkRlDm.js               12.91 kB │ gzip:   3.69 kB
dist/assets/proposal-CT93T8zS.js                              13.85 kB │ gzip:   4.06 kB
dist/assets/ScheduleReviewPanel-BmgB0W5N.js                   14.42 kB │ gzip:   4.51 kB
dist/assets/GoalAcceptedPlanningSection-Cr6Ke8kx.js           15.19 kB │ gzip:   4.71 kB
dist/assets/DayWorksurface-BCmAjEOi.js                        15.58 kB │ gzip:   4.85 kB
dist/assets/resolveRequiredSleep-SKEHRygL.js                  18.42 kB │ gzip:   5.74 kB
dist/assets/HistoricalIntelligenceSummary-Dsh-9hrL.js         18.79 kB │ gzip:   5.04 kB
dist/assets/MonthlyPlannerSurface-kFrsYX0B.js                 19.20 kB │ gzip:   5.33 kB
dist/assets/GoalActivitySummary-BvZR0rJy.js                   19.56 kB │ gzip:   5.65 kB
dist/assets/GoalStructureSection-DQ98ymn4.js                  20.24 kB │ gzip:   6.44 kB
dist/assets/GoalPlanningSection-D6Sw2PBw.js                   22.79 kB │ gzip:   7.18 kB
dist/assets/PreviewScreen-iDqFYVzg.js                         23.37 kB │ gzip:   6.03 kB
dist/assets/backupTransferSurface-IYubLUHB.js                 23.79 kB │ gzip:   3.60 kB
dist/assets/dayFrameRestoreComposition-C69RjOWk.js            34.72 kB │ gzip:   7.42 kB
dist/assets/GoalSection-_Yz5UK_b.js                           36.24 kB │ gzip:   9.36 kB
dist/assets/SetupScreen-Dx3e5lY-.js                           62.65 kB │ gzip:  13.25 kB
dist/assets/vendor-react-BiBT4RTg.js                         189.63 kB │ gzip:  59.64 kB
dist/assets/index-BKSk3Pvd.js                                435.09 kB │ gzip: 103.96 kB

✓ built in 275ms
