npm notice run dayframe@0.1.0 build
npm notice run tsc --noEmit && vite build
vite v8.0.10 building client environment for production...
[2Ktransforming...✓ 223 modules transformed.
rendering chunks...
computing gzip size...
dist/index.html                                                1.09 kB │ gzip:   0.44 kB
dist/.vite/manifest.json                                      26.15 kB │ gzip:   3.25 kB
dist/assets/index-D5PviTJe.css                                37.62 kB │ gzip:   7.03 kB
dist/assets/publicationReceipt-eQQQgln4.js                     0.08 kB │ gzip:   0.09 kB
dist/assets/dayFrameRuntimeAuthority-xpXPkD2o.js               0.10 kB │ gzip:   0.12 kB
dist/assets/useGoalEditingState-BR34lgll.js                    0.17 kB │ gzip:   0.16 kB
dist/assets/rolldown-runtime-9SAPJn0b.js                       0.22 kB │ gzip:   0.19 kB
dist/assets/capacityFingerprint-D6Kh-Up0.js                    0.38 kB │ gzip:   0.29 kB
dist/assets/evidence-2XJ4KaqY.js                               0.40 kB │ gzip:   0.29 kB
dist/assets/useGoalPresentationState-BMOBaSBV.js               0.47 kB │ gzip:   0.32 kB
dist/assets/DurationFields-BU1nAfUr.js                         0.72 kB │ gzip:   0.39 kB
dist/assets/userDay-BjAk0cL3.js                                0.78 kB │ gzip:   0.41 kB
dist/assets/acceptancePersistence-BB01lDxw.js                  0.80 kB │ gzip:   0.42 kB
dist/assets/publicationEligibility-Bg8pk8Q7.js                 0.83 kB │ gzip:   0.38 kB
dist/assets/dayFrameBackupV10-DMnok0Lj.js                      1.13 kB │ gzip:   0.58 kB
dist/assets/reviewScope-B2kZJICW.js                            1.29 kB │ gzip:   0.63 kB
dist/assets/dayFrameBackupV9-BZ7EVR-U.js                       1.38 kB │ gzip:   0.70 kB
dist/assets/productEvidenceSources-DQbdtuJU.js                 1.49 kB │ gzip:   0.69 kB
dist/assets/dayFrameBackupV13-Cv5ZB5_R.js                      1.69 kB │ gzip:   0.74 kB
dist/assets/dayFrameBackupV12-DqieaxNi.js                      1.70 kB │ gzip:   0.79 kB
dist/assets/schedulingRealization-LRew6lAO.js                  1.75 kB │ gzip:   0.76 kB
dist/assets/dayFrameBackupV8-Dk9nprLs.js                       1.77 kB │ gzip:   0.78 kB
dist/assets/dayFrameBackupV14-CVVhcYtD.js                      1.77 kB │ gzip:   0.77 kB
dist/assets/dayFrameBackupV11-C4Ns2kVy.js                      1.78 kB │ gzip:   0.78 kB
dist/assets/todayQuery-sE6N6awp.js                             1.82 kB │ gzip:   0.78 kB
dist/assets/sleepExecutionCommand-DTdqXeb8.js                  2.00 kB │ gzip:   0.86 kB
dist/assets/MyScheduleSurface-DCC891-p.js                      2.52 kB │ gzip:   1.03 kB
dist/assets/schedulePublication-Cdw2xGkF.js                    2.57 kB │ gzip:   0.99 kB
dist/assets/sleepHistoryQuery-B4VwKA37.js                      2.89 kB │ gzip:   1.18 kB
dist/assets/allocationSurface-B2C9vHS3.js                      2.93 kB │ gzip:   0.90 kB
dist/assets/capacitySurface-BU7_SpwU.js                        3.08 kB │ gzip:   1.31 kB
dist/assets/goalDemandProjectionQuery-DzNrTZX3.js              3.24 kB │ gzip:   1.23 kB
dist/assets/acceptedAllocationRealization-CBOVJnSn.js          3.54 kB │ gzip:   1.35 kB
dist/assets/planningFoundation-DYfL1th2.js                     3.72 kB │ gzip:   1.48 kB
dist/assets/acceptedPlanningSummaryPresentation-wfxrtj2q.js    3.83 kB │ gzip:   1.51 kB
dist/assets/dayFrameBackupV7-XHJto5Ow.js                       3.86 kB │ gzip:   0.97 kB
dist/assets/sleepRequirement-BF3kSIge.js                       4.03 kB │ gzip:   1.64 kB
dist/assets/buildTodayReadModel-Ccd1zl5c.js                    4.13 kB │ gzip:   1.51 kB
dist/assets/competingDemand-4IdlIbwo.js                        4.21 kB │ gzip:   1.54 kB
dist/assets/completionDistribution-CKRkn1Oe.js                 4.36 kB │ gzip:   1.70 kB
dist/assets/planningResultCopy-CDx-otDr.js                     4.37 kB │ gzip:   1.72 kB
dist/assets/planningScopeQuery-CJE0jfMu.js                     4.51 kB │ gzip:   1.76 kB
dist/assets/goalStructureTemporal-B7xhJ8pm.js                  4.73 kB │ gzip:   1.73 kB
dist/assets/plannerReviewPresentation-BFjESfzX.js              4.79 kB │ gzip:   1.64 kB
dist/assets/goalActivity-DsnsiTZc.js                           4.87 kB │ gzip:   1.86 kB
dist/assets/goalFeasibility-C9fq49hL.js                        5.66 kB │ gzip:   2.03 kB
dist/assets/DayOutcomeControl-DAWPwOy6.js                      5.97 kB │ gzip:   2.16 kB
dist/assets/LegacySleepConversionSection-FJQ26956.js           6.55 kB │ gzip:   2.29 kB
dist/assets/dayFrameDurableDb-Dt7pkWWV.js                      6.69 kB │ gzip:   2.32 kB
dist/assets/selectedDayEvidenceQuery-DJ9axiKE.js               7.28 kB │ gzip:   2.55 kB
dist/assets/realizationSurface-Y_7RknYv.js                     7.32 kB │ gzip:   2.41 kB
dist/assets/allocation-DQWo4d6y.js                             7.36 kB │ gzip:   2.54 kB
dist/assets/legacySleepConversion-b9_D0aZq.js                  7.37 kB │ gzip:   2.71 kB
dist/assets/capacity-DzvRMcfS.js                               7.42 kB │ gzip:   2.39 kB
dist/assets/goalDemand-DD3XKX1Z.js                             7.46 kB │ gzip:   2.54 kB
dist/assets/compositionSurface-DyKxDs92.js                     8.27 kB │ gzip:   2.89 kB
dist/assets/GoalRecordedInspection-Dnf4EWXQ.js                 8.61 kB │ gzip:   3.31 kB
dist/assets/goalStructureSurface-B1uyOBZB.js                   8.78 kB │ gzip:   2.70 kB
dist/assets/acceptedPlanningEvidenceQuery-LKOoIaNC.js          8.90 kB │ gzip:   2.69 kB
dist/assets/goalStructure-Db3d42kV.js                          9.06 kB │ gzip:   2.71 kB
dist/assets/deriveFoundationalSchedule-C0NLHvKk.js             9.33 kB │ gzip:   3.28 kB
dist/assets/SleepRequirementSection-CBcSeqY2.js                9.60 kB │ gzip:   3.20 kB
dist/assets/goalPlanningSurface-DfE1lbjM.js                   10.03 kB │ gzip:   3.01 kB
dist/assets/commitmentComposition-vn3W6WX3.js                 10.79 kB │ gzip:   3.64 kB
dist/assets/queryMonthlyPlanner-3zOJ-voZ.js                   10.83 kB │ gzip:   3.79 kB
dist/assets/demandResourceFootprint-CjIuyKrk.js               11.31 kB │ gzip:   3.36 kB
dist/assets/proposalSurface-BME8aCC9.js                       11.65 kB │ gzip:   3.88 kB
dist/assets/materializePlanPublication-Cr_ders4.js            12.32 kB │ gzip:   3.60 kB
dist/assets/AcceptedPlanningSummary-CTjntelZ.js               12.91 kB │ gzip:   3.69 kB
dist/assets/proposal-CT93T8zS.js                              13.85 kB │ gzip:   4.06 kB
dist/assets/ScheduleReviewPanel-DLN_QXPr.js                   14.41 kB │ gzip:   4.51 kB
dist/assets/GoalAcceptedPlanningSection-BdbSHcbB.js           15.19 kB │ gzip:   4.71 kB
dist/assets/DayWorksurface-CawauvHr.js                        15.58 kB │ gzip:   4.85 kB
dist/assets/resolveRequiredSleep-C-hJlcUu.js                  18.42 kB │ gzip:   5.74 kB
dist/assets/HistoricalIntelligenceSummary-BKnf9UeS.js         18.79 kB │ gzip:   5.04 kB
dist/assets/MonthlyPlannerSurface-DFAIICRW.js                 19.20 kB │ gzip:   5.33 kB
dist/assets/GoalActivitySummary-BBbnexXU.js                   19.56 kB │ gzip:   5.64 kB
dist/assets/GoalStructureSection-DQ98ymn4.js                  20.24 kB │ gzip:   6.44 kB
dist/assets/GoalPlanningSection-rxPnh_cS.js                   22.79 kB │ gzip:   7.18 kB
dist/assets/PreviewScreen-DzqK7R0O.js                         23.37 kB │ gzip:   6.03 kB
dist/assets/backupTransferSurface-zNGQLjXf.js                 23.79 kB │ gzip:   3.61 kB
dist/assets/dayFrameRestoreComposition-Bgxa4D09.js            34.72 kB │ gzip:   7.42 kB
dist/assets/GoalSection-DKyPz9zA.js                           36.24 kB │ gzip:   9.36 kB
dist/assets/SetupScreen-zH7xV4OS.js                           62.65 kB │ gzip:  13.25 kB
dist/assets/vendor-react-BiBT4RTg.js                         189.63 kB │ gzip:  59.64 kB
dist/assets/index-C7NshFFM.js                                434.44 kB │ gzip: 103.72 kB

✓ built in 266ms
