npm notice run dayframe@0.1.0 typecheck
npm notice run tsc --noEmit
src/state/dayFrameStore.ts(1052,5): error TS18048: 'owner' is possibly 'undefined'.
src/state/dayFrameStore.ts(1054,23): error TS18048: 'peer' is possibly 'undefined'.
src/state/proposalSurface.ts(68,9): error TS2300: Duplicate identifier 'lifecycle'.
src/state/proposalSurface.ts(86,17): error TS2339: Property 'invalidate' does not exist on type '(id: string, revision: number, next: "stale" | "expired" | "inapplicable" | "shown" | "superseded", successor?: ConstructiveProposalV1 | undefined) => Promise<...>'.
src/state/proposalSurface.ts(96,30): error TS2339: Property 'origin' does not exist on type '(id: string, revision: number, next: "stale" | "expired" | "inapplicable" | "shown" | "superseded", successor?: ConstructiveProposalV1 | undefined) => Promise<...>'.
src/state/proposalSurface.ts(98,20): error TS2339: Property 'isQuiescent' does not exist on type '(id: string, revision: number, next: "stale" | "expired" | "inapplicable" | "shown" | "superseded", successor?: ConstructiveProposalV1 | undefined) => Promise<...>'.
src/state/proposalSurface.ts(100,20): error TS2339: Property 'current' does not exist on type '(id: string, revision: number, next: "stale" | "expired" | "inapplicable" | "shown" | "superseded", successor?: ConstructiveProposalV1 | undefined) => Promise<...>'.
src/state/proposalSurface.ts(100,103): error TS2339: Property 'isQuiescent' does not exist on type '(id: string, revision: number, next: "stale" | "expired" | "inapplicable" | "shown" | "superseded", successor?: ConstructiveProposalV1 | undefined) => Promise<...>'.
src/state/proposalSurface.ts(164,18): error TS2300: Duplicate identifier 'lifecycle'.
src/state/proposalSurface.ts(232,30): error TS2339: Property 'origin' does not exist on type '(id: string, revision: number, next: "stale" | "expired" | "inapplicable" | "shown" | "superseded", successor?: ConstructiveProposalV1 | undefined) => Promise<...>'.
src/state/proposalSurface.ts(233,62): error TS2339: Property 'result' does not exist on type '(id: string, revision: number, next: "stale" | "expired" | "inapplicable" | "shown" | "superseded", successor?: ConstructiveProposalV1 | undefined) => Promise<...>'.
src/state/proposalSurface.ts(234,20): error TS2339: Property 'current' does not exist on type '(id: string, revision: number, next: "stale" | "expired" | "inapplicable" | "shown" | "superseded", successor?: ConstructiveProposalV1 | undefined) => Promise<...>'.
src/state/proposalSurface.ts(245,20): error TS2339: Property 'current' does not exist on type '(id: string, revision: number, next: "stale" | "expired" | "inapplicable" | "shown" | "superseded", successor?: ConstructiveProposalV1 | undefined) => Promise<...>'.
src/state/proposalSurface.ts(248,30): error TS2339: Property 'acquire' does not exist on type '(id: string, revision: number, next: "stale" | "expired" | "inapplicable" | "shown" | "superseded", successor?: ConstructiveProposalV1 | undefined) => Promise<...>'.
src/state/proposalSurface.ts(339,27): error TS2339: Property 'release' does not exist on type '(id: string, revision: number, next: "stale" | "expired" | "inapplicable" | "shown" | "superseded", successor?: ConstructiveProposalV1 | undefined) => Promise<...>'.
src/state/proposalSurface.ts(421,30): error TS2339: Property 'active' does not exist on type '(id: string, revision: number, next: "stale" | "expired" | "inapplicable" | "shown" | "superseded", successor?: ConstructiveProposalV1 | undefined) => Promise<...>'.
src/state/proposalSurface.ts(422,31): error TS2339: Property 'owns' does not exist on type '(id: string, revision: number, next: "stale" | "expired" | "inapplicable" | "shown" | "superseded", successor?: ConstructiveProposalV1 | undefined) => Promise<...>'.
src/state/proposalSurface.ts(431,24): error TS2339: Property 'owns' does not exist on type '(id: string, revision: number, next: "stale" | "expired" | "inapplicable" | "shown" | "superseded", successor?: ConstructiveProposalV1 | undefined) => Promise<...>'.
src/state/proposalSurface.ts(431,51): error TS2339: Property 'admission' does not exist on type '(id: string, revision: number, next: "stale" | "expired" | "inapplicable" | "shown" | "superseded", successor?: ConstructiveProposalV1 | undefined) => Promise<...>'.
src/state/proposalSurface.ts(441,95): error TS2339: Property 'current' does not exist on type '(id: string, revision: number, next: "stale" | "expired" | "inapplicable" | "shown" | "superseded", successor?: ConstructiveProposalV1 | undefined) => Promise<...>'.
src/state/proposalSurface.ts(455,53): error TS2339: Property 'origin' does not exist on type '(id: string, revision: number, next: "stale" | "expired" | "inapplicable" | "shown" | "superseded", successor?: ConstructiveProposalV1 | undefined) => Promise<...>'.
src/state/proposalSurface.ts(456,64): error TS2339: Property 'result' does not exist on type '(id: string, revision: number, next: "stale" | "expired" | "inapplicable" | "shown" | "superseded", successor?: ConstructiveProposalV1 | undefined) => Promise<...>'.
src/state/proposalSurface.ts(457,32): error TS2339: Property 'acquire' does not exist on type '(id: string, revision: number, next: "stale" | "expired" | "inapplicable" | "shown" | "superseded", successor?: ConstructiveProposalV1 | undefined) => Promise<...>'.
src/state/proposalSurface.ts(462,29): error TS2339: Property 'release' does not exist on type '(id: string, revision: number, next: "stale" | "expired" | "inapplicable" | "shown" | "superseded", successor?: ConstructiveProposalV1 | undefined) => Promise<...>'.
src/state/proposalSurface.ts(493,43): error TS2339: Property 'coordinatorCurrent' does not exist on type '(id: string, revision: number, next: "stale" | "expired" | "inapplicable" | "shown" | "superseded", successor?: ConstructiveProposalV1 | undefined) => Promise<...>'.
src/state/proposalSurface.ts(496,95): error TS2339: Property 'coordinatorCurrent' does not exist on type '(id: string, revision: number, next: "stale" | "expired" | "inapplicable" | "shown" | "superseded", successor?: ConstructiveProposalV1 | undefined) => Promise<...>'.
src/state/proposalSurface.ts(501,15): error TS2339: Property 'invalidate' does not exist on type '(id: string, revision: number, next: "stale" | "expired" | "inapplicable" | "shown" | "superseded", successor?: ConstructiveProposalV1 | undefined) => Promise<...>'.
src/state/proposalSurface.ts(527,30): error TS2339: Property 'capture' does not exist on type '(id: string, revision: number, next: "stale" | "expired" | "inapplicable" | "shown" | "superseded", successor?: ConstructiveProposalV1 | undefined) => Promise<...>'.
src/state/proposalSurface.ts(529,21): error TS2339: Property 'current' does not exist on type '(id: string, revision: number, next: "stale" | "expired" | "inapplicable" | "shown" | "superseded", successor?: ConstructiveProposalV1 | undefined) => Promise<...>'.
src/state/proposalSurface.ts(571,107): error TS2339: Property 'replace' does not exist on type '(id: string, revision: number, next: "stale" | "expired" | "inapplicable" | "shown" | "superseded", successor?: ConstructiveProposalV1 | undefined) => Promise<...>'.
src/state/proposalSurface.ts(571,116): error TS7006: Parameter 'epoch' implicitly has an 'any' type.
src/state/proposalSurface.ts(574,95): error TS2339: Property 'replace' does not exist on type '(id: string, revision: number, next: "stale" | "expired" | "inapplicable" | "shown" | "superseded", successor?: ConstructiveProposalV1 | undefined) => Promise<...>'.
src/state/proposalSurface.ts(574,104): error TS7006: Parameter 'epoch' implicitly has an 'any' type.
src/state/proposalSurface.ts(578,78): error TS2339: Property 'coordinatorCurrent' does not exist on type '(id: string, revision: number, next: "stale" | "expired" | "inapplicable" | "shown" | "superseded", successor?: ConstructiveProposalV1 | undefined) => Promise<...>'.
