file:///home/sid/Penn%20Digital%20Services/DayFrame/docs/implementation/phase-9/evidence/task-9.29.6/browser-driver-RESULT.mjs:42
  throw Error(
        ^

Error: Timed out: document.body?.innerText.includes("Backup restore was not started")
DayFrame
Planner
Summary
Planner / Review Plan
Back
Settings and data
Saved Setup Profiles

Save named local setups, then load one later to replace the current active setup.

Profile Name
Save Current Setup as Profile

No saved profiles yet.

Export Complete Backup
Import Setup Backup
Clear Local Data

Backup restore is blocked until protected local authority is explicitly resolved.

LATEST SCHEDULE

No friction

September 26, 2026 · Generated Today at 12:05 PM

Open Review Plan
Planning Range
September 26, 2026
Generated
Today at 12:05 PM
Visible Days
1
Friction
No friction
Sat
26
Planner
Calendar
My Schedule
Goals
Review Plan
Selected day: 2026-09-25
Today
Review Plan
Refresh Schedule
Review one user-day

REVIEW WORKFLOW

Review readiness

2026-09-26 through 2026-09-27 (exclusive)

Planning data
complete
Preview coverage
covers
Preview freshness
current
Schedule conflicts
0
Accepted awaiting realization
Unknown total; readable claims shown below
Proposals
Unknown total
Not ready to publish
Accepted proposal authority has an unconfirmed commit (proposal/commitUnconfirmed). Review and publication require complete qualified sources; readable records remain available for inspection.
This schedule cannot be saved as a published plan. Refresh and review the schedule.

1 constructive Proposal is awaiting a decision.

No publication exists for this period.

The decision may have been saved, but its outcome is unconfirmed. Authority is protected; do not accept again.

Refresh Preview
Publish schedule: 2026-09-26–2026-09-27 (exclusive)
Constructive Proposals
Proposal for 2026-09-26–2026-09-27
3 bounded options. A Proposal does not own schedule time.
Native full footprint effort: 1h; unallocated: 0m.
Goal work: 2026-09-26, 6:30 PM–7:30 PM
Support activity: 2026-09-26, 7:30 PM–8:00 PM
Protected Buffer (not an activity): 2026-09-26, 8:00 PM–8:15 PM
Accept preferred option
Reject Proposal
Schedule details

Review planned geometry for the selected user-day and try bounded resolution options when something conflicts.

Summary
Planning Window
September 26, 2026
Generated
Today at 12:05 PM
Revised
Not revised yet
Needs attention
0 total, 0 critical, 0 warning, 0 infoWork-dependent activities skipped: 0
Saturday, 2026-09-26
Add Event
Day Visualizer

A read-only view across this 24-hour user-day.

12:00 AM
1:00 AM
2:00 AM
3:00 AM
4:00 AM
5:00 AM
6:00 AM
7:00 AM
8:00 AM
9:00 AM
10:00 AM
11:00 AM
12:00 PM
1:00 PM
2:00 PM
3:00 PM
4:00 PM
5:00 PM
6:00 PM
7:00 PM
8:00 PM
9:00 PM
10:00 PM
11:00 PM
Day
12:00 PM - 1:00 PM
Routine
6:00 PM - 6:30 PM
Manual Events

No manual events.

Work
Day 12:00 PM - 1:00 PMEdit Work
Scheduled
Routine 6:00 PM - 6:30 PM (Priority 2)Edit Commitment
Plan attention — Unplaced

No unplaced commitments.

Needs attention

No schedule conflicts detected.
    at until (file:///home/sid/Penn%20Digital%20Services/DayFrame/docs/implementation/phase-9/evidence/task-9.29.6/browser-driver-RESULT.mjs:42:9)
    at async file:///home/sid/Penn%20Digital%20Services/DayFrame/docs/implementation/phase-9/evidence/task-9.29.6/browser-driver-RESULT.mjs:225:68

Node.js v22.23.2
