file:///home/sid/Penn%20Digital%20Services/DayFrame/docs/implementation/phase-9/evidence/task-9.29.6/browser-driver-RESULT.mjs:42
  throw Error(
        ^

Error: Timed out: document.body?.innerText.includes("Ready to publish")
DayFrame
Planner
Summary
Planner / Review Plan
Back
Settings and data
Planner
Calendar
My Schedule
Goals
Review Plan
Selected day: 2026-09-25
Today
Review Plan
Generate Schedule

Finish setup before generating a schedule:

Add or include at least one block template.

REVIEW WORKFLOW

Review readiness

2026-09-26 through 2026-09-27 (exclusive)

Planning data
unknown
Preview coverage
doesNotCover
Preview freshness
unavailable
Schedule conflicts
0
Accepted awaiting realization
0
Proposals
1
Not ready to publish
Planning-data coverage is unknown for this period.
Generate a Preview for this review period.

1 constructive Proposal is awaiting a decision.

No publication exists for this period.

Generate Preview
Publish schedule: 2026-09-26–2026-09-27 (exclusive)
Constructive Proposals
Proposal for 2026-09-26–2026-09-27
2 bounded options. A Proposal does not own schedule time.
Native full footprint effort: 1h; unallocated: 0m.
Goal work: 2026-09-26, 1:00 PM–2:00 PM
Support activity: 2026-09-26, 2:00 PM–2:30 PM
Protected Buffer (not an activity): 2026-09-26, 2:30 PM–2:45 PM
Accept preferred option
Reject Proposal
Schedule details

No schedule generated yet.

Generate a schedule to review work, placed commitments, and anything that still needs attention.
    at until (file:///home/sid/Penn%20Digital%20Services/DayFrame/docs/implementation/phase-9/evidence/task-9.29.6/browser-driver-RESULT.mjs:42:9)
    at async file:///home/sid/Penn%20Digital%20Services/DayFrame/docs/implementation/phase-9/evidence/task-9.29.6/browser-driver-RESULT.mjs:190:70

Node.js v22.23.2
