npm notice run dayframe@0.1.0 check:bundle
npm notice run node scripts/check-bundle.mjs
{
  "initialFiles": [
    "assets/index-CT47evaH.js",
    "assets/vendor-react-BiBT4RTg.js",
    "assets/rolldown-runtime-9SAPJn0b.js",
    "assets/sleepRequirement-BF3kSIge.js",
    "assets/capacityFingerprint-D6Kh-Up0.js",
    "assets/userDay-BjAk0cL3.js",
    "assets/dayFrameDurableDb-DcuK9h2j.js",
    "assets/dayFrameRuntimeAuthority-C8FwZEVm.js",
    "assets/publicationReceipt-BWttTpMK.js",
    "assets/sourceObservation-DZWfJVi7.js"
  ],
  "lazyFiles": [
    "assets/DurationFields-L6sAQna_.js",
    "assets/GoalActivitySummary-GnajwSC-.js",
    "assets/acceptancePersistence-B-q-bE6W.js",
    "assets/acceptedAllocationRealization-C-Nm1K6d.js",
    "assets/acceptedPlanningSummaryPresentation-BPAfgzV-.js",
    "assets/buildTodayReadModel-CSd2xv63.js",
    "assets/commitmentComposition-l--F6Y1E.js",
    "assets/completionDistribution-DXSdkkax.js",
    "assets/dayFrameBackupV10-CVeGNuGc.js",
    "assets/dayFrameBackupV11-BipmIejl.js",
    "assets/dayFrameBackupV12-BEjNKYeD.js",
    "assets/dayFrameBackupV7-CCOMaG8v.js",
    "assets/dayFrameBackupV8-BnDo8eO1.js",
    "assets/dayFrameBackupV9-DJNlydux.js",
    "assets/demandResourceFootprint-Cy1W6hby.js",
    "assets/deriveFoundationalSchedule-qvZq-H_k.js",
    "assets/evidence-D7yZG45P.js",
    "assets/goalActivity-DNbKi6Y0.js",
    "assets/goalDemand-BETkcpvs.js",
    "assets/goalStructure-CH7-Afyj.js",
    "assets/goalStructureTemporal-BLFYCgrn.js",
    "assets/legacySleepConversion--evcg0sc.js",
    "assets/materializePlanPublication-CGceE1My.js",
    "assets/plannerReviewPresentation-86YFi_8u.js",
    "assets/planningFoundation-DI5PpbRj.js",
    "assets/planningResultCopy-C4xNy7oX.js",
    "assets/productEvidenceSources-BycgMCtl.js",
    "assets/proposal-DoyXw1tY.js",
    "assets/publicationEligibility-DuaCq6Qt.js",
    "assets/queryMonthlyPlanner-Cb8OjmP4.js",
    "assets/resolveRequiredSleep-Ch5_64qn.js",
    "assets/reviewScope-Bc02_bx5.js",
    "assets/reviewSourceQualification-BkRUt6A_.js",
    "assets/useGoalEditingState-D4heSRcz.js",
    "assets/useGoalPresentationState-aLaZKZdR.js",
    "assets/schedulingRealization-CJdEPODq.js",
    "assets/allocation-Co3NPcgx.js",
    "assets/capacity-lVwhYYK_.js",
    "assets/competingDemand-Te6OCPQc.js",
    "assets/goalFeasibility-B8EuCxc-.js",
    "assets/acceptedPlanningEvidenceQuery-Ia95yrYD.js",
    "assets/allocationSurface-Cq0AqaJa.js",
    "assets/backupTransferSurface-DoZ_X3lL.js",
    "assets/capacitySurface-fR-xcqyW.js",
    "assets/compositionSurface-CqjqOAoJ.js",
    "assets/dayFrameBackupV13-DPeTvwLZ.js",
    "assets/dayFrameBackupV14-Bc-4c-jj.js",
    "assets/dayFrameRestoreComposition-udYg7o7K.js",
    "assets/goalDemandProjectionQuery-BSN1KUNC.js",
    "assets/goalPlanningSurface-B8GIgRUX.js",
    "assets/goalStructureSurface-B1PrDa1S.js",
    "assets/planningScopeQuery-YbaT0V2T.js",
    "assets/proposalSurface-CDztAUrg.js",
    "assets/realizationSurface-PR4hZdZ-.js",
    "assets/schedulePublication-BW2vGPOl.js",
    "assets/selectedDayEvidenceQuery-CPiLIH6v.js",
    "assets/sleepExecutionCommand-DAfdMdI_.js",
    "assets/sleepHistoryQuery-DhN8Z8-w.js",
    "assets/todayQuery-BTSQUpEi.js",
    "assets/AcceptedPlanningSummary-yNfHYEXY.js",
    "assets/DayOutcomeControl-CBFVVAGV.js",
    "assets/DayWorksurface-P3ZAzfYu.js",
    "assets/GoalAcceptedPlanningSection-DNK9btrA.js",
    "assets/GoalPlanningSection-DwAXmuxh.js",
    "assets/GoalRecordedInspection-PNXohBGg.js",
    "assets/GoalSection-DUGT7Rkf.js",
    "assets/GoalStructureSection-DLGn8UJZ.js",
    "assets/HistoricalIntelligenceSummary-D5BOC62l.js",
    "assets/LegacySleepConversionSection-DTZdLDkm.js",
    "assets/MonthlyPlannerSurface-Dri9PTHt.js",
    "assets/MyScheduleSurface-hCdPNTXT.js",
    "assets/PreviewScreen-Dt2Z7FGm.js",
    "assets/ScheduleReviewPanel-BekfJ6Ps.js",
    "assets/SetupScreen-sq4_KW2d.js",
    "assets/SleepRequirementSection-BjBeSq6j.js"
  ],
  "initialBytes": 643237,
  "initialGzip": 169090,
  "largestLazy": 62657,
  "totalBytes": 1311105,
  "policy": {
    "hard": {
      "initialBytes": 685000,
      "initialGzip": 170000,
      "largestLazy": 100000
    },
    "warning": {
      "initialBytes": 650000,
      "initialGzip": 161500,
      "largestLazy": 80000
    },
    "total": {
      "warning": 800000,
      "architectureReview": 825000
    }
  },
  "warnings": [
    {
      "kind": "headroom",
      "name": "initialGzip",
      "threshold": 161500,
      "value": 169090
    },
    {
      "kind": "architecture-review",
      "name": "totalBytes",
      "threshold": 825000,
      "value": 1311105
    }
  ]
}
Bundle policy warning: initialGzip is 169090 bytes (threshold 161500; headroom).
Bundle policy warning: totalBytes is 1311105 bytes (threshold 825000; architecture-review).
