npm notice run dayframe@0.1.0 build
npm notice run tsc --noEmit && vite build
vite v8.0.10 building client environment for production...
[2Ktransforming...✓ 227 modules transformed.
rendering chunks...
computing gzip size...
dist/index.html                                                1.17 kB │ gzip:   0.46 kB
dist/.vite/manifest.json                                      26.83 kB │ gzip:   3.32 kB
dist/assets/index-D5PviTJe.css                                37.62 kB │ gzip:   7.03 kB
dist/assets/publicationReceipt-BWttTpMK.js                     0.08 kB │ gzip:   0.09 kB
dist/assets/dayFrameRuntimeAuthority-C8FwZEVm.js               0.10 kB │ gzip:   0.12 kB
dist/assets/useGoalEditingState-D4heSRcz.js                    0.17 kB │ gzip:   0.16 kB
dist/assets/sourceObservation-DZWfJVi7.js                      0.19 kB │ gzip:   0.15 kB
dist/assets/rolldown-runtime-9SAPJn0b.js                       0.22 kB │ gzip:   0.19 kB
dist/assets/capacityFingerprint-D6Kh-Up0.js                    0.38 kB │ gzip:   0.29 kB
dist/assets/evidence-kvk3MADb.js                               0.40 kB │ gzip:   0.29 kB
dist/assets/useGoalPresentationState-CH43z7fL.js               0.47 kB │ gzip:   0.32 kB
dist/assets/DurationFields-L6sAQna_.js                         0.72 kB │ gzip:   0.39 kB
dist/assets/userDay-BjAk0cL3.js                                0.78 kB │ gzip:   0.41 kB
dist/assets/acceptancePersistence-B-q-bE6W.js                  0.98 kB │ gzip:   0.50 kB
dist/assets/publicationEligibility-CNn_IhgA.js                 1.07 kB │ gzip:   0.48 kB
dist/assets/dayFrameBackupV10-DhI-u5TP.js                      1.13 kB │ gzip:   0.58 kB
dist/assets/reviewScope-DPN1IpdH.js                            1.29 kB │ gzip:   0.63 kB
dist/assets/dayFrameBackupV9-CyePxwT5.js                       1.38 kB │ gzip:   0.71 kB
dist/assets/productEvidenceSources-VXJMnY9C.js                 1.49 kB │ gzip:   0.69 kB
dist/assets/dayFrameBackupV13-F5kfKVyq.js                      1.69 kB │ gzip:   0.74 kB
dist/assets/dayFrameBackupV12-C-i98Acw.js                      1.70 kB │ gzip:   0.79 kB
dist/assets/schedulingRealization-Ci9l9jqg.js                  1.75 kB │ gzip:   0.76 kB
dist/assets/dayFrameBackupV8-CzbTweeK.js                       1.77 kB │ gzip:   0.78 kB
dist/assets/dayFrameBackupV14-CQ1aDNCi.js                      1.77 kB │ gzip:   0.76 kB
dist/assets/dayFrameBackupV11-C0IK6nkx.js                      1.78 kB │ gzip:   0.78 kB
dist/assets/todayQuery-BTx0_5UC.js                             1.82 kB │ gzip:   0.78 kB
dist/assets/sleepExecutionCommand-CR6BAuqf.js                  2.00 kB │ gzip:   0.85 kB
dist/assets/MyScheduleSurface-hCdPNTXT.js                      2.52 kB │ gzip:   1.03 kB
dist/assets/sleepHistoryQuery-CG4iwv7i.js                      2.89 kB │ gzip:   1.18 kB
dist/assets/allocationSurface-BXKYZknw.js                      2.93 kB │ gzip:   0.90 kB
dist/assets/schedulePublication-CuAbfUXr.js                    3.12 kB │ gzip:   1.17 kB
dist/assets/capacitySurface-BIdx8qQJ.js                        3.13 kB │ gzip:   1.33 kB
dist/assets/goalDemandProjectionQuery-tOCE_msk.js              3.24 kB │ gzip:   1.23 kB
dist/assets/acceptedAllocationRealization-BoWp_rkb.js          3.54 kB │ gzip:   1.35 kB
dist/assets/planningFoundation-BPu3Nonj.js                     3.72 kB │ gzip:   1.48 kB
dist/assets/acceptedPlanningSummaryPresentation-BPAfgzV-.js    3.83 kB │ gzip:   1.51 kB
dist/assets/dayFrameBackupV7-CatjghsV.js                       3.86 kB │ gzip:   0.92 kB
dist/assets/sleepRequirement-BF3kSIge.js                       4.03 kB │ gzip:   1.64 kB
dist/assets/buildTodayReadModel-CSd2xv63.js                    4.13 kB │ gzip:   1.51 kB
dist/assets/competingDemand-Te6OCPQc.js                        4.21 kB │ gzip:   1.54 kB
dist/assets/completionDistribution-DrfbH4AY.js                 4.36 kB │ gzip:   1.70 kB
dist/assets/planningResultCopy-C4xNy7oX.js                     4.37 kB │ gzip:   1.72 kB
dist/assets/goalStructureTemporal-D8Z8ajeW.js                  4.73 kB │ gzip:   1.73 kB
dist/assets/goalActivity-CGiBrFl7.js                           4.87 kB │ gzip:   1.86 kB
dist/assets/reviewSourceQualification-DdB2XQJ5.js              5.05 kB │ gzip:   1.65 kB
dist/assets/planningScopeQuery-B3jFvFYO.js                     5.64 kB │ gzip:   2.14 kB
dist/assets/goalFeasibility-BCbgdo4C.js                        5.66 kB │ gzip:   2.03 kB
dist/assets/DayOutcomeControl-CBFVVAGV.js                      5.97 kB │ gzip:   2.16 kB
dist/assets/LegacySleepConversionSection-CBmURDzi.js           6.55 kB │ gzip:   2.29 kB
dist/assets/dayFrameDurableDb-DcuK9h2j.js                      6.69 kB │ gzip:   2.32 kB
dist/assets/selectedDayEvidenceQuery-DvedhaKQ.js               7.28 kB │ gzip:   2.55 kB
dist/assets/allocation-Co3NPcgx.js                             7.36 kB │ gzip:   2.54 kB
dist/assets/legacySleepConversion-BBdnjdXx.js                  7.37 kB │ gzip:   2.71 kB
dist/assets/capacity-Ds6UEOAy.js                               7.42 kB │ gzip:   2.39 kB
dist/assets/goalDemand-D08UaGkg.js                             7.46 kB │ gzip:   2.54 kB
dist/assets/realizationSurface-QOoX5-Zx.js                     7.93 kB │ gzip:   2.57 kB
dist/assets/compositionSurface-CIo7srte.js                     8.40 kB │ gzip:   2.94 kB
dist/assets/GoalRecordedInspection-BUBP7IoX.js                 8.61 kB │ gzip:   3.32 kB
dist/assets/goalStructureSurface-Cc8hzHiq.js                   8.78 kB │ gzip:   2.69 kB
dist/assets/acceptedPlanningEvidenceQuery-K-in4DGp.js          8.90 kB │ gzip:   2.67 kB
dist/assets/goalStructure-BJZ06REk.js                          9.06 kB │ gzip:   2.71 kB
dist/assets/plannerReviewPresentation-4JLbNK0Y.js              9.23 kB │ gzip:   3.06 kB
dist/assets/deriveFoundationalSchedule-_ekold0Z.js             9.33 kB │ gzip:   3.28 kB
dist/assets/SleepRequirementSection-Bbwdw4V-.js                9.64 kB │ gzip:   3.23 kB
dist/assets/goalPlanningSurface-Dm7FQeBj.js                   10.07 kB │ gzip:   3.03 kB
dist/assets/commitmentComposition-l--F6Y1E.js                 10.79 kB │ gzip:   3.64 kB
dist/assets/queryMonthlyPlanner-DIdj6Lwx.js                   10.83 kB │ gzip:   3.79 kB
dist/assets/demandResourceFootprint-D-PX6_7S.js               11.31 kB │ gzip:   3.36 kB
dist/assets/materializePlanPublication-B_81zzqW.js            12.32 kB │ gzip:   3.64 kB
dist/assets/ScheduleReviewPanel-G2wJwcY2.js                   12.33 kB │ gzip:   3.99 kB
dist/assets/proposalSurface-CJ8UGvL2.js                       12.66 kB │ gzip:   4.13 kB
dist/assets/AcceptedPlanningSummary-BGtY7OmO.js               12.91 kB │ gzip:   3.70 kB
dist/assets/proposal-DoyXw1tY.js                              13.85 kB │ gzip:   4.06 kB
dist/assets/GoalAcceptedPlanningSection-X_D1NtIt.js           15.19 kB │ gzip:   4.71 kB
dist/assets/DayWorksurface-CKd7-E7E.js                        15.58 kB │ gzip:   4.85 kB
dist/assets/resolveRequiredSleep-DVGfKrre.js                  18.42 kB │ gzip:   5.75 kB
dist/assets/HistoricalIntelligenceSummary-B3avI3Qm.js         18.79 kB │ gzip:   5.04 kB
dist/assets/GoalActivitySummary-oKgn_DG7.js                   19.56 kB │ gzip:   5.65 kB
dist/assets/MonthlyPlannerSurface-Ce6uwxDA.js                 19.56 kB │ gzip:   5.48 kB
dist/assets/GoalStructureSection-DLGn8UJZ.js                  20.24 kB │ gzip:   6.44 kB
dist/assets/GoalPlanningSection-DPzmAbel.js                   22.79 kB │ gzip:   7.18 kB
dist/assets/PreviewScreen-1FlgTcNn.js                         23.37 kB │ gzip:   6.03 kB
dist/assets/backupTransferSurface-C6nyQJbM.js                 23.85 kB │ gzip:   3.59 kB
dist/assets/dayFrameRestoreComposition-CPH3LHBL.js            34.76 kB │ gzip:   7.43 kB
dist/assets/GoalSection-BJQxUwxD.js                           36.24 kB │ gzip:   9.37 kB
dist/assets/SetupScreen-DJ3FG_Ld.js                           62.65 kB │ gzip:  13.25 kB
dist/assets/vendor-react-BiBT4RTg.js                         189.63 kB │ gzip:  59.64 kB
dist/assets/index-DAzAnxHG.js                                440.70 kB │ gzip: 105.46 kB

✓ built in 254ms
