file:///home/sid/Penn%20Digital%20Services/DayFrame/docs/implementation/phase-9/evidence/task-9.29-continuation-4/correction-browser-driver-RESULT.mjs:47
  throw Error(
        ^

Error: Timed out: document.body?.innerText.includes("Accepted choice removed and saved.")
DayFrame
Planner
Summary
Planner / Review Schedule
Back
Settings and data

LATEST SCHEDULE

No friction

September 27, 2026 · Generated Today at 1:21 PM

Open Review Schedule
Planning Range
September 27, 2026
Generated
Today at 1:21 PM
Visible Days
1
Friction
No friction
Sun
27
Planner
Calendar
My Schedule
Goals
Review Schedule
Selected day: 2026-09-26
Today
Review Schedule

Reviewing 2026-09-27 through 2026-09-27, including both dates.

Review start date
Review end date
Apply review period

Decisions and Build use saved planning information. Unrelated editor drafts are not saved by this review.

Refresh Schedule
Generation range and setup

Generation uses the saved generation range; changing the review period only changes what you inspect and build.

REVIEW WORKFLOW

Review readiness

2026-09-27 through 2026-09-27 (inclusive)

Refresh review
Planning data
complete
Preview coverage
covers
Preview freshness
current
Schedule conflicts
0
Accepted awaiting realization
0
Proposals
0
Ready to publish

This period satisfies the current derived publication-readiness policy. Publishing remains an explicit action.

Published history covers this period.

Decision recorded. Accepted work is scheduled. Refresh the schedule and review it before explicit publication.

Schedule published. This immutable historical record does not lock future schedule changes.

No actionable Proposal intersects this Review Scope.

Inspect accepted planning: Protected Sleep correction
Scheduled Goal work and resources
Goal work · Protected Sleep correction · 2026-09-27 · 4:30 AM - 5:30 AM
Support activity · Protected Sleep correction · 2026-09-27 · 5:30 AM - 6:00 AM
Protected Buffer — not an activity · Protected Sleep correction · 2026-09-27 · 6:00 AM - 6:15 AM

Accepted work has been scheduled. Publication remains a separate action.

Conflicts and corrective decisions

Try one exact occurrence, inspect the result, then explicitly accept. Similar conflicts are separate decisions.

Filter conflicts by subject
Filter conflicts by day

0 matching conflict groups. Filters do not change acceptance or Build scope.

Conflicts, corrections and schedule detail
Review one user-day

This detail filter does not change the Build period.

Open Daily Planner for 2026-09-27Show generated period detail
Schedule details

Review planned geometry for the selected user-day and try bounded resolution options when something conflicts.

Accepted and saved. Its replay result is unavailable.

Accepted choices (2)
Place required Sleep at 2026-09-27T07:00:00.000Z (revoked)

Sleep on 2026-09-27

Status: Revoked — Sleep remains required

Revoke
Place required Sleep at 2026-09-27T11:45:00.000Z

Sleep on 2026-09-27

Status: Applied

Revoke
Summary
Planning Window
September 27, 2026
Generated
Today at 1:21 PM
Revised
Not revised yet
Needs attention
0 total, 0 critical, 0 warning, 0 infoWork-dependent activities skipped: 0
Sunday, 2026-09-27
Add Event
Day Visualizer

A read-only view across this 24-hour user-day.

12:00 AM
1:00 AM
2:00 AM
3:00 AM
4:00 AM
5:00 AM
6:00 AM
7:00 AM
8:00 AM
9:00 AM
10:00 AM
11:00 AM
12:00 PM
1:00 PM
2:00 PM
3:00 PM
4:00 PM
5:00 PM
6:00 PM
7:00 PM
8:00 PM
9:00 PM
10:00 PM
11:00 PM
Early appointment
1:30 AM - 4:30 AM
Day
12:00 PM - 1:00 PM
Routine
2:15 PM - 3:15 PM
Manual Events
Early appointment 1:30 AM - 4:30 AM (Manual event)Edit Event
Work
Day 12:00 PM - 1:00 PMEdit Work
Scheduled
Routine 2:15 PM - 3:15 PM (Priority 2)Edit Commitment
Plan attention — Unplaced

No unplaced commitments.

Needs attention

No schedule conflicts detected.

Build this Schedule

Records immutable schedule evidence for later reporting for 2026-09-27 through 2026-09-27. This does not accept offers, schedule missing work, or save editor drafts.

Saved schedule: current; coverage: covers. Required Sleep and source protection are included in the canonical readiness above.

Build this Schedule: 2026-09-27–2026-09-27
Open built day: 2026-09-27
    at until (file:///home/sid/Penn%20Digital%20Services/DayFrame/docs/implementation/phase-9/evidence/task-9.29-continuation-4/correction-browser-driver-RESULT.mjs:47:9)
    at async file:///home/sid/Penn%20Digital%20Services/DayFrame/docs/implementation/phase-9/evidence/task-9.29-continuation-4/correction-browser-driver-RESULT.mjs:215:312

Node.js v22.19.0
