npm notice run dayframe@0.1.0 build
npm notice run tsc --noEmit && vite build
vite v8.0.10 building client environment for production...
[2Ktransforming...✓ 218 modules transformed.
rendering chunks...
computing gzip size...
dist/index.html                                                1.00 kB │ gzip:   0.42 kB
dist/.vite/manifest.json                                      24.67 kB │ gzip:   3.05 kB
dist/assets/index-BR_hT50L.css                                37.02 kB │ gzip:   6.93 kB
dist/assets/dayFrameRuntimeAuthority-xpXPkD2o.js               0.10 kB │ gzip:   0.12 kB
dist/assets/useGoalEditingState-BkEHYafW.js                    0.17 kB │ gzip:   0.16 kB
dist/assets/rolldown-runtime-9SAPJn0b.js                       0.22 kB │ gzip:   0.19 kB
dist/assets/capacityFingerprint-D6Kh-Up0.js                    0.38 kB │ gzip:   0.29 kB
dist/assets/evidence-B97j-CtL.js                               0.40 kB │ gzip:   0.29 kB
dist/assets/DurationFields-DIqUCaEm.js                         0.72 kB │ gzip:   0.39 kB
dist/assets/userDay-BjAk0cL3.js                                0.78 kB │ gzip:   0.41 kB
dist/assets/publicationEligibility-CqzZKq3R.js                 0.83 kB │ gzip:   0.38 kB
dist/assets/dayFrameBackupV10-DWqP4Ria.js                      1.13 kB │ gzip:   0.58 kB
dist/assets/reviewScope-Di-6Uor9.js                            1.29 kB │ gzip:   0.63 kB
dist/assets/dayFrameBackupV9-C9K2sGjS.js                       1.38 kB │ gzip:   0.70 kB
dist/assets/productEvidenceSources-C45jmqFR.js                 1.49 kB │ gzip:   0.69 kB
dist/assets/dayFrameBackupV13-_tBkRS6H.js                      1.69 kB │ gzip:   0.75 kB
dist/assets/dayFrameBackupV12-j-5D3nob.js                      1.70 kB │ gzip:   0.79 kB
dist/assets/dayFrameBackupV8-BAe4DP3A.js                       1.77 kB │ gzip:   0.78 kB
dist/assets/dayFrameBackupV14-BeiwelFo.js                      1.77 kB │ gzip:   0.77 kB
dist/assets/dayFrameBackupV11-lCj_2qlN.js                      1.78 kB │ gzip:   0.78 kB
dist/assets/schedulingRealization-CGV5iu90.js                  1.81 kB │ gzip:   0.81 kB
dist/assets/todayQuery-TI6_kXdk.js                             1.82 kB │ gzip:   0.78 kB
dist/assets/sleepExecutionCommand-CqXrN2Pt.js                  2.00 kB │ gzip:   0.86 kB
dist/assets/schedulePublication-CI6e0XKu.js                    2.08 kB │ gzip:   0.85 kB
dist/assets/MyScheduleSurface-BI2QUrO7.js                      2.52 kB │ gzip:   1.03 kB
dist/assets/sleepHistoryQuery-B0xArsM7.js                      2.89 kB │ gzip:   1.18 kB
dist/assets/allocationSurface-BppxRwq_.js                      2.93 kB │ gzip:   0.90 kB
dist/assets/capacitySurface-BARTkpsU.js                        3.04 kB │ gzip:   1.29 kB
dist/assets/goalDemandProjectionQuery-Dte0TENd.js              3.24 kB │ gzip:   1.22 kB
dist/assets/planningResultCopy-C4MdIE1l.js                     3.52 kB │ gzip:   1.43 kB
dist/assets/acceptedAllocationRealization-BzZIzCIr.js          3.54 kB │ gzip:   1.35 kB
dist/assets/planningFoundation-CgQlDBzu.js                     3.72 kB │ gzip:   1.48 kB
dist/assets/acceptedPlanningSummaryPresentation-9tMOq_HU.js    3.83 kB │ gzip:   1.51 kB
dist/assets/dayFrameBackupV7-CTljOL6A.js                       3.86 kB │ gzip:   0.97 kB
dist/assets/sleepRequirement-BF3kSIge.js                       4.03 kB │ gzip:   1.64 kB
dist/assets/buildTodayReadModel-BSnCmv-c.js                    4.13 kB │ gzip:   1.51 kB
dist/assets/competingDemand-Dg_vB8g9.js                        4.21 kB │ gzip:   1.54 kB
dist/assets/completionDistribution-exv8ykQE.js                 4.24 kB │ gzip:   1.63 kB
dist/assets/planningScopeQuery-B5Owk85n.js                     4.51 kB │ gzip:   1.76 kB
dist/assets/goalStructureTemporal-xx7nQVTk.js                  4.73 kB │ gzip:   1.72 kB
dist/assets/plannerReviewPresentation-DiqGRPx_.js              4.79 kB │ gzip:   1.64 kB
dist/assets/goalActivity-DHPd4Ddq.js                           4.94 kB │ gzip:   1.89 kB
dist/assets/realizationSurface-BtNZxujx.js                     4.99 kB │ gzip:   1.62 kB
dist/assets/goalFeasibility-COE92OMt.js                        5.66 kB │ gzip:   2.03 kB
dist/assets/DayOutcomeControl-BRqz7hgA.js                      5.97 kB │ gzip:   2.16 kB
dist/assets/LegacySleepConversionSection-opkfLF_b.js           6.55 kB │ gzip:   2.29 kB
dist/assets/dayFrameDurableDb-5Oy7RcIX.js                      6.58 kB │ gzip:   2.27 kB
dist/assets/selectedDayEvidenceQuery-C-Dlv8lL.js               7.28 kB │ gzip:   2.55 kB
dist/assets/allocation-CmTy9Bsn.js                             7.36 kB │ gzip:   2.54 kB
dist/assets/legacySleepConversion-DnA6Ji51.js                  7.37 kB │ gzip:   2.71 kB
dist/assets/capacity-DdKr2_4U.js                               7.42 kB │ gzip:   2.39 kB
dist/assets/goalDemand-LRHgHspH.js                             7.46 kB │ gzip:   2.54 kB
dist/assets/compositionSurface-B1EeQ07W.js                     8.27 kB │ gzip:   2.89 kB
dist/assets/deriveFoundationalSchedule-BvUrcTqD.js             8.30 kB │ gzip:   2.97 kB
dist/assets/goalStructureSurface-aAIr8qG7.js                   8.78 kB │ gzip:   2.70 kB
dist/assets/acceptedPlanningEvidenceQuery-DjZnQJBa.js          8.90 kB │ gzip:   2.67 kB
dist/assets/proposalSurface-DlIyO71X.js                        9.03 kB │ gzip:   3.02 kB
dist/assets/goalStructure-COkZslg3.js                          9.06 kB │ gzip:   2.71 kB
dist/assets/SleepRequirementSection-CSLK2t0D.js                9.56 kB │ gzip:   3.18 kB
dist/assets/goalPlanningSurface-Daa4jBKi.js                    9.99 kB │ gzip:   2.99 kB
dist/assets/commitmentComposition-B80YlkU1.js                 10.79 kB │ gzip:   3.64 kB
dist/assets/queryMonthlyPlanner-DDS0ci5s.js                   10.83 kB │ gzip:   3.79 kB
dist/assets/demandResourceFootprint-jXx85mNI.js               11.31 kB │ gzip:   3.36 kB
dist/assets/materializePlanPublication-CTyTyTta.js            12.32 kB │ gzip:   3.61 kB
dist/assets/ScheduleReviewPanel-DqCrwZfZ.js                   12.84 kB │ gzip:   4.04 kB
dist/assets/AcceptedPlanningSummary-BNbFmd3r.js               12.91 kB │ gzip:   3.70 kB
dist/assets/proposal-UynMOWZX.js                              13.85 kB │ gzip:   4.06 kB
dist/assets/GoalAcceptedPlanningSection-CLMQwLbX.js           15.19 kB │ gzip:   4.71 kB
dist/assets/DayWorksurface-mqLQpiFt.js                        15.58 kB │ gzip:   4.85 kB
dist/assets/resolveRequiredSleep-DSNdob7i.js                  18.42 kB │ gzip:   5.75 kB
dist/assets/MonthlyPlannerSurface-rWiZFxOl.js                 19.20 kB │ gzip:   5.33 kB
dist/assets/GoalStructureSection-CszNdGim.js                  20.24 kB │ gzip:   6.45 kB
dist/assets/GoalPlanningSection-BBSqXoVf.js                   22.61 kB │ gzip:   7.11 kB
dist/assets/PreviewScreen-B65RvlDU.js                         23.37 kB │ gzip:   6.03 kB
dist/assets/backupTransferSurface-Bl5gPGPt.js                 23.73 kB │ gzip:   3.55 kB
dist/assets/dayFrameRestoreComposition-Cd7DuKSR.js            34.57 kB │ gzip:   7.36 kB
dist/assets/HistoricalIntelligenceSummary-DR54eVTk.js         35.72 kB │ gzip:   8.47 kB
dist/assets/GoalSection-idMa5Ywz.js                           35.79 kB │ gzip:   9.22 kB
dist/assets/SetupScreen-DHkGWFJy.js                           62.65 kB │ gzip:  13.25 kB
dist/assets/vendor-react-BiBT4RTg.js                         189.63 kB │ gzip:  59.64 kB
dist/assets/index-BYhTIWJs.js                                424.27 kB │ gzip: 100.75 kB

✓ built in 380ms
