node:internal/deps/undici/undici:13510
      Error.captureStackTrace(err);
            ^

TypeError: fetch failed
    at node:internal/deps/undici/undici:13510:13
    at process.processTicksAndRejections (node:internal/process/task_queues:105:5)
    at async file:///home/sid/Penn%20Digital%20Services/DayFrame/docs/implementation/phase-9/evidence/task-9.29.7/browser-driver-RESULT.mjs:11:24 {
  [cause]: Error: connect EPERM 127.0.0.1:9348 - Local (undefined:undefined)
      at internalConnect (node:net:1110:16)
      at defaultTriggerAsyncIdScope (node:internal/async_hooks:464:18)
      at node:net:1356:9
      at process.processTicksAndRejections (node:internal/process/task_queues:85:11) {
    errno: -1,
    code: 'EPERM',
    syscall: 'connect',
    address: '127.0.0.1',
    port: 9348
  }
}

Node.js v22.19.0
