
> dayframe@0.1.0 test
> vitest run src/state/omissionPublication.test.ts src/core/execution/tests/historicalExecutionTarget.test.ts src/core/historicalPlan/materializePlanPublication.test.ts src/core/decisions/replayPlanDecisions.test.ts --maxWorkers=1


 RUN  v4.1.5 /home/sid/Penn Digital Services/DayFrame/code

 ❯ src/state/omissionPublication.test.ts (17 tests | 3 failed) 4656ms
   × publishes the real accepted omission exactly once without occupancy or execution inference 949ms
   × does not retarget a deleted or recreated source or a removed recurrence 131ms
   × removal invalidates the old Review and only changes future generation, preserving published omission 582ms

⎯⎯⎯⎯⎯⎯⎯ Failed Tests 3 ⎯⎯⎯⎯⎯⎯⎯

 FAIL  src/state/omissionPublication.test.ts > publishes the real accepted omission exactly once without occupancy or execution inference
AssertionError: expected { version: 2, …(7) } to match object { …(4) }
(4 matching properties omitted from actual)

- Expected
+ Received

@@ -19,9 +19,9 @@
        "incarnationId": "b19b57cd-8cd0-48e7-8884-d52258fcf819",
      },
      "version": 1,
    },
    "timing": {
-     "kind": "unavailable",
+     "kind": "timed",
    },
    "title": "Routine",
  }

 ❯ src/state/omissionPublication.test.ts:46:23
     44|   const entries=stored.batches[0]!.days[0]!.occurrences;
     45|   const omission=entries.filter(x=>x.plan.state==="omitted");expect(om…
     46|   expect(omission[0]).toMatchObject({reference:decision.target,title:"…
       |                       ^
     47|   expect(Object.keys(omission[0]!.plan)).toEqual(["state"]);
     48|   expect(entries.filter(x=>x.version===3)).toHaveLength(3);

⎯⎯⎯⎯⎯⎯⎯⎯⎯⎯⎯⎯⎯⎯⎯⎯⎯⎯⎯⎯⎯⎯⎯⎯[1/3]⎯

 FAIL  src/state/omissionPublication.test.ts > does not retarget a deleted or recreated source or a removed recurrence
TypeError: Cannot read properties of undefined (reading 'status')
 ❯ src/state/omissionPublication.test.ts:93:65
     91|   expect(target().status).toBe("lifetimeMismatch");
     92|   f.generate();expect(f.store.getState().preview!.result.omissionEvide…
     93|   expect(f.store.getState().preview!.result.planDecisionResults[0]!.st…
       |                                                                 ^
     94|   expect(f.counts().transactions).toBe(0);
     95| });

⎯⎯⎯⎯⎯⎯⎯⎯⎯⎯⎯⎯⎯⎯⎯⎯⎯⎯⎯⎯⎯⎯⎯⎯[2/3]⎯

 FAIL  src/state/omissionPublication.test.ts > removal invalidates the old Review and only changes future generation, preserving published omission
AssertionError: expected 'rejected' to be 'published' // Object.is equality

Expected: "published"
Received: "rejected"

 ❯ src/state/omissionPublication.test.ts:125:61
    123|   f.store.setManualEvents([]);f.generate();
    124|   const next=await f.command();next.publishedAt="2026-09-16T12:01:00.0…
    125|   expect((await f.store.publishScheduleRange(next)).status).toBe("publ…
       |                                                             ^
    126|   const current=await f.history.exportHistoricalPlan();if(current.stat…
    127|   expect(current.batches[0]).toEqual(history.batches[0]);expect(curren…

⎯⎯⎯⎯⎯⎯⎯⎯⎯⎯⎯⎯⎯⎯⎯⎯⎯⎯⎯⎯⎯⎯⎯⎯[3/3]⎯


 Test Files  1 failed | 3 passed (4)
      Tests  3 failed | 39 passed (42)
   Start at  21:45:39
   Duration  6.64s (transform 1.06s, setup 0ms, import 1.29s, tests 4.81s, environment 0ms)

