
> dayframe@0.1.0 build
> tsc --noEmit && vite build

vite v8.0.10 building client environment for production...
[2Ktransforming...✓ 231 modules transformed.
rendering chunks...
computing gzip size...
dist/index.html                                                1.18 kB │ gzip:   0.47 kB
dist/.vite/manifest.json                                      27.21 kB │ gzip:   3.31 kB
dist/assets/index-CRhQ-PuB.css                                37.64 kB │ gzip:   7.03 kB
dist/assets/publicationReceipt-BWttTpMK.js                     0.08 kB │ gzip:   0.09 kB
dist/assets/dayFrameRuntimeAuthority-C8FwZEVm.js               0.10 kB │ gzip:   0.12 kB
dist/assets/useGoalEditingState-D4heSRcz.js                    0.17 kB │ gzip:   0.16 kB
dist/assets/sourceObservation-DZWfJVi7.js                      0.19 kB │ gzip:   0.15 kB
dist/assets/rolldown-runtime-9SAPJn0b.js                       0.22 kB │ gzip:   0.19 kB
dist/assets/capacityFingerprint-D6Kh-Up0.js                    0.38 kB │ gzip:   0.29 kB
dist/assets/evidence--dZ6bWPj.js                               0.41 kB │ gzip:   0.30 kB
dist/assets/useGoalPresentationState-z41jZEIL.js               0.47 kB │ gzip:   0.32 kB
dist/assets/DurationFields-CB5phFLX.js                         0.72 kB │ gzip:   0.39 kB
dist/assets/acceptancePersistence-B-q-bE6W.js                  0.98 kB │ gzip:   0.50 kB
dist/assets/dayFrameBackupV10-BvzhBm6W.js                      1.13 kB │ gzip:   0.58 kB
dist/assets/publicationEligibility-DuaCq6Qt.js                 1.29 kB │ gzip:   0.52 kB
dist/assets/reviewScope-CRdlRI92.js                            1.32 kB │ gzip:   0.65 kB
dist/assets/dayFrameBackupV9-D0B6-Quc.js                       1.38 kB │ gzip:   0.70 kB
dist/assets/productEvidenceSources-bu8C2TJt.js                 1.49 kB │ gzip:   0.69 kB
dist/assets/dayFrameBackupV13-6GnVZKzH.js                      1.69 kB │ gzip:   0.75 kB
dist/assets/dayFrameBackupV12-BYYjaVOg.js                      1.70 kB │ gzip:   0.79 kB
dist/assets/schedulingRealization-7viEvtKT.js                  1.75 kB │ gzip:   0.77 kB
dist/assets/dayFrameBackupV8-Dee618Hl.js                       1.77 kB │ gzip:   0.78 kB
dist/assets/dayFrameBackupV14-ehv4yLQI.js                      1.77 kB │ gzip:   0.76 kB
dist/assets/dayFrameBackupV11--b3bt074.js                      1.78 kB │ gzip:   0.78 kB
dist/assets/todayQuery-Be6aqzWZ.js                             1.82 kB │ gzip:   0.79 kB
dist/assets/sleepExecutionCommand-ClPX2qWI.js                  2.00 kB │ gzip:   0.86 kB
dist/assets/MyScheduleSurface-Cgwio-ux.js                      2.53 kB │ gzip:   1.03 kB
dist/assets/capacitySurface-BB1H-c0U.js                        2.76 kB │ gzip:   1.17 kB
dist/assets/sleepHistoryQuery-BjUY14AR.js                      2.89 kB │ gzip:   1.18 kB
dist/assets/allocationSurface-BT9V-urk.js                      2.93 kB │ gzip:   0.90 kB
dist/assets/schedulePublication-hpVkmImx.js                    3.12 kB │ gzip:   1.17 kB
dist/assets/goalDemandProjectionQuery-C4Eq_ri-.js              3.29 kB │ gzip:   1.24 kB
dist/assets/acceptedAllocationRealization-CdPAofG-.js          3.54 kB │ gzip:   1.35 kB
dist/assets/planningFoundation-WqVZA7E-.js                     3.72 kB │ gzip:   1.48 kB
dist/assets/acceptedPlanningSummaryPresentation-BPAfgzV-.js    3.83 kB │ gzip:   1.51 kB
dist/assets/dayFrameBackupV7-C2cbj-cj.js                       3.86 kB │ gzip:   0.92 kB
dist/assets/sleepRequirement-BF3kSIge.js                       4.03 kB │ gzip:   1.64 kB
dist/assets/buildTodayReadModel-CSd2xv63.js                    4.13 kB │ gzip:   1.51 kB
dist/assets/competingDemand-Te6OCPQc.js                        4.21 kB │ gzip:   1.54 kB
dist/assets/completionDistribution-jATGW5hO.js                 4.36 kB │ gzip:   1.70 kB
dist/assets/planningResultCopy-C4xNy7oX.js                     4.37 kB │ gzip:   1.72 kB
dist/assets/goalStructureTemporal-CT91Gi9G.js                  4.73 kB │ gzip:   1.73 kB
dist/assets/goalActivity-Qo8_HbEO.js                           4.87 kB │ gzip:   1.86 kB
dist/assets/reviewSourceQualification-BkRUt6A_.js              5.42 kB │ gzip:   1.76 kB
dist/assets/goalFeasibility-D6-RUdY4.js                        5.66 kB │ gzip:   2.03 kB
dist/assets/planningScopeQuery-D8L82RQX.js                     5.75 kB │ gzip:   2.16 kB
dist/assets/DayOutcomeControl-CBFVVAGV.js                      5.97 kB │ gzip:   2.16 kB
dist/assets/canonicalUserDay-C0k2LI0Q.js                       6.05 kB │ gzip:   1.94 kB
dist/assets/LegacySleepConversionSection-BoWA0Bz1.js           6.56 kB │ gzip:   2.29 kB
dist/assets/dayFrameDurableDb-DcuK9h2j.js                      6.69 kB │ gzip:   2.32 kB
dist/assets/selectedDayEvidenceQuery-nBiHMD99.js               7.32 kB │ gzip:   2.57 kB
dist/assets/allocation-Co3NPcgx.js                             7.36 kB │ gzip:   2.54 kB
dist/assets/legacySleepConversion-CqfEOdhE.js                  7.41 kB │ gzip:   2.72 kB
dist/assets/capacity-DjH6vulH.js                               7.42 kB │ gzip:   2.37 kB
dist/assets/goalDemand-t_qucuyF.js                             7.46 kB │ gzip:   2.54 kB
dist/assets/realizationSurface-CxwTYwzr.js                     7.93 kB │ gzip:   2.57 kB
dist/assets/compositionSurface-HEEmJCo_.js                     8.41 kB │ gzip:   2.94 kB
dist/assets/GoalRecordedInspection-C9qWLRQn.js                 8.61 kB │ gzip:   3.32 kB
dist/assets/goalStructureSurface-lXX9kEbj.js                   8.78 kB │ gzip:   2.70 kB
dist/assets/acceptedPlanningEvidenceQuery-BfhCl5aw.js          8.94 kB │ gzip:   2.69 kB
dist/assets/goalStructure-K80x37Lo.js                          9.06 kB │ gzip:   2.72 kB
dist/assets/deriveFoundationalSchedule-DlkSGpnL.js             9.38 kB │ gzip:   3.30 kB
dist/assets/SleepRequirementSection-BQQrKeBK.js                9.66 kB │ gzip:   3.24 kB
dist/assets/plannerReviewPresentation-Dzdso26W.js              9.73 kB │ gzip:   3.17 kB
dist/assets/goalPlanningSurface-D31m_f7G.js                   10.08 kB │ gzip:   3.04 kB
dist/assets/commitmentComposition-l--F6Y1E.js                 10.79 kB │ gzip:   3.64 kB
dist/assets/queryMonthlyPlanner-tFv1FAT9.js                   10.80 kB │ gzip:   3.78 kB
dist/assets/demandResourceFootprint-aXeLgj0R.js               11.31 kB │ gzip:   3.36 kB
dist/assets/proposalSurface-Dkq9GFd-.js                       12.66 kB │ gzip:   4.13 kB
dist/assets/AcceptedPlanningSummary-C7gvXcUm.js               12.92 kB │ gzip:   3.70 kB
dist/assets/materializePlanPublication-LO8JLdBX.js            13.07 kB │ gzip:   3.82 kB
dist/assets/proposal-DoyXw1tY.js                              13.85 kB │ gzip:   4.06 kB
dist/assets/GoalAcceptedPlanningSection-Dq4ye5l9.js           15.29 kB │ gzip:   4.75 kB
dist/assets/DayWorksurface-Cjsapj1k.js                        15.58 kB │ gzip:   4.86 kB
dist/assets/resolveRequiredSleep-BPDi_AZE.js                  18.43 kB │ gzip:   5.74 kB
dist/assets/HistoricalIntelligenceSummary-qEutzrJl.js         18.82 kB │ gzip:   5.05 kB
dist/assets/GoalActivitySummary-BBwRGHrR.js                   19.56 kB │ gzip:   5.65 kB
dist/assets/MonthlyPlannerSurface-46hsa__N.js                 19.86 kB │ gzip:   5.55 kB
dist/assets/GoalStructureSection-DLGn8UJZ.js                  20.24 kB │ gzip:   6.44 kB
dist/assets/GoalPlanningSection-DqqEPhfW.js                   22.83 kB │ gzip:   7.20 kB
dist/assets/backupTransferSurface-DKf4elkS.js                 23.86 kB │ gzip:   3.60 kB
dist/assets/dayFrameRestoreComposition-C4dlJLBV.js            34.77 kB │ gzip:   7.43 kB
dist/assets/GoalSection-jMf2fnum.js                           36.24 kB │ gzip:   9.36 kB
dist/assets/ScheduleReviewWorkspace-B8TkR594.js               55.49 kB │ gzip:  14.42 kB
dist/assets/SetupScreen-DQcAecT6.js                           62.70 kB │ gzip:  13.28 kB
dist/assets/vendor-react-BiBT4RTg.js                         189.63 kB │ gzip:  59.64 kB
dist/assets/index-DHAJXPCz.js                                434.87 kB │ gzip: 104.20 kB

✓ built in 271ms
