
 RUN  v4.1.5 /home/sid/Penn Digital Services/DayFrame/code

 ❯ src/state/omissionPublication.test.ts (17 tests | 1 failed | 16 skipped) 665ms
   × removal invalidates the old Review and only changes future generation, preserving published omission 664ms

⎯⎯⎯⎯⎯⎯⎯ Failed Tests 1 ⎯⎯⎯⎯⎯⎯⎯

 FAIL  src/state/omissionPublication.test.ts > removal invalidates the old Review and only changes future generation, preserving published omission
AssertionError: expected [ { …(15) } ] to deeply equal []

- Expected
+ Received

- []
+ [
+   {
+     "affectedBlockIds": [
+       "candidate_routine_daily_2026-09-17",
+     ],
+     "affectedUserDayDate": "2026-09-17",
+     "affectedUserWeekStartDate": "2026-09-14",
+     "canIgnore": true,
+     "createdAt": "2026-09-16T12:00:00.000Z",
+     "id": "friction_unplaced_candidate_routine_daily_2026-09-17",
+     "ignored": false,
+     "kind": "unplaced",
+     "message": "Routine did not receive a valid draft placement in this planning window.",
+     "resolved": false,
+     "severity": "warning",
+     "suggestedFixes": [
+       {
+         "action": "moveBlock",
+         "id": "fix_move_candidate_routine_daily_2026-09-17",
+         "label": "Move block",
+       },
+       {
+         "action": "skipBlock",
+         "id": "fix_skip_candidate_routine_daily_2026-09-17",
+         "label": "Skip block",
+       },
+       {
+         "action": "acceptConflict",
+         "id": "fix_accept_candidate_routine_daily_2026-09-17",
+         "label": "Accept conflict",
+       },
+     ],
+     "title": "Routine could not be placed",
+     "updatedAt": "2026-09-16T12:00:00.000Z",
+     "userId": "u",
+   },
+ ]

 ❯ src/state/omissionPublication.test.ts:124:61
    122|   expect(await f.history.exportHistoricalPlan()).toEqual(history);
    123|   f.store.setManualEvents([]);f.generate();
    124|   expect(f.store.getState().preview!.result.frictionPoints).toEqual([]…
       |                                                             ^
    125|   const next=await f.command();next.publishedAt="2026-09-16T12:01:00.0…
    126|   next.expectedSourceFingerprint=(await f.store.queryPlanningReview({.…

⎯⎯⎯⎯⎯⎯⎯⎯⎯⎯⎯⎯⎯⎯⎯⎯⎯⎯⎯⎯⎯⎯⎯⎯[1/1]⎯


 Test Files  1 failed (1)
      Tests  1 failed | 16 skipped (17)
   Start at  21:51:12
   Duration  1.61s (transform 855ms, setup 0ms, import 810ms, tests 665ms, environment 0ms)

