
 RUN  v4.1.5 /home/sid/Penn Digital Services/DayFrame/code

 ❯ src/state/omissionPublication.test.ts (17 tests | 1 failed) 2877ms
   × removal invalidates the old Review and only changes future generation, preserving published omission 230ms

⎯⎯⎯⎯⎯⎯⎯ Failed Tests 1 ⎯⎯⎯⎯⎯⎯⎯

 FAIL  src/state/omissionPublication.test.ts > removal invalidates the old Review and only changes future generation, preserving published omission
AssertionError: {"status":"rejected","reason":"frictionUnresolved"}: expected { status: 'rejected', …(2) } to match object { status: 'published' }
(1 matching property omitted from actual)

- Expected
+ Received

  {
-   "status": "published",
+   "status": "rejected",
  }

 ❯ src/state/omissionPublication.test.ts:126:104
    124|   const next=await f.command();next.publishedAt="2026-09-16T12:01:00.0…
    125|   next.expectedSourceFingerprint=(await f.store.queryPlanningReview({.…
    126|   const published=await f.store.publishScheduleRange(next);expect(publ…
       |                                                                                                        ^
    127|   const current=await f.history.exportHistoricalPlan();if(current.stat…
    128|   expect(current.batches[0]).toEqual(history.batches[0]);expect(curren…

⎯⎯⎯⎯⎯⎯⎯⎯⎯⎯⎯⎯⎯⎯⎯⎯⎯⎯⎯⎯⎯⎯⎯⎯[1/1]⎯


 Test Files  1 failed | 1 passed (2)
      Tests  1 failed | 17 passed (18)
   Start at  21:50:49
   Duration  6.75s (transform 2.14s, setup 0ms, import 2.20s, tests 3.91s, environment 456ms)

