npm notice run dayframe@0.1.0 build
npm notice run tsc --noEmit && vite build
vite v8.0.10 building client environment for production...
[2Ktransforming...✓ 223 modules transformed.
rendering chunks...
computing gzip size...
dist/index.html                                                1.09 kB │ gzip:   0.44 kB
dist/.vite/manifest.json                                      26.15 kB │ gzip:   3.25 kB
dist/assets/index-D5PviTJe.css                                37.62 kB │ gzip:   7.03 kB
dist/assets/publicationReceipt-eQQQgln4.js                     0.08 kB │ gzip:   0.09 kB
dist/assets/dayFrameRuntimeAuthority-xpXPkD2o.js               0.10 kB │ gzip:   0.12 kB
dist/assets/useGoalEditingState-BR34lgll.js                    0.17 kB │ gzip:   0.16 kB
dist/assets/rolldown-runtime-9SAPJn0b.js                       0.22 kB │ gzip:   0.19 kB
dist/assets/capacityFingerprint-D6Kh-Up0.js                    0.38 kB │ gzip:   0.29 kB
dist/assets/evidence-BqUYGFnr.js                               0.40 kB │ gzip:   0.29 kB
dist/assets/useGoalPresentationState-C-AKZ17w.js               0.47 kB │ gzip:   0.32 kB
dist/assets/DurationFields-BU1nAfUr.js                         0.72 kB │ gzip:   0.39 kB
dist/assets/userDay-BjAk0cL3.js                                0.78 kB │ gzip:   0.41 kB
dist/assets/publicationEligibility-Bg8pk8Q7.js                 0.83 kB │ gzip:   0.38 kB
dist/assets/acceptancePersistence-de_50XU9.js                  0.98 kB │ gzip:   0.50 kB
dist/assets/dayFrameBackupV10-BhWI0Ucc.js                      1.13 kB │ gzip:   0.58 kB
dist/assets/reviewScope-Del5aqyC.js                            1.29 kB │ gzip:   0.63 kB
dist/assets/dayFrameBackupV9-DDvz3UKA.js                       1.38 kB │ gzip:   0.70 kB
dist/assets/productEvidenceSources-CWpzUUd2.js                 1.49 kB │ gzip:   0.69 kB
dist/assets/dayFrameBackupV13-tTzN56cv.js                      1.69 kB │ gzip:   0.75 kB
dist/assets/dayFrameBackupV12-DVh6AdMz.js                      1.70 kB │ gzip:   0.79 kB
dist/assets/schedulingRealization-DkJSBOBc.js                  1.75 kB │ gzip:   0.77 kB
dist/assets/dayFrameBackupV8-Cd7p-1d6.js                       1.77 kB │ gzip:   0.78 kB
dist/assets/dayFrameBackupV14-DN_Gpcm2.js                      1.77 kB │ gzip:   0.76 kB
dist/assets/dayFrameBackupV11-DCWd7VQQ.js                      1.78 kB │ gzip:   0.78 kB
dist/assets/todayQuery-BrSUyeXm.js                             1.82 kB │ gzip:   0.78 kB
dist/assets/sleepExecutionCommand-BzvCoHw3.js                  2.00 kB │ gzip:   0.86 kB
dist/assets/MyScheduleSurface-DCC891-p.js                      2.52 kB │ gzip:   1.03 kB
dist/assets/schedulePublication-L2NXFmcZ.js                    2.57 kB │ gzip:   0.99 kB
dist/assets/sleepHistoryQuery-DYq89wnY.js                      2.89 kB │ gzip:   1.18 kB
dist/assets/allocationSurface-CtMh7huz.js                      2.93 kB │ gzip:   0.90 kB
dist/assets/capacitySurface-DUv1x6Yz.js                        3.08 kB │ gzip:   1.31 kB
dist/assets/goalDemandProjectionQuery-D3HAsXQj.js              3.24 kB │ gzip:   1.22 kB
dist/assets/acceptedAllocationRealization-D5Atlf06.js          3.54 kB │ gzip:   1.35 kB
dist/assets/planningFoundation-BZFP8J3B.js                     3.72 kB │ gzip:   1.48 kB
dist/assets/acceptedPlanningSummaryPresentation-wfxrtj2q.js    3.83 kB │ gzip:   1.51 kB
dist/assets/dayFrameBackupV7-CZTbVeUW.js                       3.86 kB │ gzip:   0.97 kB
dist/assets/sleepRequirement-BF3kSIge.js                       4.03 kB │ gzip:   1.64 kB
dist/assets/buildTodayReadModel-Ccd1zl5c.js                    4.13 kB │ gzip:   1.51 kB
dist/assets/competingDemand-4IdlIbwo.js                        4.21 kB │ gzip:   1.54 kB
dist/assets/completionDistribution-PHQEOdJt.js                 4.36 kB │ gzip:   1.69 kB
dist/assets/planningResultCopy-CDx-otDr.js                     4.37 kB │ gzip:   1.72 kB
dist/assets/planningScopeQuery-C10BakHo.js                     4.51 kB │ gzip:   1.76 kB
dist/assets/goalStructureTemporal-vtIVMLlC.js                  4.73 kB │ gzip:   1.72 kB
dist/assets/plannerReviewPresentation-BtlbxJpV.js              4.79 kB │ gzip:   1.64 kB
dist/assets/goalActivity-ONSul1Vz.js                           4.87 kB │ gzip:   1.86 kB
dist/assets/goalFeasibility-Den7Hw7V.js                        5.66 kB │ gzip:   2.03 kB
dist/assets/DayOutcomeControl-DAWPwOy6.js                      5.97 kB │ gzip:   2.16 kB
dist/assets/LegacySleepConversionSection-tERqhYJn.js           6.55 kB │ gzip:   2.29 kB
dist/assets/dayFrameDurableDb-Dt7pkWWV.js                      6.69 kB │ gzip:   2.32 kB
dist/assets/selectedDayEvidenceQuery-BJfTQugF.js               7.28 kB │ gzip:   2.55 kB
dist/assets/allocation-DQWo4d6y.js                             7.36 kB │ gzip:   2.54 kB
dist/assets/legacySleepConversion-Dh-fOSTz.js                  7.37 kB │ gzip:   2.71 kB
dist/assets/capacity-ix43m6hv.js                               7.42 kB │ gzip:   2.39 kB
dist/assets/goalDemand-uis0tE2U.js                             7.46 kB │ gzip:   2.54 kB
dist/assets/realizationSurface-rBydBjs7.js                     7.65 kB │ gzip:   2.49 kB
dist/assets/compositionSurface-CB74uvLA.js                     8.27 kB │ gzip:   2.89 kB
dist/assets/GoalRecordedInspection-Dl8rKHhg.js                 8.61 kB │ gzip:   3.32 kB
dist/assets/goalStructureSurface-DC3FAZY1.js                   8.78 kB │ gzip:   2.70 kB
dist/assets/acceptedPlanningEvidenceQuery-B739rxmt.js          8.90 kB │ gzip:   2.69 kB
dist/assets/goalStructure-CdtifCCN.js                          9.06 kB │ gzip:   2.72 kB
dist/assets/deriveFoundationalSchedule-DDxWTRP0.js             9.33 kB │ gzip:   3.29 kB
dist/assets/SleepRequirementSection-CIemYOqa.js                9.60 kB │ gzip:   3.20 kB
dist/assets/goalPlanningSurface-vATsDvTh.js                   10.03 kB │ gzip:   3.01 kB
dist/assets/commitmentComposition-vn3W6WX3.js                 10.79 kB │ gzip:   3.64 kB
dist/assets/queryMonthlyPlanner-Dx6_Ne68.js                   10.83 kB │ gzip:   3.79 kB
dist/assets/demandResourceFootprint-BuTdMMDW.js               11.31 kB │ gzip:   3.36 kB
dist/assets/materializePlanPublication-MmtsBltl.js            12.32 kB │ gzip:   3.60 kB
dist/assets/proposalSurface-BK6ATTCw.js                       12.33 kB │ gzip:   4.03 kB
dist/assets/AcceptedPlanningSummary-CGOprhaq.js               12.91 kB │ gzip:   3.70 kB
dist/assets/proposal-CT93T8zS.js                              13.85 kB │ gzip:   4.06 kB
dist/assets/ScheduleReviewPanel-C9kQqFTt.js                   14.42 kB │ gzip:   4.51 kB
dist/assets/GoalAcceptedPlanningSection-C_6y26J-.js           15.19 kB │ gzip:   4.71 kB
dist/assets/DayWorksurface-Dp8wIn-o.js                        15.58 kB │ gzip:   4.85 kB
dist/assets/resolveRequiredSleep-BDcy5o3G.js                  18.42 kB │ gzip:   5.74 kB
dist/assets/HistoricalIntelligenceSummary-aWaHSokQ.js         18.79 kB │ gzip:   5.04 kB
dist/assets/MonthlyPlannerSurface-B3ye8J-g.js                 19.20 kB │ gzip:   5.34 kB
dist/assets/GoalActivitySummary-CiV3hktN.js                   19.56 kB │ gzip:   5.65 kB
dist/assets/GoalStructureSection-DQ98ymn4.js                  20.24 kB │ gzip:   6.44 kB
dist/assets/GoalPlanningSection-D2zXHg0l.js                   22.79 kB │ gzip:   7.18 kB
dist/assets/PreviewScreen-CtRIqTGq.js                         23.37 kB │ gzip:   6.03 kB
dist/assets/backupTransferSurface-BAax3ZlS.js                 23.79 kB │ gzip:   3.60 kB
dist/assets/dayFrameRestoreComposition-BVgtzqUx.js            34.72 kB │ gzip:   7.41 kB
dist/assets/GoalSection-D9tKGPqB.js                           36.24 kB │ gzip:   9.36 kB
dist/assets/SetupScreen-DVFHlEaQ.js                           62.65 kB │ gzip:  13.25 kB
dist/assets/vendor-react-BiBT4RTg.js                         189.63 kB │ gzip:  59.64 kB
dist/assets/index-DMHEgbFQ.js                                436.38 kB │ gzip: 104.29 kB

✓ built in 245ms
